[0.114s] DEBUG:colcon:Command line arguments: ['/usr/bin/colcon', 'build', '--symlink-install']
[0.114s] DEBUG:colcon:Parsed command line arguments: Namespace(log_base=None, log_level=None, verb_name='build', build_base='build', install_base='install', merge_install=False, symlink_install=True, test_result_base=None, continue_on_error=False, executor='parallel', parallel_workers=12, event_handlers=None, ignore_user_meta=False, metas=['./colcon.meta'], base_paths=['.'], packages_ignore=None, packages_ignore_regex=None, paths=None, packages_up_to=None, packages_up_to_regex=None, packages_above=None, packages_above_and_dependencies=None, packages_above_depth=None, packages_select_by_dep=None, packages_skip_by_dep=None, packages_skip_up_to=None, packages_select_build_failed=False, packages_skip_build_finished=False, packages_select_test_failures=False, packages_skip_test_passed=False, packages_select=None, packages_skip=None, packages_select_regex=None, packages_skip_regex=None, packages_start=None, packages_end=None, cmake_args=None, cmake_target=None, cmake_target_skip_unavailable=False, cmake_clean_cache=False, cmake_clean_first=False, cmake_force_configure=False, ament_cmake_args=None, catkin_cmake_args=None, catkin_skip_building_tests=False, mixin_files=None, mixin=None, verb_parser=<colcon_mixin.mixin.mixin_argument.MixinArgumentDecorator object at 0x7936b42e3880>, verb_extension=<colcon_core.verb.build.BuildVerb object at 0x7936b42e33d0>, main=<bound method BuildVerb.main of <colcon_core.verb.build.BuildVerb object at 0x7936b42e33d0>>, mixin_verb=('build',))
[0.252s] Level 1:colcon.colcon_core.package_discovery:discover_packages(colcon_meta) check parameters
[0.253s] INFO:colcon.colcon_metadata.package_discovery.colcon_meta:Using configuration from '/root/.colcon/metadata/default/Gazebo.meta'
[0.253s] INFO:colcon.colcon_metadata.package_discovery.colcon_meta:Using configuration from '/root/.colcon/metadata/default/fastdds.meta'
[0.253s] INFO:colcon.colcon_metadata.package_discovery.colcon_meta:Using configuration from '/root/.colcon/metadata/default/fastrtps.meta'
[0.254s] Level 1:colcon.colcon_core.package_discovery:discover_packages(recursive) check parameters
[0.254s] Level 1:colcon.colcon_core.package_discovery:discover_packages(ignore) check parameters
[0.254s] Level 1:colcon.colcon_core.package_discovery:discover_packages(path) check parameters
[0.254s] Level 1:colcon.colcon_core.package_discovery:discover_packages(colcon_meta) discover
[0.254s] Level 1:colcon.colcon_core.package_discovery:discover_packages(recursive) discover
[0.254s] INFO:colcon.colcon_core.package_discovery:Crawling recursively for packages in '/workspace/Rover'
[0.254s] Level 1:colcon.colcon_core.package_identification:_identify(.) by extensions ['ignore', 'ignore_ament_install']
[0.254s] Level 1:colcon.colcon_core.package_identification:_identify(.) by extension 'ignore'
[0.254s] Level 1:colcon.colcon_core.package_identification:_identify(.) by extension 'ignore_ament_install'
[0.254s] Level 1:colcon.colcon_core.package_identification:_identify(.) by extensions ['colcon_pkg']
[0.254s] Level 1:colcon.colcon_core.package_identification:_identify(.) by extension 'colcon_pkg'
[0.254s] Level 1:colcon.colcon_core.package_identification:_identify(.) by extensions ['colcon_meta']
[0.254s] Level 1:colcon.colcon_core.package_identification:_identify(.) by extension 'colcon_meta'
[0.254s] Level 1:colcon.colcon_core.package_identification:_identify(.) by extensions ['ros']
[0.254s] Level 1:colcon.colcon_core.package_identification:_identify(.) by extension 'ros'
[0.264s] Level 1:colcon.colcon_core.package_identification:_identify(.) by extensions ['cmake', 'python']
[0.265s] Level 1:colcon.colcon_core.package_identification:_identify(.) by extension 'cmake'
[0.265s] Level 1:colcon.colcon_core.package_identification:_identify(.) by extension 'python'
[0.265s] Level 1:colcon.colcon_core.package_identification:_identify(.) by extensions ['python_setup_py']
[0.265s] Level 1:colcon.colcon_core.package_identification:_identify(.) by extension 'python_setup_py'
[0.265s] Level 1:colcon.colcon_core.package_identification:_identify(build) by extensions ['ignore', 'ignore_ament_install']
[0.265s] Level 1:colcon.colcon_core.package_identification:_identify(build) by extension 'ignore'
[0.265s] Level 1:colcon.colcon_core.package_identification:_identify(build) ignored
[0.265s] Level 1:colcon.colcon_core.package_identification:_identify(install) by extensions ['ignore', 'ignore_ament_install']
[0.265s] Level 1:colcon.colcon_core.package_identification:_identify(install) by extension 'ignore'
[0.265s] Level 1:colcon.colcon_core.package_identification:_identify(install) ignored
[0.265s] Level 1:colcon.colcon_core.package_identification:_identify(log) by extensions ['ignore', 'ignore_ament_install']
[0.265s] Level 1:colcon.colcon_core.package_identification:_identify(log) by extension 'ignore'
[0.265s] Level 1:colcon.colcon_core.package_identification:_identify(log) ignored
[0.266s] Level 1:colcon.colcon_core.package_identification:_identify(models) by extensions ['ignore', 'ignore_ament_install']
[0.266s] Level 1:colcon.colcon_core.package_identification:_identify(models) by extension 'ignore'
[0.266s] Level 1:colcon.colcon_core.package_identification:_identify(models) by extension 'ignore_ament_install'
[0.266s] Level 1:colcon.colcon_core.package_identification:_identify(models) by extensions ['colcon_pkg']
[0.266s] Level 1:colcon.colcon_core.package_identification:_identify(models) by extension 'colcon_pkg'
[0.266s] Level 1:colcon.colcon_core.package_identification:_identify(models) by extensions ['colcon_meta']
[0.266s] Level 1:colcon.colcon_core.package_identification:_identify(models) by extension 'colcon_meta'
[0.266s] Level 1:colcon.colcon_core.package_identification:_identify(models) by extensions ['ros']
[0.266s] Level 1:colcon.colcon_core.package_identification:_identify(models) by extension 'ros'
[0.266s] Level 1:colcon.colcon_core.package_identification:_identify(models) by extensions ['cmake', 'python']
[0.266s] Level 1:colcon.colcon_core.package_identification:_identify(models) by extension 'cmake'
[0.266s] Level 1:colcon.colcon_core.package_identification:_identify(models) by extension 'python'
[0.266s] Level 1:colcon.colcon_core.package_identification:_identify(models) by extensions ['python_setup_py']
[0.266s] Level 1:colcon.colcon_core.package_identification:_identify(models) by extension 'python_setup_py'
[0.266s] Level 1:colcon.colcon_core.package_identification:_identify(models/Moon_60S_30S) by extensions ['ignore', 'ignore_ament_install']
[0.266s] Level 1:colcon.colcon_core.package_identification:_identify(models/Moon_60S_30S) by extension 'ignore'
[0.266s] Level 1:colcon.colcon_core.package_identification:_identify(models/Moon_60S_30S) by extension 'ignore_ament_install'
[0.266s] Level 1:colcon.colcon_core.package_identification:_identify(models/Moon_60S_30S) by extensions ['colcon_pkg']
[0.266s] Level 1:colcon.colcon_core.package_identification:_identify(models/Moon_60S_30S) by extension 'colcon_pkg'
[0.266s] Level 1:colcon.colcon_core.package_identification:_identify(models/Moon_60S_30S) by extensions ['colcon_meta']
[0.267s] Level 1:colcon.colcon_core.package_identification:_identify(models/Moon_60S_30S) by extension 'colcon_meta'
[0.267s] Level 1:colcon.colcon_core.package_identification:_identify(models/Moon_60S_30S) by extensions ['ros']
[0.267s] Level 1:colcon.colcon_core.package_identification:_identify(models/Moon_60S_30S) by extension 'ros'
[0.267s] Level 1:colcon.colcon_core.package_identification:_identify(models/Moon_60S_30S) by extensions ['cmake', 'python']
[0.267s] Level 1:colcon.colcon_core.package_identification:_identify(models/Moon_60S_30S) by extension 'cmake'
[0.267s] Level 1:colcon.colcon_core.package_identification:_identify(models/Moon_60S_30S) by extension 'python'
[0.267s] Level 1:colcon.colcon_core.package_identification:_identify(models/Moon_60S_30S) by extensions ['python_setup_py']
[0.267s] Level 1:colcon.colcon_core.package_identification:_identify(models/Moon_60S_30S) by extension 'python_setup_py'
[0.267s] Level 1:colcon.colcon_core.package_identification:_identify(models/Moon_60S_30S/meshes) by extensions ['ignore', 'ignore_ament_install']
[0.267s] Level 1:colcon.colcon_core.package_identification:_identify(models/Moon_60S_30S/meshes) by extension 'ignore'
[0.267s] Level 1:colcon.colcon_core.package_identification:_identify(models/Moon_60S_30S/meshes) by extension 'ignore_ament_install'
[0.267s] Level 1:colcon.colcon_core.package_identification:_identify(models/Moon_60S_30S/meshes) by extensions ['colcon_pkg']
[0.267s] Level 1:colcon.colcon_core.package_identification:_identify(models/Moon_60S_30S/meshes) by extension 'colcon_pkg'
[0.267s] Level 1:colcon.colcon_core.package_identification:_identify(models/Moon_60S_30S/meshes) by extensions ['colcon_meta']
[0.267s] Level 1:colcon.colcon_core.package_identification:_identify(models/Moon_60S_30S/meshes) by extension 'colcon_meta'
[0.267s] Level 1:colcon.colcon_core.package_identification:_identify(models/Moon_60S_30S/meshes) by extensions ['ros']
[0.267s] Level 1:colcon.colcon_core.package_identification:_identify(models/Moon_60S_30S/meshes) by extension 'ros'
[0.267s] Level 1:colcon.colcon_core.package_identification:_identify(models/Moon_60S_30S/meshes) by extensions ['cmake', 'python']
[0.267s] Level 1:colcon.colcon_core.package_identification:_identify(models/Moon_60S_30S/meshes) by extension 'cmake'
[0.267s] Level 1:colcon.colcon_core.package_identification:_identify(models/Moon_60S_30S/meshes) by extension 'python'
[0.267s] Level 1:colcon.colcon_core.package_identification:_identify(models/Moon_60S_30S/meshes) by extensions ['python_setup_py']
[0.268s] Level 1:colcon.colcon_core.package_identification:_identify(models/Moon_60S_30S/meshes) by extension 'python_setup_py'
[0.268s] Level 1:colcon.colcon_core.package_identification:_identify(models/Moon_60S_30S/thumbnails) by extensions ['ignore', 'ignore_ament_install']
[0.268s] Level 1:colcon.colcon_core.package_identification:_identify(models/Moon_60S_30S/thumbnails) by extension 'ignore'
[0.268s] Level 1:colcon.colcon_core.package_identification:_identify(models/Moon_60S_30S/thumbnails) by extension 'ignore_ament_install'
[0.268s] Level 1:colcon.colcon_core.package_identification:_identify(models/Moon_60S_30S/thumbnails) by extensions ['colcon_pkg']
[0.268s] Level 1:colcon.colcon_core.package_identification:_identify(models/Moon_60S_30S/thumbnails) by extension 'colcon_pkg'
[0.268s] Level 1:colcon.colcon_core.package_identification:_identify(models/Moon_60S_30S/thumbnails) by extensions ['colcon_meta']
[0.268s] Level 1:colcon.colcon_core.package_identification:_identify(models/Moon_60S_30S/thumbnails) by extension 'colcon_meta'
[0.268s] Level 1:colcon.colcon_core.package_identification:_identify(models/Moon_60S_30S/thumbnails) by extensions ['ros']
[0.268s] Level 1:colcon.colcon_core.package_identification:_identify(models/Moon_60S_30S/thumbnails) by extension 'ros'
[0.268s] Level 1:colcon.colcon_core.package_identification:_identify(models/Moon_60S_30S/thumbnails) by extensions ['cmake', 'python']
[0.268s] Level 1:colcon.colcon_core.package_identification:_identify(models/Moon_60S_30S/thumbnails) by extension 'cmake'
[0.268s] Level 1:colcon.colcon_core.package_identification:_identify(models/Moon_60S_30S/thumbnails) by extension 'python'
[0.268s] Level 1:colcon.colcon_core.package_identification:_identify(models/Moon_60S_30S/thumbnails) by extensions ['python_setup_py']
[0.268s] Level 1:colcon.colcon_core.package_identification:_identify(models/Moon_60S_30S/thumbnails) by extension 'python_setup_py'
[0.268s] Level 1:colcon.colcon_core.package_identification:_identify(src) by extensions ['ignore', 'ignore_ament_install']
[0.268s] Level 1:colcon.colcon_core.package_identification:_identify(src) by extension 'ignore'
[0.268s] Level 1:colcon.colcon_core.package_identification:_identify(src) by extension 'ignore_ament_install'
[0.268s] Level 1:colcon.colcon_core.package_identification:_identify(src) by extensions ['colcon_pkg']
[0.269s] Level 1:colcon.colcon_core.package_identification:_identify(src) by extension 'colcon_pkg'
[0.269s] Level 1:colcon.colcon_core.package_identification:_identify(src) by extensions ['colcon_meta']
[0.269s] Level 1:colcon.colcon_core.package_identification:_identify(src) by extension 'colcon_meta'
[0.269s] Level 1:colcon.colcon_core.package_identification:_identify(src) by extensions ['ros']
[0.269s] Level 1:colcon.colcon_core.package_identification:_identify(src) by extension 'ros'
[0.269s] Level 1:colcon.colcon_core.package_identification:_identify(src) by extensions ['cmake', 'python']
[0.269s] Level 1:colcon.colcon_core.package_identification:_identify(src) by extension 'cmake'
[0.269s] Level 1:colcon.colcon_core.package_identification:_identify(src) by extension 'python'
[0.269s] Level 1:colcon.colcon_core.package_identification:_identify(src) by extensions ['python_setup_py']
[0.269s] Level 1:colcon.colcon_core.package_identification:_identify(src) by extension 'python_setup_py'
[0.269s] Level 1:colcon.colcon_core.package_identification:_identify(src/rover_description) by extensions ['ignore', 'ignore_ament_install']
[0.269s] Level 1:colcon.colcon_core.package_identification:_identify(src/rover_description) by extension 'ignore'
[0.269s] Level 1:colcon.colcon_core.package_identification:_identify(src/rover_description) by extension 'ignore_ament_install'
[0.269s] Level 1:colcon.colcon_core.package_identification:_identify(src/rover_description) by extensions ['colcon_pkg']
[0.269s] Level 1:colcon.colcon_core.package_identification:_identify(src/rover_description) by extension 'colcon_pkg'
[0.269s] Level 1:colcon.colcon_core.package_identification:_identify(src/rover_description) by extensions ['colcon_meta']
[0.269s] Level 1:colcon.colcon_core.package_identification:_identify(src/rover_description) by extension 'colcon_meta'
[0.269s] Level 1:colcon.colcon_core.package_identification:_identify(src/rover_description) by extensions ['ros']
[0.269s] Level 1:colcon.colcon_core.package_identification:_identify(src/rover_description) by extension 'ros'
[0.272s] DEBUG:colcon.colcon_core.package_identification:Package 'src/rover_description' with type 'ros.ament_cmake' and name 'rover_description'
[0.272s] Level 1:colcon.colcon_core.package_discovery:discover_packages(recursive) using defaults
[0.272s] Level 1:colcon.colcon_core.package_discovery:discover_packages(ignore) discover
[0.272s] Level 1:colcon.colcon_core.package_discovery:discover_packages(ignore) using defaults
[0.272s] Level 1:colcon.colcon_core.package_discovery:discover_packages(path) discover
[0.272s] Level 1:colcon.colcon_core.package_discovery:discover_packages(path) using defaults
[0.290s] Level 5:colcon.colcon_core.verb:set package 'rover_description' build argument 'cmake_args' from command line to 'None'
[0.290s] Level 5:colcon.colcon_core.verb:set package 'rover_description' build argument 'cmake_target' from command line to 'None'
[0.290s] Level 5:colcon.colcon_core.verb:set package 'rover_description' build argument 'cmake_target_skip_unavailable' from command line to 'False'
[0.290s] Level 5:colcon.colcon_core.verb:set package 'rover_description' build argument 'cmake_clean_cache' from command line to 'False'
[0.290s] Level 5:colcon.colcon_core.verb:set package 'rover_description' build argument 'cmake_clean_first' from command line to 'False'
[0.290s] Level 5:colcon.colcon_core.verb:set package 'rover_description' build argument 'cmake_force_configure' from command line to 'False'
[0.290s] Level 5:colcon.colcon_core.verb:set package 'rover_description' build argument 'ament_cmake_args' from command line to 'None'
[0.290s] Level 5:colcon.colcon_core.verb:set package 'rover_description' build argument 'catkin_cmake_args' from command line to 'None'
[0.290s] Level 5:colcon.colcon_core.verb:set package 'rover_description' build argument 'catkin_skip_building_tests' from command line to 'False'
[0.290s] DEBUG:colcon.colcon_core.verb:Building package 'rover_description' with the following arguments: {'ament_cmake_args': None, 'build_base': '/workspace/Rover/build/rover_description', 'catkin_cmake_args': None, 'catkin_skip_building_tests': False, 'cmake_args': None, 'cmake_clean_cache': False, 'cmake_clean_first': False, 'cmake_force_configure': False, 'cmake_target': None, 'cmake_target_skip_unavailable': False, 'install_base': '/workspace/Rover/install/rover_description', 'merge_install': False, 'path': '/workspace/Rover/src/rover_description', 'symlink_install': True, 'test_result_base': None}
[0.290s] INFO:colcon.colcon_core.executor:Executing jobs using 'parallel' executor
[0.291s] DEBUG:colcon.colcon_parallel_executor.executor.parallel:run_until_complete
[0.291s] INFO:colcon.colcon_ros.task.ament_cmake.build:Building ROS package in '/workspace/Rover/src/rover_description' with build type 'ament_cmake'
[0.291s] INFO:colcon.colcon_cmake.task.cmake.build:Building CMake package in '/workspace/Rover/src/rover_description'
[0.294s] INFO:colcon.colcon_core.plugin_system:Skipping extension 'colcon_core.shell.bat': Not used on non-Windows systems
[0.294s] INFO:colcon.colcon_core.shell:Skip shell extension 'powershell' for command environment: Not usable outside of PowerShell
[0.294s] DEBUG:colcon.colcon_core.shell:Skip shell extension 'dsv' for command environment
[0.302s] DEBUG:colcon.colcon_core.event_handler.log_command:Invoking command in '/workspace/Rover/build/rover_description': CMAKE_PREFIX_PATH=${CMAKE_PREFIX_PATH}:/opt/ros/humble /usr/bin/cmake --build /workspace/Rover/build/rover_description -- -j12 -l12
[0.336s] DEBUG:colcon.colcon_core.event_handler.log_command:Invoked command in '/workspace/Rover/build/rover_description' returned '0': CMAKE_PREFIX_PATH=${CMAKE_PREFIX_PATH}:/opt/ros/humble /usr/bin/cmake --build /workspace/Rover/build/rover_description -- -j12 -l12
[0.345s] DEBUG:colcon.colcon_core.event_handler.log_command:Invoking command in '/workspace/Rover/build/rover_description': CMAKE_PREFIX_PATH=${CMAKE_PREFIX_PATH}:/opt/ros/humble /usr/bin/cmake --install /workspace/Rover/build/rover_description
[0.363s] Level 1:colcon.colcon_core.environment:create_environment_scripts_only(rover_description)
[0.364s] DEBUG:colcon.colcon_core.event_handler.log_command:Invoked command in '/workspace/Rover/build/rover_description' returned '0': CMAKE_PREFIX_PATH=${CMAKE_PREFIX_PATH}:/opt/ros/humble /usr/bin/cmake --install /workspace/Rover/build/rover_description
[0.366s] Level 1:colcon.colcon_core.environment:checking '/workspace/Rover/install/rover_description' for CMake module files
[0.367s] Level 1:colcon.colcon_core.environment:checking '/workspace/Rover/install/rover_description' for CMake config files
[0.367s] Level 1:colcon.colcon_core.shell:create_environment_hook('rover_description', 'cmake_prefix_path')
[0.367s] INFO:colcon.colcon_core.shell:Creating environment hook '/workspace/Rover/install/rover_description/share/rover_description/hook/cmake_prefix_path.ps1'
[0.368s] INFO:colcon.colcon_core.shell:Creating environment descriptor '/workspace/Rover/install/rover_description/share/rover_description/hook/cmake_prefix_path.dsv'
[0.368s] INFO:colcon.colcon_core.shell:Creating environment hook '/workspace/Rover/install/rover_description/share/rover_description/hook/cmake_prefix_path.sh'
[0.369s] Level 1:colcon.colcon_core.environment:checking '/workspace/Rover/install/rover_description/lib'
[0.369s] Level 1:colcon.colcon_core.environment:checking '/workspace/Rover/install/rover_description/bin'
[0.369s] Level 1:colcon.colcon_core.environment:checking '/workspace/Rover/install/rover_description/lib/pkgconfig/rover_description.pc'
[0.371s] Level 1:colcon.colcon_core.environment:checking '/workspace/Rover/install/rover_description/lib/python3.10/site-packages'
[0.371s] Level 1:colcon.colcon_core.environment:checking '/workspace/Rover/install/rover_description/bin'
[0.371s] INFO:colcon.colcon_core.shell:Creating package script '/workspace/Rover/install/rover_description/share/rover_description/package.ps1'
[0.372s] INFO:colcon.colcon_core.shell:Creating package descriptor '/workspace/Rover/install/rover_description/share/rover_description/package.dsv'
[0.373s] INFO:colcon.colcon_core.shell:Creating package script '/workspace/Rover/install/rover_description/share/rover_description/package.sh'
[0.374s] INFO:colcon.colcon_core.shell:Creating package script '/workspace/Rover/install/rover_description/share/rover_description/package.bash'
[0.374s] INFO:colcon.colcon_core.shell:Creating package script '/workspace/Rover/install/rover_description/share/rover_description/package.zsh'
[0.375s] Level 1:colcon.colcon_core.environment:create_file_with_runtime_dependencies(/workspace/Rover/install/rover_description/share/colcon-core/packages/rover_description)
[0.376s] Level 1:colcon.colcon_core.environment:create_environment_scripts_only(rover_description)
[0.376s] Level 1:colcon.colcon_core.environment:checking '/workspace/Rover/install/rover_description' for CMake module files
[0.376s] Level 1:colcon.colcon_core.environment:checking '/workspace/Rover/install/rover_description' for CMake config files
[0.377s] Level 1:colcon.colcon_core.shell:create_environment_hook('rover_description', 'cmake_prefix_path')
[0.377s] INFO:colcon.colcon_core.shell:Creating environment hook '/workspace/Rover/install/rover_description/share/rover_description/hook/cmake_prefix_path.ps1'
[0.377s] INFO:colcon.colcon_core.shell:Creating environment descriptor '/workspace/Rover/install/rover_description/share/rover_description/hook/cmake_prefix_path.dsv'
[0.378s] INFO:colcon.colcon_core.shell:Creating environment hook '/workspace/Rover/install/rover_description/share/rover_description/hook/cmake_prefix_path.sh'
[0.378s] Level 1:colcon.colcon_core.environment:checking '/workspace/Rover/install/rover_description/lib'
[0.378s] Level 1:colcon.colcon_core.environment:checking '/workspace/Rover/install/rover_description/bin'
[0.378s] Level 1:colcon.colcon_core.environment:checking '/workspace/Rover/install/rover_description/lib/pkgconfig/rover_description.pc'
[0.378s] Level 1:colcon.colcon_core.environment:checking '/workspace/Rover/install/rover_description/lib/python3.10/site-packages'
[0.379s] Level 1:colcon.colcon_core.environment:checking '/workspace/Rover/install/rover_description/bin'
[0.379s] INFO:colcon.colcon_core.shell:Creating package script '/workspace/Rover/install/rover_description/share/rover_description/package.ps1'
[0.380s] INFO:colcon.colcon_core.shell:Creating package descriptor '/workspace/Rover/install/rover_description/share/rover_description/package.dsv'
[0.380s] INFO:colcon.colcon_core.shell:Creating package script '/workspace/Rover/install/rover_description/share/rover_description/package.sh'
[0.381s] INFO:colcon.colcon_core.shell:Creating package script '/workspace/Rover/install/rover_description/share/rover_description/package.bash'
[0.381s] INFO:colcon.colcon_core.shell:Creating package script '/workspace/Rover/install/rover_description/share/rover_description/package.zsh'
[0.381s] Level 1:colcon.colcon_core.environment:create_file_with_runtime_dependencies(/workspace/Rover/install/rover_description/share/colcon-core/packages/rover_description)
[0.382s] DEBUG:colcon.colcon_parallel_executor.executor.parallel:closing loop
[0.382s] DEBUG:colcon.colcon_parallel_executor.executor.parallel:loop closed
[0.382s] DEBUG:colcon.colcon_parallel_executor.executor.parallel:run_until_complete finished with '0'
[0.382s] DEBUG:colcon.colcon_core.event_reactor:joining thread
[0.388s] INFO:colcon.colcon_core.plugin_system:Skipping extension 'colcon_notification.desktop_notification.notify_send': Could not find 'notify-send'
[0.388s] INFO:colcon.colcon_core.plugin_system:Skipping extension 'colcon_notification.desktop_notification.terminal_notifier': Not used on non-Darwin systems
[0.388s] INFO:colcon.colcon_core.plugin_system:Skipping extension 'colcon_notification.desktop_notification.win32': Not used on non-Windows systems
[0.388s] INFO:colcon.colcon_notification.desktop_notification:Sending desktop notification using 'notify2'
[0.390s] DEBUG:colcon.colcon_notification.desktop_notification.notify2:Failed to initialize notify2: org.freedesktop.DBus.Error.Spawn.ExecFailed: /usr/bin/dbus-launch terminated abnormally without any error message
[0.391s] DEBUG:colcon.colcon_core.event_reactor:joined thread
[0.391s] INFO:colcon.colcon_core.shell:Creating prefix script '/workspace/Rover/install/local_setup.ps1'
[0.392s] INFO:colcon.colcon_core.shell:Creating prefix util module '/workspace/Rover/install/_local_setup_util_ps1.py'
[0.394s] INFO:colcon.colcon_core.shell:Creating prefix chain script '/workspace/Rover/install/setup.ps1'
[0.395s] INFO:colcon.colcon_core.shell:Creating prefix script '/workspace/Rover/install/local_setup.sh'
[0.396s] INFO:colcon.colcon_core.shell:Creating prefix util module '/workspace/Rover/install/_local_setup_util_sh.py'
[0.396s] INFO:colcon.colcon_core.shell:Creating prefix chain script '/workspace/Rover/install/setup.sh'
[0.397s] INFO:colcon.colcon_core.shell:Creating prefix script '/workspace/Rover/install/local_setup.bash'
[0.409s] INFO:colcon.colcon_core.shell:Creating prefix chain script '/workspace/Rover/install/setup.bash'
[0.410s] INFO:colcon.colcon_core.shell:Creating prefix script '/workspace/Rover/install/local_setup.zsh'
[0.411s] INFO:colcon.colcon_core.shell:Creating prefix chain script '/workspace/Rover/install/setup.zsh'
