[0.009s] Invoking command in '/workspace/Rover/build/rover_description': CMAKE_PREFIX_PATH=/opt/ros/humble /usr/bin/cmake --build /workspace/Rover/build/rover_description -- -j12 -l12
[0.031s] -- Found ament_cmake: 1.3.14 (/opt/ros/humble/share/ament_cmake/cmake)
[0.140s] -- Override CMake install command with custom implementation using symlinks instead of copying resources
[0.157s] [31mCMake Error at CMakeLists.txt:10 (find_package):
[0.157s]   By not providing "Findros_gz_sim.cmake" in CMAKE_MODULE_PATH this project
[0.157s]   has asked CMake to find a package configuration file provided by
[0.157s]   "ros_gz_sim", but CMake did not find one.
[0.157s] 
[0.157s]   Could not find a package configuration file provided by "ros_gz_sim" with
[0.158s]   any of the following names:
[0.158s] 
[0.158s]     ros_gz_simConfig.cmake
[0.158s]     ros_gz_sim-config.cmake
[0.158s] 
[0.158s]   Add the installation prefix of "ros_gz_sim" to CMAKE_PREFIX_PATH or set
[0.158s]   "ros_gz_sim_DIR" to a directory containing one of the above files.  If
[0.158s]   "ros_gz_sim" provides a separate development package or SDK, be sure it has
[0.158s]   been installed.
[0.158s] 
[0.158s] [0m
[0.158s] -- Configuring incomplete, errors occurred!
[0.158s] See also "/workspace/Rover/build/rover_description/CMakeFiles/CMakeOutput.log".
[0.159s] gmake: *** [Makefile:226: cmake_check_build_system] Error 1
[0.161s] Invoked command in '/workspace/Rover/build/rover_description' returned '2': CMAKE_PREFIX_PATH=/opt/ros/humble /usr/bin/cmake --build /workspace/Rover/build/rover_description -- -j12 -l12
