[0.009s] Invoking command in '/workspace/Rover/build/rover_description': CMAKE_PREFIX_PATH=/opt/ros/humble /usr/bin/cmake /workspace/Rover/src/rover_description -DAMENT_CMAKE_SYMLINK_INSTALL=1 -DCMAKE_INSTALL_PREFIX=/workspace/Rover/install/rover_description
[0.057s] -- The C compiler identification is GNU 11.4.0
[0.104s] -- The CXX compiler identification is GNU 11.4.0
[0.111s] -- Detecting C compiler ABI info
[0.165s] -- Detecting C compiler ABI info - done
[0.172s] -- Check for working C compiler: /usr/bin/cc - skipped
[0.173s] -- Detecting C compile features
[0.173s] -- Detecting C compile features - done
[0.176s] -- Detecting CXX compiler ABI info
[0.240s] -- Detecting CXX compiler ABI info - done
[0.247s] -- Check for working CXX compiler: /usr/bin/c++ - skipped
[0.248s] -- Detecting CXX compile features
[0.248s] -- Detecting CXX compile features - done
[0.252s] -- Found ament_cmake: 1.3.14 (/opt/ros/humble/share/ament_cmake/cmake)
[0.387s] -- Found Python3: /usr/bin/python3 (found version "3.10.12") found components: Interpreter 
[0.445s] -- Override CMake install command with custom implementation using symlinks instead of copying resources
[0.476s] -- Found ros_gz_sim: 0.244.25 (/opt/ros/humble/share/ros_gz_sim/cmake)
[0.524s] -- Found rosidl_generator_c: 3.1.8 (/opt/ros/humble/share/rosidl_generator_c/cmake)
[0.530s] -- Found rosidl_adapter: 3.1.8 (/opt/ros/humble/share/rosidl_adapter/cmake)
[0.539s] -- Found rosidl_generator_cpp: 3.1.8 (/opt/ros/humble/share/rosidl_generator_cpp/cmake)
[0.552s] -- Using all available rosidl_typesupport_c: rosidl_typesupport_fastrtps_c;rosidl_typesupport_introspection_c
[0.570s] -- Using all available rosidl_typesupport_cpp: rosidl_typesupport_fastrtps_cpp;rosidl_typesupport_introspection_cpp
[0.619s] -- Found rmw_implementation_cmake: 6.1.2 (/opt/ros/humble/share/rmw_implementation_cmake/cmake)
[0.622s] -- Found rmw_fastrtps_cpp: 6.2.10 (/opt/ros/humble/share/rmw_fastrtps_cpp/cmake)
[0.697s] -- Found OpenSSL: /usr/lib/x86_64-linux-gnu/libcrypto.so (found version "3.0.2")  
[0.726s] -- Found FastRTPS: /opt/ros/humble/include  
[0.770s] -- Using RMW implementation 'rmw_fastrtps_cpp' as default
[0.780s] -- Looking for pthread.h
[0.837s] -- Looking for pthread.h - found
[0.837s] -- Performing Test CMAKE_HAVE_LIBC_PTHREAD
[0.895s] -- Performing Test CMAKE_HAVE_LIBC_PTHREAD - Success
[0.896s] -- Found Threads: TRUE  
[0.954s] -- Found robot_state_publisher: 3.0.3 (/opt/ros/humble/share/robot_state_publisher/cmake)
[0.988s] -- Found eigen3_cmake_module: 0.1.1 (/opt/ros/humble/share/eigen3_cmake_module/cmake)
[0.989s] -- Found Eigen3: TRUE (found version "3.4.0") 
[0.989s] -- Ensuring Eigen3 include directory is part of orocos-kdl CMake target
[1.156s] -- Found rviz2: 11.2.26 (/opt/ros/humble/share/rviz2/cmake)
[1.158s] -- Found ament_lint_auto: 0.12.15 (/opt/ros/humble/share/ament_lint_auto/cmake)
[1.241s] -- Added test 'flake8' to check Python code syntax and style conventions
[1.241s] -- Added test 'lint_cmake' to check CMake code style
[1.242s] -- Added test 'pep257' to check Python code against some of the docstring style conventions in PEP 257
[1.243s] -- Added test 'xmllint' to check XML markup files
[1.244s] -- Configuring done
[1.249s] -- Generating done
[1.251s] -- Build files have been written to: /workspace/Rover/build/rover_description
[1.259s] Invoked command in '/workspace/Rover/build/rover_description' returned '0': CMAKE_PREFIX_PATH=/opt/ros/humble /usr/bin/cmake /workspace/Rover/src/rover_description -DAMENT_CMAKE_SYMLINK_INSTALL=1 -DCMAKE_INSTALL_PREFIX=/workspace/Rover/install/rover_description
[1.260s] Invoking command in '/workspace/Rover/build/rover_description': CMAKE_PREFIX_PATH=/opt/ros/humble /usr/bin/cmake --build /workspace/Rover/build/rover_description -- -j12 -l12
[1.293s] Invoked command in '/workspace/Rover/build/rover_description' returned '0': CMAKE_PREFIX_PATH=/opt/ros/humble /usr/bin/cmake --build /workspace/Rover/build/rover_description -- -j12 -l12
[1.301s] Invoking command in '/workspace/Rover/build/rover_description': CMAKE_PREFIX_PATH=/opt/ros/humble /usr/bin/cmake --install /workspace/Rover/build/rover_description
[1.307s] -- Install configuration: ""
[1.307s] -- Execute custom install script
[1.308s] -- Symlinking: /workspace/Rover/install/rover_description/share/rover_description/urdf/stereo_camera.xacro
[1.315s] -- Symlinking: /workspace/Rover/install/rover_description/share/rover_description/launch/stereo_sim.launch.py
[1.321s] -- Symlinking: /workspace/Rover/install/rover_description/lib/rover_description/camera_info_fixer.py
[1.328s] -- Up-to-date symlink: /workspace/Rover/install/rover_description/share/rover_description//launch/stereo_sim.launch.py
[1.328s] -- Up-to-date symlink: /workspace/Rover/install/rover_description/share/rover_description//urdf/stereo_camera.xacro
[1.328s] -- Symlinking: /workspace/Rover/install/rover_description/share/rover_description//rviz/stereo_view.rviz
[1.334s] -- Symlinking: /workspace/Rover/install/rover_description/share/rover_description//config/nav2_params.yaml
[1.341s] -- Symlinking: /workspace/Rover/install/rover_description/share/ament_index/resource_index/package_run_dependencies/rover_description
[1.347s] -- Symlinking: /workspace/Rover/install/rover_description/share/ament_index/resource_index/parent_prefix_path/rover_description
[1.353s] -- Symlinking: /workspace/Rover/install/rover_description/share/rover_description/environment/ament_prefix_path.sh
[1.360s] -- Symlinking: /workspace/Rover/install/rover_description/share/rover_description/environment/ament_prefix_path.dsv
[1.366s] -- Symlinking: /workspace/Rover/install/rover_description/share/rover_description/environment/path.sh
[1.372s] -- Symlinking: /workspace/Rover/install/rover_description/share/rover_description/environment/path.dsv
[1.379s] -- Symlinking: /workspace/Rover/install/rover_description/share/rover_description/local_setup.bash
[1.386s] -- Symlinking: /workspace/Rover/install/rover_description/share/rover_description/local_setup.sh
[1.393s] -- Symlinking: /workspace/Rover/install/rover_description/share/rover_description/local_setup.zsh
[1.399s] -- Symlinking: /workspace/Rover/install/rover_description/share/rover_description/local_setup.dsv
[1.406s] -- Symlinking: /workspace/Rover/install/rover_description/share/rover_description/package.dsv
[1.413s] -- Symlinking: /workspace/Rover/install/rover_description/share/ament_index/resource_index/packages/rover_description
[1.419s] -- Symlinking: /workspace/Rover/install/rover_description/share/rover_description/cmake/rover_descriptionConfig.cmake
[1.425s] -- Symlinking: /workspace/Rover/install/rover_description/share/rover_description/cmake/rover_descriptionConfig-version.cmake
[1.432s] -- Symlinking: /workspace/Rover/install/rover_description/share/rover_description/package.xml
[1.439s] Invoked command in '/workspace/Rover/build/rover_description' returned '0': CMAKE_PREFIX_PATH=/opt/ros/humble /usr/bin/cmake --install /workspace/Rover/build/rover_description
