[0.010s] Invoking command in '/workspace/Rover/build/rover_description': CMAKE_PREFIX_PATH=/opt/ros/humble /usr/bin/cmake --build /workspace/Rover/build/rover_description -- -j12 -l12
[0.037s] -- Found ament_cmake: 1.3.14 (/opt/ros/humble/share/ament_cmake/cmake)
[0.147s] -- Override CMake install command with custom implementation using symlinks instead of copying resources
[0.156s] -- Found ros_gz_sim: 0.244.25 (/opt/ros/humble/share/ros_gz_sim/cmake)
[0.193s] -- Found rosidl_generator_c: 3.1.8 (/opt/ros/humble/share/rosidl_generator_c/cmake)
[0.196s] -- Found rosidl_adapter: 3.1.8 (/opt/ros/humble/share/rosidl_adapter/cmake)
[0.205s] -- Found rosidl_generator_cpp: 3.1.8 (/opt/ros/humble/share/rosidl_generator_cpp/cmake)
[0.217s] -- Using all available rosidl_typesupport_c: rosidl_typesupport_fastrtps_c;rosidl_typesupport_introspection_c
[0.232s] -- Using all available rosidl_typesupport_cpp: rosidl_typesupport_fastrtps_cpp;rosidl_typesupport_introspection_cpp
[0.273s] -- Found rmw_implementation_cmake: 6.1.2 (/opt/ros/humble/share/rmw_implementation_cmake/cmake)
[0.275s] -- Found rmw_fastrtps_cpp: 6.2.10 (/opt/ros/humble/share/rmw_fastrtps_cpp/cmake)
[0.390s] -- Using RMW implementation 'rmw_fastrtps_cpp' as default
[0.461s] -- Found robot_state_publisher: 3.0.3 (/opt/ros/humble/share/robot_state_publisher/cmake)
[0.482s] -- Found eigen3_cmake_module: 0.1.1 (/opt/ros/humble/share/eigen3_cmake_module/cmake)
[0.483s] -- Ensuring Eigen3 include directory is part of orocos-kdl CMake target
[0.625s] -- Found rviz2: 11.2.26 (/opt/ros/humble/share/rviz2/cmake)
[0.626s] -- Found ament_lint_auto: 0.12.15 (/opt/ros/humble/share/ament_lint_auto/cmake)
[0.695s] -- Added test 'flake8' to check Python code syntax and style conventions
[0.695s] -- Added test 'lint_cmake' to check CMake code style
[0.696s] -- Added test 'pep257' to check Python code against some of the docstring style conventions in PEP 257
[0.697s] -- Added test 'xmllint' to check XML markup files
[0.699s] -- Configuring done
[0.704s] -- Generating done
[0.706s] -- Build files have been written to: /workspace/Rover/build/rover_description
[0.726s] Invoked command in '/workspace/Rover/build/rover_description' returned '0': CMAKE_PREFIX_PATH=/opt/ros/humble /usr/bin/cmake --build /workspace/Rover/build/rover_description -- -j12 -l12
[0.734s] Invoking command in '/workspace/Rover/build/rover_description': CMAKE_PREFIX_PATH=/opt/ros/humble /usr/bin/cmake --install /workspace/Rover/build/rover_description
[0.740s] -- Install configuration: ""
[0.740s] -- Execute custom install script
[0.741s] -- Up-to-date symlink: /workspace/Rover/install/rover_description/share/rover_description/urdf/stereo_camera.xacro
[0.741s] -- Up-to-date symlink: /workspace/Rover/install/rover_description/share/rover_description/launch/stereo_sim.launch.py
[0.741s] -- Up-to-date symlink: /workspace/Rover/install/rover_description/lib/rover_description/camera_info_fixer.py
[0.741s] -- Up-to-date symlink: /workspace/Rover/install/rover_description/share/rover_description//launch/stereo_sim.launch.py
[0.741s] -- Up-to-date symlink: /workspace/Rover/install/rover_description/share/rover_description//urdf/stereo_camera.xacro
[0.742s] -- Up-to-date symlink: /workspace/Rover/install/rover_description/share/rover_description//rviz/stereo_view.rviz
[0.742s] -- Up-to-date symlink: /workspace/Rover/install/rover_description/share/rover_description//config/nav2_params.yaml
[0.742s] -- Up-to-date symlink: /workspace/Rover/install/rover_description/share/ament_index/resource_index/package_run_dependencies/rover_description
[0.742s] -- Up-to-date symlink: /workspace/Rover/install/rover_description/share/ament_index/resource_index/parent_prefix_path/rover_description
[0.742s] -- Up-to-date symlink: /workspace/Rover/install/rover_description/share/rover_description/environment/ament_prefix_path.sh
[0.742s] -- Up-to-date symlink: /workspace/Rover/install/rover_description/share/rover_description/environment/ament_prefix_path.dsv
[0.743s] -- Up-to-date symlink: /workspace/Rover/install/rover_description/share/rover_description/environment/path.sh
[0.743s] -- Up-to-date symlink: /workspace/Rover/install/rover_description/share/rover_description/environment/path.dsv
[0.743s] -- Up-to-date symlink: /workspace/Rover/install/rover_description/share/rover_description/local_setup.bash
[0.743s] -- Up-to-date symlink: /workspace/Rover/install/rover_description/share/rover_description/local_setup.sh
[0.743s] -- Up-to-date symlink: /workspace/Rover/install/rover_description/share/rover_description/local_setup.zsh
[0.743s] -- Up-to-date symlink: /workspace/Rover/install/rover_description/share/rover_description/local_setup.dsv
[0.743s] -- Symlinking: /workspace/Rover/install/rover_description/share/rover_description/package.dsv
[0.750s] -- Up-to-date symlink: /workspace/Rover/install/rover_description/share/ament_index/resource_index/packages/rover_description
[0.750s] -- Up-to-date symlink: /workspace/Rover/install/rover_description/share/rover_description/cmake/rover_descriptionConfig.cmake
[0.751s] -- Up-to-date symlink: /workspace/Rover/install/rover_description/share/rover_description/cmake/rover_descriptionConfig-version.cmake
[0.751s] -- Up-to-date symlink: /workspace/Rover/install/rover_description/share/rover_description/package.xml
[0.752s] Invoked command in '/workspace/Rover/build/rover_description' returned '0': CMAKE_PREFIX_PATH=/opt/ros/humble /usr/bin/cmake --install /workspace/Rover/build/rover_description
