[0.012s] Invoking command in '/workspace/Rover/build/rover_description': CMAKE_PREFIX_PATH=${CMAKE_PREFIX_PATH}:/opt/ros/humble /usr/bin/cmake --build /workspace/Rover/build/rover_description -- -j12 -l12
[0.052s] Invoked command in '/workspace/Rover/build/rover_description' returned '0': CMAKE_PREFIX_PATH=${CMAKE_PREFIX_PATH}:/opt/ros/humble /usr/bin/cmake --build /workspace/Rover/build/rover_description -- -j12 -l12
[0.064s] Invoking command in '/workspace/Rover/build/rover_description': CMAKE_PREFIX_PATH=${CMAKE_PREFIX_PATH}:/opt/ros/humble /usr/bin/cmake --install /workspace/Rover/build/rover_description
[0.074s] -- Install configuration: ""
[0.074s] -- Execute custom install script
[0.075s] -- Up-to-date symlink: /workspace/Rover/install/rover_description/share/rover_description/urdf/stereo_camera.xacro
[0.075s] -- Up-to-date symlink: /workspace/Rover/install/rover_description/share/rover_description/launch/stereo_sim.launch.py
[0.076s] -- Up-to-date symlink: /workspace/Rover/install/rover_description/lib/rover_description/camera_info_fixer.py
[0.076s] -- Up-to-date symlink: /workspace/Rover/install/rover_description/share/rover_description//launch/stereo_sim.launch.py
[0.077s] -- Up-to-date symlink: /workspace/Rover/install/rover_description/share/rover_description//urdf/stereo_camera.xacro
[0.077s] -- Up-to-date symlink: /workspace/Rover/install/rover_description/share/rover_description//rviz/stereo_view.rviz
[0.077s] -- Up-to-date symlink: /workspace/Rover/install/rover_description/share/rover_description//config/nav2_params.yaml
[0.077s] -- Up-to-date symlink: /workspace/Rover/install/rover_description/share/ament_index/resource_index/package_run_dependencies/rover_description
[0.078s] -- Up-to-date symlink: /workspace/Rover/install/rover_description/share/ament_index/resource_index/parent_prefix_path/rover_description
[0.078s] -- Up-to-date symlink: /workspace/Rover/install/rover_description/share/rover_description/environment/ament_prefix_path.sh
[0.078s] -- Up-to-date symlink: /workspace/Rover/install/rover_description/share/rover_description/environment/ament_prefix_path.dsv
[0.078s] -- Up-to-date symlink: /workspace/Rover/install/rover_description/share/rover_description/environment/path.sh
[0.078s] -- Up-to-date symlink: /workspace/Rover/install/rover_description/share/rover_description/environment/path.dsv
[0.079s] -- Up-to-date symlink: /workspace/Rover/install/rover_description/share/rover_description/local_setup.bash
[0.079s] -- Up-to-date symlink: /workspace/Rover/install/rover_description/share/rover_description/local_setup.sh
[0.079s] -- Up-to-date symlink: /workspace/Rover/install/rover_description/share/rover_description/local_setup.zsh
[0.079s] -- Up-to-date symlink: /workspace/Rover/install/rover_description/share/rover_description/local_setup.dsv
[0.079s] -- Symlinking: /workspace/Rover/install/rover_description/share/rover_description/package.dsv
[0.087s] -- Up-to-date symlink: /workspace/Rover/install/rover_description/share/ament_index/resource_index/packages/rover_description
[0.088s] -- Up-to-date symlink: /workspace/Rover/install/rover_description/share/rover_description/cmake/rover_descriptionConfig.cmake
[0.088s] -- Up-to-date symlink: /workspace/Rover/install/rover_description/share/rover_description/cmake/rover_descriptionConfig-version.cmake
[0.088s] -- Up-to-date symlink: /workspace/Rover/install/rover_description/share/rover_description/package.xml
[0.090s] Invoked command in '/workspace/Rover/build/rover_description' returned '0': CMAKE_PREFIX_PATH=${CMAKE_PREFIX_PATH}:/opt/ros/humble /usr/bin/cmake --install /workspace/Rover/build/rover_description
