-- The C compiler identification is GNU 11.4.0
-- The CXX compiler identification is GNU 11.4.0
-- Detecting C compiler ABI info
-- Detecting C compiler ABI info - done
-- Check for working C compiler: /usr/bin/cc - skipped
-- Detecting C compile features
-- Detecting C compile features - done
-- Detecting CXX compiler ABI info
-- Detecting CXX compiler ABI info - done
-- Check for working CXX compiler: /usr/bin/c++ - skipped
-- Detecting CXX compile features
-- Detecting CXX compile features - done
[0mBuild type: Release[0m
-- Found OpenCV: /usr (found version "4.5.4") 
[31mCMake Error at /usr/lib/x86_64-linux-gnu/cmake/libzip/libzip-targets.cmake:93 (message):
  The imported target "libzip::zipcmp" references the file

     "/usr/bin/zipcmp"

  but this file does not exist.  Possible reasons include:

  * The file was deleted, renamed, or moved to another location.

  * An install or uninstall procedure did not complete successfully.

  * The installation package was faulty and contained

     "/usr/lib/x86_64-linux-gnu/cmake/libzip/libzip-targets.cmake"

  but not all the files it references.

Call Stack (most recent call first):
  /usr/lib/x86_64-linux-gnu/cmake/libzip/libzip-config.cmake:42 (include)
  CMakeLists.txt:16 (find_package)

[0m
-- Configuring incomplete, errors occurred!
See also "/workspace/Rover/build/PhotometricDatasetCalibration/CMakeFiles/CMakeOutput.log".
