[0.014s] Invoking command in '/workspace/Rover/build/PhotometricDatasetCalibration': /usr/bin/cmake /workspace/Rover/VSLAM/VSLAM-LAB/Datasets/extra-files -DCMAKE_INSTALL_PREFIX=/workspace/Rover/install/PhotometricDatasetCalibration
[0.098s] -- The C compiler identification is GNU 11.4.0
[0.164s] -- The CXX compiler identification is GNU 11.4.0
[0.173s] -- Detecting C compiler ABI info
[0.232s] -- Detecting C compiler ABI info - done
[0.239s] -- Check for working C compiler: /usr/bin/cc - skipped
[0.240s] -- Detecting C compile features
[0.241s] -- Detecting C compile features - done
[0.244s] -- Detecting CXX compiler ABI info
[0.310s] -- Detecting CXX compiler ABI info - done
[0.318s] -- Check for working CXX compiler: /usr/bin/c++ - skipped
[0.319s] -- Detecting CXX compile features
[0.319s] -- Detecting CXX compile features - done
[0.320s] [0mBuild type: Release[0m
[0.330s] -- Found OpenCV: /usr (found version "4.5.4") 
[0.341s] [31mCMake Error at /usr/lib/x86_64-linux-gnu/cmake/libzip/libzip-targets.cmake:93 (message):
[0.341s]   The imported target "libzip::zipcmp" references the file
[0.341s] 
[0.341s]      "/usr/bin/zipcmp"
[0.341s] 
[0.341s]   but this file does not exist.  Possible reasons include:
[0.341s] 
[0.341s]   * The file was deleted, renamed, or moved to another location.
[0.341s] 
[0.341s]   * An install or uninstall procedure did not complete successfully.
[0.342s] 
[0.342s]   * The installation package was faulty and contained
[0.342s] 
[0.342s]      "/usr/lib/x86_64-linux-gnu/cmake/libzip/libzip-targets.cmake"
[0.342s] 
[0.342s]   but not all the files it references.
[0.342s] 
[0.342s] Call Stack (most recent call first):
[0.342s]   /usr/lib/x86_64-linux-gnu/cmake/libzip/libzip-config.cmake:42 (include)
[0.342s]   CMakeLists.txt:16 (find_package)
[0.342s] 
[0.342s] [0m
[0.342s] -- Configuring incomplete, errors occurred!
[0.342s] See also "/workspace/Rover/build/PhotometricDatasetCalibration/CMakeFiles/CMakeOutput.log".
[0.344s] Invoked command in '/workspace/Rover/build/PhotometricDatasetCalibration' returned '1': /usr/bin/cmake /workspace/Rover/VSLAM/VSLAM-LAB/Datasets/extra-files -DCMAKE_INSTALL_PREFIX=/workspace/Rover/install/PhotometricDatasetCalibration
