[0.197s] DEBUG:colcon:Command line arguments: ['/usr/bin/colcon', 'build', '--symlink-install']
[0.197s] DEBUG:colcon:Parsed command line arguments: Namespace(log_base=None, log_level=None, verb_name='build', build_base='build', install_base='install', merge_install=False, symlink_install=True, test_result_base=None, continue_on_error=False, executor='parallel', parallel_workers=12, event_handlers=None, ignore_user_meta=False, metas=['./colcon.meta'], base_paths=['.'], packages_ignore=None, packages_ignore_regex=None, paths=None, packages_up_to=None, packages_up_to_regex=None, packages_above=None, packages_above_and_dependencies=None, packages_above_depth=None, packages_select_by_dep=None, packages_skip_by_dep=None, packages_skip_up_to=None, packages_select_build_failed=False, packages_skip_build_finished=False, packages_select_test_failures=False, packages_skip_test_passed=False, packages_select=None, packages_skip=None, packages_select_regex=None, packages_skip_regex=None, packages_start=None, packages_end=None, cmake_args=None, cmake_target=None, cmake_target_skip_unavailable=False, cmake_clean_cache=False, cmake_clean_first=False, cmake_force_configure=False, ament_cmake_args=None, catkin_cmake_args=None, catkin_skip_building_tests=False, mixin_files=None, mixin=None, verb_parser=<colcon_mixin.mixin.mixin_argument.MixinArgumentDecorator object at 0x7486ef4a3850>, verb_extension=<colcon_core.verb.build.BuildVerb object at 0x7486ef4a33a0>, main=<bound method BuildVerb.main of <colcon_core.verb.build.BuildVerb object at 0x7486ef4a33a0>>, mixin_verb=('build',))
[0.401s] Level 1:colcon.colcon_core.package_discovery:discover_packages(colcon_meta) check parameters
[0.402s] INFO:colcon.colcon_metadata.package_discovery.colcon_meta:Using configuration from '/root/.colcon/metadata/default/Gazebo.meta'
[0.402s] INFO:colcon.colcon_metadata.package_discovery.colcon_meta:Using configuration from '/root/.colcon/metadata/default/fastdds.meta'
[0.403s] INFO:colcon.colcon_metadata.package_discovery.colcon_meta:Using configuration from '/root/.colcon/metadata/default/fastrtps.meta'
[0.403s] Level 1:colcon.colcon_core.package_discovery:discover_packages(recursive) check parameters
[0.403s] Level 1:colcon.colcon_core.package_discovery:discover_packages(ignore) check parameters
[0.403s] Level 1:colcon.colcon_core.package_discovery:discover_packages(path) check parameters
[0.403s] Level 1:colcon.colcon_core.package_discovery:discover_packages(colcon_meta) discover
[0.403s] Level 1:colcon.colcon_core.package_discovery:discover_packages(recursive) discover
[0.403s] INFO:colcon.colcon_core.package_discovery:Crawling recursively for packages in '/workspace/Rover'
[0.403s] Level 1:colcon.colcon_core.package_identification:_identify(.) by extensions ['ignore', 'ignore_ament_install']
[0.403s] Level 1:colcon.colcon_core.package_identification:_identify(.) by extension 'ignore'
[0.404s] Level 1:colcon.colcon_core.package_identification:_identify(.) by extension 'ignore_ament_install'
[0.404s] Level 1:colcon.colcon_core.package_identification:_identify(.) by extensions ['colcon_pkg']
[0.404s] Level 1:colcon.colcon_core.package_identification:_identify(.) by extension 'colcon_pkg'
[0.404s] Level 1:colcon.colcon_core.package_identification:_identify(.) by extensions ['colcon_meta']
[0.404s] Level 1:colcon.colcon_core.package_identification:_identify(.) by extension 'colcon_meta'
[0.404s] Level 1:colcon.colcon_core.package_identification:_identify(.) by extensions ['ros']
[0.404s] Level 1:colcon.colcon_core.package_identification:_identify(.) by extension 'ros'
[0.416s] Level 1:colcon.colcon_core.package_identification:_identify(.) by extensions ['cmake', 'python']
[0.416s] Level 1:colcon.colcon_core.package_identification:_identify(.) by extension 'cmake'
[0.416s] Level 1:colcon.colcon_core.package_identification:_identify(.) by extension 'python'
[0.416s] Level 1:colcon.colcon_core.package_identification:_identify(.) by extensions ['python_setup_py']
[0.416s] Level 1:colcon.colcon_core.package_identification:_identify(.) by extension 'python_setup_py'
[0.416s] Level 1:colcon.colcon_core.package_identification:_identify(VSLAM) by extensions ['ignore', 'ignore_ament_install']
[0.416s] Level 1:colcon.colcon_core.package_identification:_identify(VSLAM) by extension 'ignore'
[0.417s] Level 1:colcon.colcon_core.package_identification:_identify(VSLAM) by extension 'ignore_ament_install'
[0.417s] Level 1:colcon.colcon_core.package_identification:_identify(VSLAM) by extensions ['colcon_pkg']
[0.417s] Level 1:colcon.colcon_core.package_identification:_identify(VSLAM) by extension 'colcon_pkg'
[0.417s] Level 1:colcon.colcon_core.package_identification:_identify(VSLAM) by extensions ['colcon_meta']
[0.417s] Level 1:colcon.colcon_core.package_identification:_identify(VSLAM) by extension 'colcon_meta'
[0.417s] Level 1:colcon.colcon_core.package_identification:_identify(VSLAM) by extensions ['ros']
[0.417s] Level 1:colcon.colcon_core.package_identification:_identify(VSLAM) by extension 'ros'
[0.417s] Level 1:colcon.colcon_core.package_identification:_identify(VSLAM) by extensions ['cmake', 'python']
[0.417s] Level 1:colcon.colcon_core.package_identification:_identify(VSLAM) by extension 'cmake'
[0.417s] Level 1:colcon.colcon_core.package_identification:_identify(VSLAM) by extension 'python'
[0.417s] Level 1:colcon.colcon_core.package_identification:_identify(VSLAM) by extensions ['python_setup_py']
[0.417s] Level 1:colcon.colcon_core.package_identification:_identify(VSLAM) by extension 'python_setup_py'
[0.417s] Level 1:colcon.colcon_core.package_identification:_identify(VSLAM/VSLAM-LAB) by extensions ['ignore', 'ignore_ament_install']
[0.417s] Level 1:colcon.colcon_core.package_identification:_identify(VSLAM/VSLAM-LAB) by extension 'ignore'
[0.417s] Level 1:colcon.colcon_core.package_identification:_identify(VSLAM/VSLAM-LAB) by extension 'ignore_ament_install'
[0.417s] Level 1:colcon.colcon_core.package_identification:_identify(VSLAM/VSLAM-LAB) by extensions ['colcon_pkg']
[0.417s] Level 1:colcon.colcon_core.package_identification:_identify(VSLAM/VSLAM-LAB) by extension 'colcon_pkg'
[0.417s] Level 1:colcon.colcon_core.package_identification:_identify(VSLAM/VSLAM-LAB) by extensions ['colcon_meta']
[0.417s] Level 1:colcon.colcon_core.package_identification:_identify(VSLAM/VSLAM-LAB) by extension 'colcon_meta'
[0.418s] Level 1:colcon.colcon_core.package_identification:_identify(VSLAM/VSLAM-LAB) by extensions ['ros']
[0.418s] Level 1:colcon.colcon_core.package_identification:_identify(VSLAM/VSLAM-LAB) by extension 'ros'
[0.418s] Level 1:colcon.colcon_core.package_identification:_identify(VSLAM/VSLAM-LAB) by extensions ['cmake', 'python']
[0.418s] Level 1:colcon.colcon_core.package_identification:_identify(VSLAM/VSLAM-LAB) by extension 'cmake'
[0.418s] Level 1:colcon.colcon_core.package_identification:_identify(VSLAM/VSLAM-LAB) by extension 'python'
[0.418s] Level 1:colcon.colcon_core.package_identification:_identify(VSLAM/VSLAM-LAB) by extensions ['python_setup_py']
[0.418s] Level 1:colcon.colcon_core.package_identification:_identify(VSLAM/VSLAM-LAB) by extension 'python_setup_py'
[0.418s] Level 1:colcon.colcon_core.package_identification:_identify(VSLAM/VSLAM-LAB/Baselines) by extensions ['ignore', 'ignore_ament_install']
[0.418s] Level 1:colcon.colcon_core.package_identification:_identify(VSLAM/VSLAM-LAB/Baselines) by extension 'ignore'
[0.418s] Level 1:colcon.colcon_core.package_identification:_identify(VSLAM/VSLAM-LAB/Baselines) by extension 'ignore_ament_install'
[0.418s] Level 1:colcon.colcon_core.package_identification:_identify(VSLAM/VSLAM-LAB/Baselines) by extensions ['colcon_pkg']
[0.418s] Level 1:colcon.colcon_core.package_identification:_identify(VSLAM/VSLAM-LAB/Baselines) by extension 'colcon_pkg'
[0.418s] Level 1:colcon.colcon_core.package_identification:_identify(VSLAM/VSLAM-LAB/Baselines) by extensions ['colcon_meta']
[0.418s] Level 1:colcon.colcon_core.package_identification:_identify(VSLAM/VSLAM-LAB/Baselines) by extension 'colcon_meta'
[0.418s] Level 1:colcon.colcon_core.package_identification:_identify(VSLAM/VSLAM-LAB/Baselines) by extensions ['ros']
[0.418s] Level 1:colcon.colcon_core.package_identification:_identify(VSLAM/VSLAM-LAB/Baselines) by extension 'ros'
[0.418s] Level 1:colcon.colcon_core.package_identification:_identify(VSLAM/VSLAM-LAB/Baselines) by extensions ['cmake', 'python']
[0.418s] Level 1:colcon.colcon_core.package_identification:_identify(VSLAM/VSLAM-LAB/Baselines) by extension 'cmake'
[0.419s] Level 1:colcon.colcon_core.package_identification:_identify(VSLAM/VSLAM-LAB/Baselines) by extension 'python'
[0.419s] Level 1:colcon.colcon_core.package_identification:_identify(VSLAM/VSLAM-LAB/Baselines) by extensions ['python_setup_py']
[0.419s] Level 1:colcon.colcon_core.package_identification:_identify(VSLAM/VSLAM-LAB/Baselines) by extension 'python_setup_py'
[0.419s] Level 1:colcon.colcon_core.package_identification:_identify(VSLAM/VSLAM-LAB/Baselines/__pycache__) by extensions ['ignore', 'ignore_ament_install']
[0.419s] Level 1:colcon.colcon_core.package_identification:_identify(VSLAM/VSLAM-LAB/Baselines/__pycache__) by extension 'ignore'
[0.419s] Level 1:colcon.colcon_core.package_identification:_identify(VSLAM/VSLAM-LAB/Baselines/__pycache__) by extension 'ignore_ament_install'
[0.419s] Level 1:colcon.colcon_core.package_identification:_identify(VSLAM/VSLAM-LAB/Baselines/__pycache__) by extensions ['colcon_pkg']
[0.419s] Level 1:colcon.colcon_core.package_identification:_identify(VSLAM/VSLAM-LAB/Baselines/__pycache__) by extension 'colcon_pkg'
[0.419s] Level 1:colcon.colcon_core.package_identification:_identify(VSLAM/VSLAM-LAB/Baselines/__pycache__) by extensions ['colcon_meta']
[0.419s] Level 1:colcon.colcon_core.package_identification:_identify(VSLAM/VSLAM-LAB/Baselines/__pycache__) by extension 'colcon_meta'
[0.419s] Level 1:colcon.colcon_core.package_identification:_identify(VSLAM/VSLAM-LAB/Baselines/__pycache__) by extensions ['ros']
[0.419s] Level 1:colcon.colcon_core.package_identification:_identify(VSLAM/VSLAM-LAB/Baselines/__pycache__) by extension 'ros'
[0.419s] Level 1:colcon.colcon_core.package_identification:_identify(VSLAM/VSLAM-LAB/Baselines/__pycache__) by extensions ['cmake', 'python']
[0.419s] Level 1:colcon.colcon_core.package_identification:_identify(VSLAM/VSLAM-LAB/Baselines/__pycache__) by extension 'cmake'
[0.419s] Level 1:colcon.colcon_core.package_identification:_identify(VSLAM/VSLAM-LAB/Baselines/__pycache__) by extension 'python'
[0.419s] Level 1:colcon.colcon_core.package_identification:_identify(VSLAM/VSLAM-LAB/Baselines/__pycache__) by extensions ['python_setup_py']
[0.419s] Level 1:colcon.colcon_core.package_identification:_identify(VSLAM/VSLAM-LAB/Baselines/__pycache__) by extension 'python_setup_py'
[0.419s] Level 1:colcon.colcon_core.package_identification:_identify(VSLAM/VSLAM-LAB/Baselines/baseline_files) by extensions ['ignore', 'ignore_ament_install']
[0.420s] Level 1:colcon.colcon_core.package_identification:_identify(VSLAM/VSLAM-LAB/Baselines/baseline_files) by extension 'ignore'
[0.420s] Level 1:colcon.colcon_core.package_identification:_identify(VSLAM/VSLAM-LAB/Baselines/baseline_files) by extension 'ignore_ament_install'
[0.420s] Level 1:colcon.colcon_core.package_identification:_identify(VSLAM/VSLAM-LAB/Baselines/baseline_files) by extensions ['colcon_pkg']
[0.420s] Level 1:colcon.colcon_core.package_identification:_identify(VSLAM/VSLAM-LAB/Baselines/baseline_files) by extension 'colcon_pkg'
[0.420s] Level 1:colcon.colcon_core.package_identification:_identify(VSLAM/VSLAM-LAB/Baselines/baseline_files) by extensions ['colcon_meta']
[0.420s] Level 1:colcon.colcon_core.package_identification:_identify(VSLAM/VSLAM-LAB/Baselines/baseline_files) by extension 'colcon_meta'
[0.420s] Level 1:colcon.colcon_core.package_identification:_identify(VSLAM/VSLAM-LAB/Baselines/baseline_files) by extensions ['ros']
[0.420s] Level 1:colcon.colcon_core.package_identification:_identify(VSLAM/VSLAM-LAB/Baselines/baseline_files) by extension 'ros'
[0.420s] Level 1:colcon.colcon_core.package_identification:_identify(VSLAM/VSLAM-LAB/Baselines/baseline_files) by extensions ['cmake', 'python']
[0.420s] Level 1:colcon.colcon_core.package_identification:_identify(VSLAM/VSLAM-LAB/Baselines/baseline_files) by extension 'cmake'
[0.420s] Level 1:colcon.colcon_core.package_identification:_identify(VSLAM/VSLAM-LAB/Baselines/baseline_files) by extension 'python'
[0.420s] Level 1:colcon.colcon_core.package_identification:_identify(VSLAM/VSLAM-LAB/Baselines/baseline_files) by extensions ['python_setup_py']
[0.420s] Level 1:colcon.colcon_core.package_identification:_identify(VSLAM/VSLAM-LAB/Baselines/baseline_files) by extension 'python_setup_py'
[0.420s] Level 1:colcon.colcon_core.package_identification:_identify(VSLAM/VSLAM-LAB/Baselines/baseline_files/__pycache__) by extensions ['ignore', 'ignore_ament_install']
[0.420s] Level 1:colcon.colcon_core.package_identification:_identify(VSLAM/VSLAM-LAB/Baselines/baseline_files/__pycache__) by extension 'ignore'
[0.420s] Level 1:colcon.colcon_core.package_identification:_identify(VSLAM/VSLAM-LAB/Baselines/baseline_files/__pycache__) by extension 'ignore_ament_install'
[0.420s] Level 1:colcon.colcon_core.package_identification:_identify(VSLAM/VSLAM-LAB/Baselines/baseline_files/__pycache__) by extensions ['colcon_pkg']
[0.420s] Level 1:colcon.colcon_core.package_identification:_identify(VSLAM/VSLAM-LAB/Baselines/baseline_files/__pycache__) by extension 'colcon_pkg'
[0.421s] Level 1:colcon.colcon_core.package_identification:_identify(VSLAM/VSLAM-LAB/Baselines/baseline_files/__pycache__) by extensions ['colcon_meta']
[0.421s] Level 1:colcon.colcon_core.package_identification:_identify(VSLAM/VSLAM-LAB/Baselines/baseline_files/__pycache__) by extension 'colcon_meta'
[0.421s] Level 1:colcon.colcon_core.package_identification:_identify(VSLAM/VSLAM-LAB/Baselines/baseline_files/__pycache__) by extensions ['ros']
[0.421s] Level 1:colcon.colcon_core.package_identification:_identify(VSLAM/VSLAM-LAB/Baselines/baseline_files/__pycache__) by extension 'ros'
[0.421s] Level 1:colcon.colcon_core.package_identification:_identify(VSLAM/VSLAM-LAB/Baselines/baseline_files/__pycache__) by extensions ['cmake', 'python']
[0.421s] Level 1:colcon.colcon_core.package_identification:_identify(VSLAM/VSLAM-LAB/Baselines/baseline_files/__pycache__) by extension 'cmake'
[0.421s] Level 1:colcon.colcon_core.package_identification:_identify(VSLAM/VSLAM-LAB/Baselines/baseline_files/__pycache__) by extension 'python'
[0.421s] Level 1:colcon.colcon_core.package_identification:_identify(VSLAM/VSLAM-LAB/Baselines/baseline_files/__pycache__) by extensions ['python_setup_py']
[0.421s] Level 1:colcon.colcon_core.package_identification:_identify(VSLAM/VSLAM-LAB/Baselines/baseline_files/__pycache__) by extension 'python_setup_py'
[0.421s] Level 1:colcon.colcon_core.package_identification:_identify(VSLAM/VSLAM-LAB/Baselines/extra-files) by extensions ['ignore', 'ignore_ament_install']
[0.421s] Level 1:colcon.colcon_core.package_identification:_identify(VSLAM/VSLAM-LAB/Baselines/extra-files) by extension 'ignore'
[0.421s] Level 1:colcon.colcon_core.package_identification:_identify(VSLAM/VSLAM-LAB/Baselines/extra-files) by extension 'ignore_ament_install'
[0.421s] Level 1:colcon.colcon_core.package_identification:_identify(VSLAM/VSLAM-LAB/Baselines/extra-files) by extensions ['colcon_pkg']
[0.421s] Level 1:colcon.colcon_core.package_identification:_identify(VSLAM/VSLAM-LAB/Baselines/extra-files) by extension 'colcon_pkg'
[0.421s] Level 1:colcon.colcon_core.package_identification:_identify(VSLAM/VSLAM-LAB/Baselines/extra-files) by extensions ['colcon_meta']
[0.421s] Level 1:colcon.colcon_core.package_identification:_identify(VSLAM/VSLAM-LAB/Baselines/extra-files) by extension 'colcon_meta'
[0.421s] Level 1:colcon.colcon_core.package_identification:_identify(VSLAM/VSLAM-LAB/Baselines/extra-files) by extensions ['ros']
[0.421s] Level 1:colcon.colcon_core.package_identification:_identify(VSLAM/VSLAM-LAB/Baselines/extra-files) by extension 'ros'
[0.422s] Level 1:colcon.colcon_core.package_identification:_identify(VSLAM/VSLAM-LAB/Baselines/extra-files) by extensions ['cmake', 'python']
[0.422s] Level 1:colcon.colcon_core.package_identification:_identify(VSLAM/VSLAM-LAB/Baselines/extra-files) by extension 'cmake'
[0.422s] Level 1:colcon.colcon_core.package_identification:_identify(VSLAM/VSLAM-LAB/Baselines/extra-files) by extension 'python'
[0.422s] Level 1:colcon.colcon_core.package_identification:_identify(VSLAM/VSLAM-LAB/Baselines/extra-files) by extensions ['python_setup_py']
[0.422s] Level 1:colcon.colcon_core.package_identification:_identify(VSLAM/VSLAM-LAB/Baselines/extra-files) by extension 'python_setup_py'
[0.422s] Level 1:colcon.colcon_core.package_identification:_identify(VSLAM/VSLAM-LAB/Baselines/extra-files/Depth-Anything-V2) by extensions ['ignore', 'ignore_ament_install']
[0.422s] Level 1:colcon.colcon_core.package_identification:_identify(VSLAM/VSLAM-LAB/Baselines/extra-files/Depth-Anything-V2) by extension 'ignore'
[0.422s] Level 1:colcon.colcon_core.package_identification:_identify(VSLAM/VSLAM-LAB/Baselines/extra-files/Depth-Anything-V2) by extension 'ignore_ament_install'
[0.422s] Level 1:colcon.colcon_core.package_identification:_identify(VSLAM/VSLAM-LAB/Baselines/extra-files/Depth-Anything-V2) by extensions ['colcon_pkg']
[0.422s] Level 1:colcon.colcon_core.package_identification:_identify(VSLAM/VSLAM-LAB/Baselines/extra-files/Depth-Anything-V2) by extension 'colcon_pkg'
[0.422s] Level 1:colcon.colcon_core.package_identification:_identify(VSLAM/VSLAM-LAB/Baselines/extra-files/Depth-Anything-V2) by extensions ['colcon_meta']
[0.422s] Level 1:colcon.colcon_core.package_identification:_identify(VSLAM/VSLAM-LAB/Baselines/extra-files/Depth-Anything-V2) by extension 'colcon_meta'
[0.422s] Level 1:colcon.colcon_core.package_identification:_identify(VSLAM/VSLAM-LAB/Baselines/extra-files/Depth-Anything-V2) by extensions ['ros']
[0.422s] Level 1:colcon.colcon_core.package_identification:_identify(VSLAM/VSLAM-LAB/Baselines/extra-files/Depth-Anything-V2) by extension 'ros'
[0.422s] Level 1:colcon.colcon_core.package_identification:_identify(VSLAM/VSLAM-LAB/Baselines/extra-files/Depth-Anything-V2) by extensions ['cmake', 'python']
[0.422s] Level 1:colcon.colcon_core.package_identification:_identify(VSLAM/VSLAM-LAB/Baselines/extra-files/Depth-Anything-V2) by extension 'cmake'
[0.422s] Level 1:colcon.colcon_core.package_identification:_identify(VSLAM/VSLAM-LAB/Baselines/extra-files/Depth-Anything-V2) by extension 'python'
[0.422s] Level 1:colcon.colcon_core.package_identification:_identify(VSLAM/VSLAM-LAB/Baselines/extra-files/Depth-Anything-V2) by extensions ['python_setup_py']
[0.422s] Level 1:colcon.colcon_core.package_identification:_identify(VSLAM/VSLAM-LAB/Baselines/extra-files/Depth-Anything-V2) by extension 'python_setup_py'
[0.423s] Level 1:colcon.colcon_core.package_identification:_identify(VSLAM/VSLAM-LAB/Baselines/extra-files/depth_estimation) by extensions ['ignore', 'ignore_ament_install']
[0.423s] Level 1:colcon.colcon_core.package_identification:_identify(VSLAM/VSLAM-LAB/Baselines/extra-files/depth_estimation) by extension 'ignore'
[0.423s] Level 1:colcon.colcon_core.package_identification:_identify(VSLAM/VSLAM-LAB/Baselines/extra-files/depth_estimation) by extension 'ignore_ament_install'
[0.423s] Level 1:colcon.colcon_core.package_identification:_identify(VSLAM/VSLAM-LAB/Baselines/extra-files/depth_estimation) by extensions ['colcon_pkg']
[0.423s] Level 1:colcon.colcon_core.package_identification:_identify(VSLAM/VSLAM-LAB/Baselines/extra-files/depth_estimation) by extension 'colcon_pkg'
[0.423s] Level 1:colcon.colcon_core.package_identification:_identify(VSLAM/VSLAM-LAB/Baselines/extra-files/depth_estimation) by extensions ['colcon_meta']
[0.423s] Level 1:colcon.colcon_core.package_identification:_identify(VSLAM/VSLAM-LAB/Baselines/extra-files/depth_estimation) by extension 'colcon_meta'
[0.423s] Level 1:colcon.colcon_core.package_identification:_identify(VSLAM/VSLAM-LAB/Baselines/extra-files/depth_estimation) by extensions ['ros']
[0.423s] Level 1:colcon.colcon_core.package_identification:_identify(VSLAM/VSLAM-LAB/Baselines/extra-files/depth_estimation) by extension 'ros'
[0.423s] Level 1:colcon.colcon_core.package_identification:_identify(VSLAM/VSLAM-LAB/Baselines/extra-files/depth_estimation) by extensions ['cmake', 'python']
[0.423s] Level 1:colcon.colcon_core.package_identification:_identify(VSLAM/VSLAM-LAB/Baselines/extra-files/depth_estimation) by extension 'cmake'
[0.423s] Level 1:colcon.colcon_core.package_identification:_identify(VSLAM/VSLAM-LAB/Baselines/extra-files/depth_estimation) by extension 'python'
[0.423s] Level 1:colcon.colcon_core.package_identification:_identify(VSLAM/VSLAM-LAB/Baselines/extra-files/depth_estimation) by extensions ['python_setup_py']
[0.423s] Level 1:colcon.colcon_core.package_identification:_identify(VSLAM/VSLAM-LAB/Baselines/extra-files/depth_estimation) by extension 'python_setup_py'
[0.423s] Level 1:colcon.colcon_core.package_identification:_identify(VSLAM/VSLAM-LAB/Baselines/extra-files/dust3r) by extensions ['ignore', 'ignore_ament_install']
[0.423s] Level 1:colcon.colcon_core.package_identification:_identify(VSLAM/VSLAM-LAB/Baselines/extra-files/dust3r) by extension 'ignore'
[0.423s] Level 1:colcon.colcon_core.package_identification:_identify(VSLAM/VSLAM-LAB/Baselines/extra-files/dust3r) by extension 'ignore_ament_install'
[0.424s] Level 1:colcon.colcon_core.package_identification:_identify(VSLAM/VSLAM-LAB/Baselines/extra-files/dust3r) by extensions ['colcon_pkg']
[0.424s] Level 1:colcon.colcon_core.package_identification:_identify(VSLAM/VSLAM-LAB/Baselines/extra-files/dust3r) by extension 'colcon_pkg'
[0.424s] Level 1:colcon.colcon_core.package_identification:_identify(VSLAM/VSLAM-LAB/Baselines/extra-files/dust3r) by extensions ['colcon_meta']
[0.424s] Level 1:colcon.colcon_core.package_identification:_identify(VSLAM/VSLAM-LAB/Baselines/extra-files/dust3r) by extension 'colcon_meta'
[0.424s] Level 1:colcon.colcon_core.package_identification:_identify(VSLAM/VSLAM-LAB/Baselines/extra-files/dust3r) by extensions ['ros']
[0.424s] Level 1:colcon.colcon_core.package_identification:_identify(VSLAM/VSLAM-LAB/Baselines/extra-files/dust3r) by extension 'ros'
[0.424s] Level 1:colcon.colcon_core.package_identification:_identify(VSLAM/VSLAM-LAB/Baselines/extra-files/dust3r) by extensions ['cmake', 'python']
[0.424s] Level 1:colcon.colcon_core.package_identification:_identify(VSLAM/VSLAM-LAB/Baselines/extra-files/dust3r) by extension 'cmake'
[0.424s] Level 1:colcon.colcon_core.package_identification:_identify(VSLAM/VSLAM-LAB/Baselines/extra-files/dust3r) by extension 'python'
[0.424s] Level 1:colcon.colcon_core.package_identification:_identify(VSLAM/VSLAM-LAB/Baselines/extra-files/dust3r) by extensions ['python_setup_py']
[0.424s] Level 1:colcon.colcon_core.package_identification:_identify(VSLAM/VSLAM-LAB/Baselines/extra-files/dust3r) by extension 'python_setup_py'
[0.424s] Level 1:colcon.colcon_core.package_identification:_identify(VSLAM/VSLAM-LAB/Baselines/extra-files/r2d2) by extensions ['ignore', 'ignore_ament_install']
[0.424s] Level 1:colcon.colcon_core.package_identification:_identify(VSLAM/VSLAM-LAB/Baselines/extra-files/r2d2) by extension 'ignore'
[0.424s] Level 1:colcon.colcon_core.package_identification:_identify(VSLAM/VSLAM-LAB/Baselines/extra-files/r2d2) by extension 'ignore_ament_install'
[0.424s] Level 1:colcon.colcon_core.package_identification:_identify(VSLAM/VSLAM-LAB/Baselines/extra-files/r2d2) by extensions ['colcon_pkg']
[0.424s] Level 1:colcon.colcon_core.package_identification:_identify(VSLAM/VSLAM-LAB/Baselines/extra-files/r2d2) by extension 'colcon_pkg'
[0.424s] Level 1:colcon.colcon_core.package_identification:_identify(VSLAM/VSLAM-LAB/Baselines/extra-files/r2d2) by extensions ['colcon_meta']
[0.424s] Level 1:colcon.colcon_core.package_identification:_identify(VSLAM/VSLAM-LAB/Baselines/extra-files/r2d2) by extension 'colcon_meta'
[0.424s] Level 1:colcon.colcon_core.package_identification:_identify(VSLAM/VSLAM-LAB/Baselines/extra-files/r2d2) by extensions ['ros']
[0.424s] Level 1:colcon.colcon_core.package_identification:_identify(VSLAM/VSLAM-LAB/Baselines/extra-files/r2d2) by extension 'ros'
[0.425s] Level 1:colcon.colcon_core.package_identification:_identify(VSLAM/VSLAM-LAB/Baselines/extra-files/r2d2) by extensions ['cmake', 'python']
[0.425s] Level 1:colcon.colcon_core.package_identification:_identify(VSLAM/VSLAM-LAB/Baselines/extra-files/r2d2) by extension 'cmake'
[0.425s] Level 1:colcon.colcon_core.package_identification:_identify(VSLAM/VSLAM-LAB/Baselines/extra-files/r2d2) by extension 'python'
[0.425s] Level 1:colcon.colcon_core.package_identification:_identify(VSLAM/VSLAM-LAB/Baselines/extra-files/r2d2) by extensions ['python_setup_py']
[0.425s] Level 1:colcon.colcon_core.package_identification:_identify(VSLAM/VSLAM-LAB/Baselines/extra-files/r2d2) by extension 'python_setup_py'
[0.425s] Level 1:colcon.colcon_core.package_identification:_identify(VSLAM/VSLAM-LAB/Datasets) by extensions ['ignore', 'ignore_ament_install']
[0.425s] Level 1:colcon.colcon_core.package_identification:_identify(VSLAM/VSLAM-LAB/Datasets) by extension 'ignore'
[0.425s] Level 1:colcon.colcon_core.package_identification:_identify(VSLAM/VSLAM-LAB/Datasets) by extension 'ignore_ament_install'
[0.425s] Level 1:colcon.colcon_core.package_identification:_identify(VSLAM/VSLAM-LAB/Datasets) by extensions ['colcon_pkg']
[0.425s] Level 1:colcon.colcon_core.package_identification:_identify(VSLAM/VSLAM-LAB/Datasets) by extension 'colcon_pkg'
[0.425s] Level 1:colcon.colcon_core.package_identification:_identify(VSLAM/VSLAM-LAB/Datasets) by extensions ['colcon_meta']
[0.425s] Level 1:colcon.colcon_core.package_identification:_identify(VSLAM/VSLAM-LAB/Datasets) by extension 'colcon_meta'
[0.425s] Level 1:colcon.colcon_core.package_identification:_identify(VSLAM/VSLAM-LAB/Datasets) by extensions ['ros']
[0.425s] Level 1:colcon.colcon_core.package_identification:_identify(VSLAM/VSLAM-LAB/Datasets) by extension 'ros'
[0.425s] Level 1:colcon.colcon_core.package_identification:_identify(VSLAM/VSLAM-LAB/Datasets) by extensions ['cmake', 'python']
[0.425s] Level 1:colcon.colcon_core.package_identification:_identify(VSLAM/VSLAM-LAB/Datasets) by extension 'cmake'
[0.425s] Level 1:colcon.colcon_core.package_identification:_identify(VSLAM/VSLAM-LAB/Datasets) by extension 'python'
[0.425s] Level 1:colcon.colcon_core.package_identification:_identify(VSLAM/VSLAM-LAB/Datasets) by extensions ['python_setup_py']
[0.425s] Level 1:colcon.colcon_core.package_identification:_identify(VSLAM/VSLAM-LAB/Datasets) by extension 'python_setup_py'
[0.426s] Level 1:colcon.colcon_core.package_identification:_identify(VSLAM/VSLAM-LAB/Datasets/__pycache__) by extensions ['ignore', 'ignore_ament_install']
[0.426s] Level 1:colcon.colcon_core.package_identification:_identify(VSLAM/VSLAM-LAB/Datasets/__pycache__) by extension 'ignore'
[0.426s] Level 1:colcon.colcon_core.package_identification:_identify(VSLAM/VSLAM-LAB/Datasets/__pycache__) by extension 'ignore_ament_install'
[0.426s] Level 1:colcon.colcon_core.package_identification:_identify(VSLAM/VSLAM-LAB/Datasets/__pycache__) by extensions ['colcon_pkg']
[0.426s] Level 1:colcon.colcon_core.package_identification:_identify(VSLAM/VSLAM-LAB/Datasets/__pycache__) by extension 'colcon_pkg'
[0.426s] Level 1:colcon.colcon_core.package_identification:_identify(VSLAM/VSLAM-LAB/Datasets/__pycache__) by extensions ['colcon_meta']
[0.426s] Level 1:colcon.colcon_core.package_identification:_identify(VSLAM/VSLAM-LAB/Datasets/__pycache__) by extension 'colcon_meta'
[0.426s] Level 1:colcon.colcon_core.package_identification:_identify(VSLAM/VSLAM-LAB/Datasets/__pycache__) by extensions ['ros']
[0.426s] Level 1:colcon.colcon_core.package_identification:_identify(VSLAM/VSLAM-LAB/Datasets/__pycache__) by extension 'ros'
[0.426s] Level 1:colcon.colcon_core.package_identification:_identify(VSLAM/VSLAM-LAB/Datasets/__pycache__) by extensions ['cmake', 'python']
[0.426s] Level 1:colcon.colcon_core.package_identification:_identify(VSLAM/VSLAM-LAB/Datasets/__pycache__) by extension 'cmake'
[0.426s] Level 1:colcon.colcon_core.package_identification:_identify(VSLAM/VSLAM-LAB/Datasets/__pycache__) by extension 'python'
[0.426s] Level 1:colcon.colcon_core.package_identification:_identify(VSLAM/VSLAM-LAB/Datasets/__pycache__) by extensions ['python_setup_py']
[0.426s] Level 1:colcon.colcon_core.package_identification:_identify(VSLAM/VSLAM-LAB/Datasets/__pycache__) by extension 'python_setup_py'
[0.426s] Level 1:colcon.colcon_core.package_identification:_identify(VSLAM/VSLAM-LAB/Datasets/dataset_files) by extensions ['ignore', 'ignore_ament_install']
[0.426s] Level 1:colcon.colcon_core.package_identification:_identify(VSLAM/VSLAM-LAB/Datasets/dataset_files) by extension 'ignore'
[0.427s] Level 1:colcon.colcon_core.package_identification:_identify(VSLAM/VSLAM-LAB/Datasets/dataset_files) by extension 'ignore_ament_install'
[0.427s] Level 1:colcon.colcon_core.package_identification:_identify(VSLAM/VSLAM-LAB/Datasets/dataset_files) by extensions ['colcon_pkg']
[0.427s] Level 1:colcon.colcon_core.package_identification:_identify(VSLAM/VSLAM-LAB/Datasets/dataset_files) by extension 'colcon_pkg'
[0.427s] Level 1:colcon.colcon_core.package_identification:_identify(VSLAM/VSLAM-LAB/Datasets/dataset_files) by extensions ['colcon_meta']
[0.427s] Level 1:colcon.colcon_core.package_identification:_identify(VSLAM/VSLAM-LAB/Datasets/dataset_files) by extension 'colcon_meta'
[0.427s] Level 1:colcon.colcon_core.package_identification:_identify(VSLAM/VSLAM-LAB/Datasets/dataset_files) by extensions ['ros']
[0.427s] Level 1:colcon.colcon_core.package_identification:_identify(VSLAM/VSLAM-LAB/Datasets/dataset_files) by extension 'ros'
[0.427s] Level 1:colcon.colcon_core.package_identification:_identify(VSLAM/VSLAM-LAB/Datasets/dataset_files) by extensions ['cmake', 'python']
[0.427s] Level 1:colcon.colcon_core.package_identification:_identify(VSLAM/VSLAM-LAB/Datasets/dataset_files) by extension 'cmake'
[0.427s] Level 1:colcon.colcon_core.package_identification:_identify(VSLAM/VSLAM-LAB/Datasets/dataset_files) by extension 'python'
[0.427s] Level 1:colcon.colcon_core.package_identification:_identify(VSLAM/VSLAM-LAB/Datasets/dataset_files) by extensions ['python_setup_py']
[0.427s] Level 1:colcon.colcon_core.package_identification:_identify(VSLAM/VSLAM-LAB/Datasets/dataset_files) by extension 'python_setup_py'
[0.427s] Level 1:colcon.colcon_core.package_identification:_identify(VSLAM/VSLAM-LAB/Datasets/dataset_files/__pycache__) by extensions ['ignore', 'ignore_ament_install']
[0.427s] Level 1:colcon.colcon_core.package_identification:_identify(VSLAM/VSLAM-LAB/Datasets/dataset_files/__pycache__) by extension 'ignore'
[0.427s] Level 1:colcon.colcon_core.package_identification:_identify(VSLAM/VSLAM-LAB/Datasets/dataset_files/__pycache__) by extension 'ignore_ament_install'
[0.427s] Level 1:colcon.colcon_core.package_identification:_identify(VSLAM/VSLAM-LAB/Datasets/dataset_files/__pycache__) by extensions ['colcon_pkg']
[0.427s] Level 1:colcon.colcon_core.package_identification:_identify(VSLAM/VSLAM-LAB/Datasets/dataset_files/__pycache__) by extension 'colcon_pkg'
[0.427s] Level 1:colcon.colcon_core.package_identification:_identify(VSLAM/VSLAM-LAB/Datasets/dataset_files/__pycache__) by extensions ['colcon_meta']
[0.428s] Level 1:colcon.colcon_core.package_identification:_identify(VSLAM/VSLAM-LAB/Datasets/dataset_files/__pycache__) by extension 'colcon_meta'
[0.428s] Level 1:colcon.colcon_core.package_identification:_identify(VSLAM/VSLAM-LAB/Datasets/dataset_files/__pycache__) by extensions ['ros']
[0.428s] Level 1:colcon.colcon_core.package_identification:_identify(VSLAM/VSLAM-LAB/Datasets/dataset_files/__pycache__) by extension 'ros'
[0.428s] Level 1:colcon.colcon_core.package_identification:_identify(VSLAM/VSLAM-LAB/Datasets/dataset_files/__pycache__) by extensions ['cmake', 'python']
[0.428s] Level 1:colcon.colcon_core.package_identification:_identify(VSLAM/VSLAM-LAB/Datasets/dataset_files/__pycache__) by extension 'cmake'
[0.428s] Level 1:colcon.colcon_core.package_identification:_identify(VSLAM/VSLAM-LAB/Datasets/dataset_files/__pycache__) by extension 'python'
[0.428s] Level 1:colcon.colcon_core.package_identification:_identify(VSLAM/VSLAM-LAB/Datasets/dataset_files/__pycache__) by extensions ['python_setup_py']
[0.428s] Level 1:colcon.colcon_core.package_identification:_identify(VSLAM/VSLAM-LAB/Datasets/dataset_files/__pycache__) by extension 'python_setup_py'
[0.428s] Level 1:colcon.colcon_core.package_identification:_identify(VSLAM/VSLAM-LAB/Datasets/extra-files) by extensions ['ignore', 'ignore_ament_install']
[0.428s] Level 1:colcon.colcon_core.package_identification:_identify(VSLAM/VSLAM-LAB/Datasets/extra-files) by extension 'ignore'
[0.428s] Level 1:colcon.colcon_core.package_identification:_identify(VSLAM/VSLAM-LAB/Datasets/extra-files) by extension 'ignore_ament_install'
[0.428s] Level 1:colcon.colcon_core.package_identification:_identify(VSLAM/VSLAM-LAB/Datasets/extra-files) by extensions ['colcon_pkg']
[0.428s] Level 1:colcon.colcon_core.package_identification:_identify(VSLAM/VSLAM-LAB/Datasets/extra-files) by extension 'colcon_pkg'
[0.428s] Level 1:colcon.colcon_core.package_identification:_identify(VSLAM/VSLAM-LAB/Datasets/extra-files) by extensions ['colcon_meta']
[0.428s] Level 1:colcon.colcon_core.package_identification:_identify(VSLAM/VSLAM-LAB/Datasets/extra-files) by extension 'colcon_meta'
[0.428s] Level 1:colcon.colcon_core.package_identification:_identify(VSLAM/VSLAM-LAB/Datasets/extra-files) by extensions ['ros']
[0.428s] Level 1:colcon.colcon_core.package_identification:_identify(VSLAM/VSLAM-LAB/Datasets/extra-files) by extension 'ros'
[0.428s] Level 1:colcon.colcon_core.package_identification:_identify(VSLAM/VSLAM-LAB/Datasets/extra-files) by extensions ['cmake', 'python']
[0.429s] Level 1:colcon.colcon_core.package_identification:_identify(VSLAM/VSLAM-LAB/Datasets/extra-files) by extension 'cmake'
[0.430s] Level 1:colcon.colcon_core.package_identification:_identify(VSLAM/VSLAM-LAB/Datasets/extra-files) by extension 'python'
[0.430s] DEBUG:colcon.colcon_core.package_identification:Package 'VSLAM/VSLAM-LAB/Datasets/extra-files' with type 'cmake' and name 'PhotometricDatasetCalibration'
[0.430s] Level 1:colcon.colcon_core.package_identification:_identify(VSLAM/VSLAM-LAB/Evaluate) by extensions ['ignore', 'ignore_ament_install']
[0.430s] Level 1:colcon.colcon_core.package_identification:_identify(VSLAM/VSLAM-LAB/Evaluate) by extension 'ignore'
[0.430s] Level 1:colcon.colcon_core.package_identification:_identify(VSLAM/VSLAM-LAB/Evaluate) by extension 'ignore_ament_install'
[0.430s] Level 1:colcon.colcon_core.package_identification:_identify(VSLAM/VSLAM-LAB/Evaluate) by extensions ['colcon_pkg']
[0.430s] Level 1:colcon.colcon_core.package_identification:_identify(VSLAM/VSLAM-LAB/Evaluate) by extension 'colcon_pkg'
[0.430s] Level 1:colcon.colcon_core.package_identification:_identify(VSLAM/VSLAM-LAB/Evaluate) by extensions ['colcon_meta']
[0.430s] Level 1:colcon.colcon_core.package_identification:_identify(VSLAM/VSLAM-LAB/Evaluate) by extension 'colcon_meta'
[0.430s] Level 1:colcon.colcon_core.package_identification:_identify(VSLAM/VSLAM-LAB/Evaluate) by extensions ['ros']
[0.430s] Level 1:colcon.colcon_core.package_identification:_identify(VSLAM/VSLAM-LAB/Evaluate) by extension 'ros'
[0.430s] Level 1:colcon.colcon_core.package_identification:_identify(VSLAM/VSLAM-LAB/Evaluate) by extensions ['cmake', 'python']
[0.430s] Level 1:colcon.colcon_core.package_identification:_identify(VSLAM/VSLAM-LAB/Evaluate) by extension 'cmake'
[0.430s] Level 1:colcon.colcon_core.package_identification:_identify(VSLAM/VSLAM-LAB/Evaluate) by extension 'python'
[0.431s] Level 1:colcon.colcon_core.package_identification:_identify(VSLAM/VSLAM-LAB/Evaluate) by extensions ['python_setup_py']
[0.431s] Level 1:colcon.colcon_core.package_identification:_identify(VSLAM/VSLAM-LAB/Evaluate) by extension 'python_setup_py'
[0.431s] Level 1:colcon.colcon_core.package_identification:_identify(VSLAM/VSLAM-LAB/Evaluate/__pycache__) by extensions ['ignore', 'ignore_ament_install']
[0.431s] Level 1:colcon.colcon_core.package_identification:_identify(VSLAM/VSLAM-LAB/Evaluate/__pycache__) by extension 'ignore'
[0.431s] Level 1:colcon.colcon_core.package_identification:_identify(VSLAM/VSLAM-LAB/Evaluate/__pycache__) by extension 'ignore_ament_install'
[0.431s] Level 1:colcon.colcon_core.package_identification:_identify(VSLAM/VSLAM-LAB/Evaluate/__pycache__) by extensions ['colcon_pkg']
[0.431s] Level 1:colcon.colcon_core.package_identification:_identify(VSLAM/VSLAM-LAB/Evaluate/__pycache__) by extension 'colcon_pkg'
[0.431s] Level 1:colcon.colcon_core.package_identification:_identify(VSLAM/VSLAM-LAB/Evaluate/__pycache__) by extensions ['colcon_meta']
[0.431s] Level 1:colcon.colcon_core.package_identification:_identify(VSLAM/VSLAM-LAB/Evaluate/__pycache__) by extension 'colcon_meta'
[0.431s] Level 1:colcon.colcon_core.package_identification:_identify(VSLAM/VSLAM-LAB/Evaluate/__pycache__) by extensions ['ros']
[0.431s] Level 1:colcon.colcon_core.package_identification:_identify(VSLAM/VSLAM-LAB/Evaluate/__pycache__) by extension 'ros'
[0.431s] Level 1:colcon.colcon_core.package_identification:_identify(VSLAM/VSLAM-LAB/Evaluate/__pycache__) by extensions ['cmake', 'python']
[0.431s] Level 1:colcon.colcon_core.package_identification:_identify(VSLAM/VSLAM-LAB/Evaluate/__pycache__) by extension 'cmake'
[0.431s] Level 1:colcon.colcon_core.package_identification:_identify(VSLAM/VSLAM-LAB/Evaluate/__pycache__) by extension 'python'
[0.431s] Level 1:colcon.colcon_core.package_identification:_identify(VSLAM/VSLAM-LAB/Evaluate/__pycache__) by extensions ['python_setup_py']
[0.431s] Level 1:colcon.colcon_core.package_identification:_identify(VSLAM/VSLAM-LAB/Evaluate/__pycache__) by extension 'python_setup_py'
[0.431s] Level 1:colcon.colcon_core.package_identification:_identify(VSLAM/VSLAM-LAB/Run) by extensions ['ignore', 'ignore_ament_install']
[0.432s] Level 1:colcon.colcon_core.package_identification:_identify(VSLAM/VSLAM-LAB/Run) by extension 'ignore'
[0.432s] Level 1:colcon.colcon_core.package_identification:_identify(VSLAM/VSLAM-LAB/Run) by extension 'ignore_ament_install'
[0.432s] Level 1:colcon.colcon_core.package_identification:_identify(VSLAM/VSLAM-LAB/Run) by extensions ['colcon_pkg']
[0.432s] Level 1:colcon.colcon_core.package_identification:_identify(VSLAM/VSLAM-LAB/Run) by extension 'colcon_pkg'
[0.432s] Level 1:colcon.colcon_core.package_identification:_identify(VSLAM/VSLAM-LAB/Run) by extensions ['colcon_meta']
[0.432s] Level 1:colcon.colcon_core.package_identification:_identify(VSLAM/VSLAM-LAB/Run) by extension 'colcon_meta'
[0.432s] Level 1:colcon.colcon_core.package_identification:_identify(VSLAM/VSLAM-LAB/Run) by extensions ['ros']
[0.432s] Level 1:colcon.colcon_core.package_identification:_identify(VSLAM/VSLAM-LAB/Run) by extension 'ros'
[0.432s] Level 1:colcon.colcon_core.package_identification:_identify(VSLAM/VSLAM-LAB/Run) by extensions ['cmake', 'python']
[0.432s] Level 1:colcon.colcon_core.package_identification:_identify(VSLAM/VSLAM-LAB/Run) by extension 'cmake'
[0.432s] Level 1:colcon.colcon_core.package_identification:_identify(VSLAM/VSLAM-LAB/Run) by extension 'python'
[0.432s] Level 1:colcon.colcon_core.package_identification:_identify(VSLAM/VSLAM-LAB/Run) by extensions ['python_setup_py']
[0.432s] Level 1:colcon.colcon_core.package_identification:_identify(VSLAM/VSLAM-LAB/Run) by extension 'python_setup_py'
[0.432s] Level 1:colcon.colcon_core.package_identification:_identify(VSLAM/VSLAM-LAB/Run/__pycache__) by extensions ['ignore', 'ignore_ament_install']
[0.432s] Level 1:colcon.colcon_core.package_identification:_identify(VSLAM/VSLAM-LAB/Run/__pycache__) by extension 'ignore'
[0.432s] Level 1:colcon.colcon_core.package_identification:_identify(VSLAM/VSLAM-LAB/Run/__pycache__) by extension 'ignore_ament_install'
[0.432s] Level 1:colcon.colcon_core.package_identification:_identify(VSLAM/VSLAM-LAB/Run/__pycache__) by extensions ['colcon_pkg']
[0.432s] Level 1:colcon.colcon_core.package_identification:_identify(VSLAM/VSLAM-LAB/Run/__pycache__) by extension 'colcon_pkg'
[0.432s] Level 1:colcon.colcon_core.package_identification:_identify(VSLAM/VSLAM-LAB/Run/__pycache__) by extensions ['colcon_meta']
[0.433s] Level 1:colcon.colcon_core.package_identification:_identify(VSLAM/VSLAM-LAB/Run/__pycache__) by extension 'colcon_meta'
[0.433s] Level 1:colcon.colcon_core.package_identification:_identify(VSLAM/VSLAM-LAB/Run/__pycache__) by extensions ['ros']
[0.433s] Level 1:colcon.colcon_core.package_identification:_identify(VSLAM/VSLAM-LAB/Run/__pycache__) by extension 'ros'
[0.433s] Level 1:colcon.colcon_core.package_identification:_identify(VSLAM/VSLAM-LAB/Run/__pycache__) by extensions ['cmake', 'python']
[0.433s] Level 1:colcon.colcon_core.package_identification:_identify(VSLAM/VSLAM-LAB/Run/__pycache__) by extension 'cmake'
[0.433s] Level 1:colcon.colcon_core.package_identification:_identify(VSLAM/VSLAM-LAB/Run/__pycache__) by extension 'python'
[0.433s] Level 1:colcon.colcon_core.package_identification:_identify(VSLAM/VSLAM-LAB/Run/__pycache__) by extensions ['python_setup_py']
[0.433s] Level 1:colcon.colcon_core.package_identification:_identify(VSLAM/VSLAM-LAB/Run/__pycache__) by extension 'python_setup_py'
[0.433s] Level 1:colcon.colcon_core.package_identification:_identify(VSLAM/VSLAM-LAB/Utilities) by extensions ['ignore', 'ignore_ament_install']
[0.433s] Level 1:colcon.colcon_core.package_identification:_identify(VSLAM/VSLAM-LAB/Utilities) by extension 'ignore'
[0.433s] Level 1:colcon.colcon_core.package_identification:_identify(VSLAM/VSLAM-LAB/Utilities) by extension 'ignore_ament_install'
[0.433s] Level 1:colcon.colcon_core.package_identification:_identify(VSLAM/VSLAM-LAB/Utilities) by extensions ['colcon_pkg']
[0.433s] Level 1:colcon.colcon_core.package_identification:_identify(VSLAM/VSLAM-LAB/Utilities) by extension 'colcon_pkg'
[0.433s] Level 1:colcon.colcon_core.package_identification:_identify(VSLAM/VSLAM-LAB/Utilities) by extensions ['colcon_meta']
[0.433s] Level 1:colcon.colcon_core.package_identification:_identify(VSLAM/VSLAM-LAB/Utilities) by extension 'colcon_meta'
[0.433s] Level 1:colcon.colcon_core.package_identification:_identify(VSLAM/VSLAM-LAB/Utilities) by extensions ['ros']
[0.433s] Level 1:colcon.colcon_core.package_identification:_identify(VSLAM/VSLAM-LAB/Utilities) by extension 'ros'
[0.433s] Level 1:colcon.colcon_core.package_identification:_identify(VSLAM/VSLAM-LAB/Utilities) by extensions ['cmake', 'python']
[0.433s] Level 1:colcon.colcon_core.package_identification:_identify(VSLAM/VSLAM-LAB/Utilities) by extension 'cmake'
[0.434s] Level 1:colcon.colcon_core.package_identification:_identify(VSLAM/VSLAM-LAB/Utilities) by extension 'python'
[0.434s] Level 1:colcon.colcon_core.package_identification:_identify(VSLAM/VSLAM-LAB/Utilities) by extensions ['python_setup_py']
[0.434s] Level 1:colcon.colcon_core.package_identification:_identify(VSLAM/VSLAM-LAB/Utilities) by extension 'python_setup_py'
[0.434s] Level 1:colcon.colcon_core.package_identification:_identify(VSLAM/VSLAM-LAB/__pycache__) by extensions ['ignore', 'ignore_ament_install']
[0.434s] Level 1:colcon.colcon_core.package_identification:_identify(VSLAM/VSLAM-LAB/__pycache__) by extension 'ignore'
[0.434s] Level 1:colcon.colcon_core.package_identification:_identify(VSLAM/VSLAM-LAB/__pycache__) by extension 'ignore_ament_install'
[0.434s] Level 1:colcon.colcon_core.package_identification:_identify(VSLAM/VSLAM-LAB/__pycache__) by extensions ['colcon_pkg']
[0.434s] Level 1:colcon.colcon_core.package_identification:_identify(VSLAM/VSLAM-LAB/__pycache__) by extension 'colcon_pkg'
[0.434s] Level 1:colcon.colcon_core.package_identification:_identify(VSLAM/VSLAM-LAB/__pycache__) by extensions ['colcon_meta']
[0.434s] Level 1:colcon.colcon_core.package_identification:_identify(VSLAM/VSLAM-LAB/__pycache__) by extension 'colcon_meta'
[0.434s] Level 1:colcon.colcon_core.package_identification:_identify(VSLAM/VSLAM-LAB/__pycache__) by extensions ['ros']
[0.434s] Level 1:colcon.colcon_core.package_identification:_identify(VSLAM/VSLAM-LAB/__pycache__) by extension 'ros'
[0.434s] Level 1:colcon.colcon_core.package_identification:_identify(VSLAM/VSLAM-LAB/__pycache__) by extensions ['cmake', 'python']
[0.434s] Level 1:colcon.colcon_core.package_identification:_identify(VSLAM/VSLAM-LAB/__pycache__) by extension 'cmake'
[0.434s] Level 1:colcon.colcon_core.package_identification:_identify(VSLAM/VSLAM-LAB/__pycache__) by extension 'python'
[0.434s] Level 1:colcon.colcon_core.package_identification:_identify(VSLAM/VSLAM-LAB/__pycache__) by extensions ['python_setup_py']
[0.434s] Level 1:colcon.colcon_core.package_identification:_identify(VSLAM/VSLAM-LAB/__pycache__) by extension 'python_setup_py'
[0.435s] Level 1:colcon.colcon_core.package_identification:_identify(VSLAM/VSLAM-LAB/configs) by extensions ['ignore', 'ignore_ament_install']
[0.435s] Level 1:colcon.colcon_core.package_identification:_identify(VSLAM/VSLAM-LAB/configs) by extension 'ignore'
[0.435s] Level 1:colcon.colcon_core.package_identification:_identify(VSLAM/VSLAM-LAB/configs) by extension 'ignore_ament_install'
[0.435s] Level 1:colcon.colcon_core.package_identification:_identify(VSLAM/VSLAM-LAB/configs) by extensions ['colcon_pkg']
[0.435s] Level 1:colcon.colcon_core.package_identification:_identify(VSLAM/VSLAM-LAB/configs) by extension 'colcon_pkg'
[0.435s] Level 1:colcon.colcon_core.package_identification:_identify(VSLAM/VSLAM-LAB/configs) by extensions ['colcon_meta']
[0.435s] Level 1:colcon.colcon_core.package_identification:_identify(VSLAM/VSLAM-LAB/configs) by extension 'colcon_meta'
[0.435s] Level 1:colcon.colcon_core.package_identification:_identify(VSLAM/VSLAM-LAB/configs) by extensions ['ros']
[0.435s] Level 1:colcon.colcon_core.package_identification:_identify(VSLAM/VSLAM-LAB/configs) by extension 'ros'
[0.435s] Level 1:colcon.colcon_core.package_identification:_identify(VSLAM/VSLAM-LAB/configs) by extensions ['cmake', 'python']
[0.435s] Level 1:colcon.colcon_core.package_identification:_identify(VSLAM/VSLAM-LAB/configs) by extension 'cmake'
[0.435s] Level 1:colcon.colcon_core.package_identification:_identify(VSLAM/VSLAM-LAB/configs) by extension 'python'
[0.435s] Level 1:colcon.colcon_core.package_identification:_identify(VSLAM/VSLAM-LAB/configs) by extensions ['python_setup_py']
[0.435s] Level 1:colcon.colcon_core.package_identification:_identify(VSLAM/VSLAM-LAB/configs) by extension 'python_setup_py'
[0.435s] Level 1:colcon.colcon_core.package_identification:_identify(VSLAM/VSLAM-LAB/docs) by extensions ['ignore', 'ignore_ament_install']
[0.435s] Level 1:colcon.colcon_core.package_identification:_identify(VSLAM/VSLAM-LAB/docs) by extension 'ignore'
[0.435s] Level 1:colcon.colcon_core.package_identification:_identify(VSLAM/VSLAM-LAB/docs) by extension 'ignore_ament_install'
[0.435s] Level 1:colcon.colcon_core.package_identification:_identify(VSLAM/VSLAM-LAB/docs) by extensions ['colcon_pkg']
[0.436s] Level 1:colcon.colcon_core.package_identification:_identify(VSLAM/VSLAM-LAB/docs) by extension 'colcon_pkg'
[0.436s] Level 1:colcon.colcon_core.package_identification:_identify(VSLAM/VSLAM-LAB/docs) by extensions ['colcon_meta']
[0.436s] Level 1:colcon.colcon_core.package_identification:_identify(VSLAM/VSLAM-LAB/docs) by extension 'colcon_meta'
[0.436s] Level 1:colcon.colcon_core.package_identification:_identify(VSLAM/VSLAM-LAB/docs) by extensions ['ros']
[0.436s] Level 1:colcon.colcon_core.package_identification:_identify(VSLAM/VSLAM-LAB/docs) by extension 'ros'
[0.436s] Level 1:colcon.colcon_core.package_identification:_identify(VSLAM/VSLAM-LAB/docs) by extensions ['cmake', 'python']
[0.436s] Level 1:colcon.colcon_core.package_identification:_identify(VSLAM/VSLAM-LAB/docs) by extension 'cmake'
[0.436s] Level 1:colcon.colcon_core.package_identification:_identify(VSLAM/VSLAM-LAB/docs) by extension 'python'
[0.436s] Level 1:colcon.colcon_core.package_identification:_identify(VSLAM/VSLAM-LAB/docs) by extensions ['python_setup_py']
[0.436s] Level 1:colcon.colcon_core.package_identification:_identify(VSLAM/VSLAM-LAB/docs) by extension 'python_setup_py'
[0.436s] Level 1:colcon.colcon_core.package_identification:_identify(VSLAM/VSLAM-LAB-Evaluation) by extensions ['ignore', 'ignore_ament_install']
[0.436s] Level 1:colcon.colcon_core.package_identification:_identify(VSLAM/VSLAM-LAB-Evaluation) by extension 'ignore'
[0.436s] Level 1:colcon.colcon_core.package_identification:_identify(VSLAM/VSLAM-LAB-Evaluation) by extension 'ignore_ament_install'
[0.436s] Level 1:colcon.colcon_core.package_identification:_identify(VSLAM/VSLAM-LAB-Evaluation) by extensions ['colcon_pkg']
[0.436s] Level 1:colcon.colcon_core.package_identification:_identify(VSLAM/VSLAM-LAB-Evaluation) by extension 'colcon_pkg'
[0.436s] Level 1:colcon.colcon_core.package_identification:_identify(VSLAM/VSLAM-LAB-Evaluation) by extensions ['colcon_meta']
[0.436s] Level 1:colcon.colcon_core.package_identification:_identify(VSLAM/VSLAM-LAB-Evaluation) by extension 'colcon_meta'
[0.436s] Level 1:colcon.colcon_core.package_identification:_identify(VSLAM/VSLAM-LAB-Evaluation) by extensions ['ros']
[0.436s] Level 1:colcon.colcon_core.package_identification:_identify(VSLAM/VSLAM-LAB-Evaluation) by extension 'ros'
[0.437s] Level 1:colcon.colcon_core.package_identification:_identify(VSLAM/VSLAM-LAB-Evaluation) by extensions ['cmake', 'python']
[0.437s] Level 1:colcon.colcon_core.package_identification:_identify(VSLAM/VSLAM-LAB-Evaluation) by extension 'cmake'
[0.437s] Level 1:colcon.colcon_core.package_identification:_identify(VSLAM/VSLAM-LAB-Evaluation) by extension 'python'
[0.437s] Level 1:colcon.colcon_core.package_identification:_identify(VSLAM/VSLAM-LAB-Evaluation) by extensions ['python_setup_py']
[0.437s] Level 1:colcon.colcon_core.package_identification:_identify(VSLAM/VSLAM-LAB-Evaluation) by extension 'python_setup_py'
[0.437s] Level 1:colcon.colcon_core.package_identification:_identify(VSLAM/VSLAM-LAB-Evaluation/demo) by extensions ['ignore', 'ignore_ament_install']
[0.437s] Level 1:colcon.colcon_core.package_identification:_identify(VSLAM/VSLAM-LAB-Evaluation/demo) by extension 'ignore'
[0.437s] Level 1:colcon.colcon_core.package_identification:_identify(VSLAM/VSLAM-LAB-Evaluation/demo) by extension 'ignore_ament_install'
[0.437s] Level 1:colcon.colcon_core.package_identification:_identify(VSLAM/VSLAM-LAB-Evaluation/demo) by extensions ['colcon_pkg']
[0.437s] Level 1:colcon.colcon_core.package_identification:_identify(VSLAM/VSLAM-LAB-Evaluation/demo) by extension 'colcon_pkg'
[0.437s] Level 1:colcon.colcon_core.package_identification:_identify(VSLAM/VSLAM-LAB-Evaluation/demo) by extensions ['colcon_meta']
[0.437s] Level 1:colcon.colcon_core.package_identification:_identify(VSLAM/VSLAM-LAB-Evaluation/demo) by extension 'colcon_meta'
[0.437s] Level 1:colcon.colcon_core.package_identification:_identify(VSLAM/VSLAM-LAB-Evaluation/demo) by extensions ['ros']
[0.437s] Level 1:colcon.colcon_core.package_identification:_identify(VSLAM/VSLAM-LAB-Evaluation/demo) by extension 'ros'
[0.437s] Level 1:colcon.colcon_core.package_identification:_identify(VSLAM/VSLAM-LAB-Evaluation/demo) by extensions ['cmake', 'python']
[0.437s] Level 1:colcon.colcon_core.package_identification:_identify(VSLAM/VSLAM-LAB-Evaluation/demo) by extension 'cmake'
[0.437s] Level 1:colcon.colcon_core.package_identification:_identify(VSLAM/VSLAM-LAB-Evaluation/demo) by extension 'python'
[0.437s] Level 1:colcon.colcon_core.package_identification:_identify(VSLAM/VSLAM-LAB-Evaluation/demo) by extensions ['python_setup_py']
[0.437s] Level 1:colcon.colcon_core.package_identification:_identify(VSLAM/VSLAM-LAB-Evaluation/demo) by extension 'python_setup_py'
[0.438s] Level 1:colcon.colcon_core.package_identification:_identify(build) by extensions ['ignore', 'ignore_ament_install']
[0.438s] Level 1:colcon.colcon_core.package_identification:_identify(build) by extension 'ignore'
[0.438s] Level 1:colcon.colcon_core.package_identification:_identify(build) ignored
[0.438s] Level 1:colcon.colcon_core.package_identification:_identify(install) by extensions ['ignore', 'ignore_ament_install']
[0.438s] Level 1:colcon.colcon_core.package_identification:_identify(install) by extension 'ignore'
[0.438s] Level 1:colcon.colcon_core.package_identification:_identify(install) ignored
[0.438s] Level 1:colcon.colcon_core.package_identification:_identify(log) by extensions ['ignore', 'ignore_ament_install']
[0.438s] Level 1:colcon.colcon_core.package_identification:_identify(log) by extension 'ignore'
[0.438s] Level 1:colcon.colcon_core.package_identification:_identify(log) ignored
[0.438s] Level 1:colcon.colcon_core.package_identification:_identify(models) by extensions ['ignore', 'ignore_ament_install']
[0.438s] Level 1:colcon.colcon_core.package_identification:_identify(models) by extension 'ignore'
[0.438s] Level 1:colcon.colcon_core.package_identification:_identify(models) by extension 'ignore_ament_install'
[0.438s] Level 1:colcon.colcon_core.package_identification:_identify(models) by extensions ['colcon_pkg']
[0.438s] Level 1:colcon.colcon_core.package_identification:_identify(models) by extension 'colcon_pkg'
[0.438s] Level 1:colcon.colcon_core.package_identification:_identify(models) by extensions ['colcon_meta']
[0.439s] Level 1:colcon.colcon_core.package_identification:_identify(models) by extension 'colcon_meta'
[0.439s] Level 1:colcon.colcon_core.package_identification:_identify(models) by extensions ['ros']
[0.439s] Level 1:colcon.colcon_core.package_identification:_identify(models) by extension 'ros'
[0.439s] Level 1:colcon.colcon_core.package_identification:_identify(models) by extensions ['cmake', 'python']
[0.439s] Level 1:colcon.colcon_core.package_identification:_identify(models) by extension 'cmake'
[0.439s] Level 1:colcon.colcon_core.package_identification:_identify(models) by extension 'python'
[0.439s] Level 1:colcon.colcon_core.package_identification:_identify(models) by extensions ['python_setup_py']
[0.439s] Level 1:colcon.colcon_core.package_identification:_identify(models) by extension 'python_setup_py'
[0.439s] Level 1:colcon.colcon_core.package_identification:_identify(models/Moon_60S_30S) by extensions ['ignore', 'ignore_ament_install']
[0.439s] Level 1:colcon.colcon_core.package_identification:_identify(models/Moon_60S_30S) by extension 'ignore'
[0.439s] Level 1:colcon.colcon_core.package_identification:_identify(models/Moon_60S_30S) by extension 'ignore_ament_install'
[0.439s] Level 1:colcon.colcon_core.package_identification:_identify(models/Moon_60S_30S) by extensions ['colcon_pkg']
[0.439s] Level 1:colcon.colcon_core.package_identification:_identify(models/Moon_60S_30S) by extension 'colcon_pkg'
[0.439s] Level 1:colcon.colcon_core.package_identification:_identify(models/Moon_60S_30S) by extensions ['colcon_meta']
[0.439s] Level 1:colcon.colcon_core.package_identification:_identify(models/Moon_60S_30S) by extension 'colcon_meta'
[0.439s] Level 1:colcon.colcon_core.package_identification:_identify(models/Moon_60S_30S) by extensions ['ros']
[0.439s] Level 1:colcon.colcon_core.package_identification:_identify(models/Moon_60S_30S) by extension 'ros'
[0.439s] Level 1:colcon.colcon_core.package_identification:_identify(models/Moon_60S_30S) by extensions ['cmake', 'python']
[0.439s] Level 1:colcon.colcon_core.package_identification:_identify(models/Moon_60S_30S) by extension 'cmake'
[0.439s] Level 1:colcon.colcon_core.package_identification:_identify(models/Moon_60S_30S) by extension 'python'
[0.440s] Level 1:colcon.colcon_core.package_identification:_identify(models/Moon_60S_30S) by extensions ['python_setup_py']
[0.440s] Level 1:colcon.colcon_core.package_identification:_identify(models/Moon_60S_30S) by extension 'python_setup_py'
[0.440s] Level 1:colcon.colcon_core.package_identification:_identify(models/Moon_60S_30S/meshes) by extensions ['ignore', 'ignore_ament_install']
[0.440s] Level 1:colcon.colcon_core.package_identification:_identify(models/Moon_60S_30S/meshes) by extension 'ignore'
[0.440s] Level 1:colcon.colcon_core.package_identification:_identify(models/Moon_60S_30S/meshes) by extension 'ignore_ament_install'
[0.440s] Level 1:colcon.colcon_core.package_identification:_identify(models/Moon_60S_30S/meshes) by extensions ['colcon_pkg']
[0.440s] Level 1:colcon.colcon_core.package_identification:_identify(models/Moon_60S_30S/meshes) by extension 'colcon_pkg'
[0.440s] Level 1:colcon.colcon_core.package_identification:_identify(models/Moon_60S_30S/meshes) by extensions ['colcon_meta']
[0.440s] Level 1:colcon.colcon_core.package_identification:_identify(models/Moon_60S_30S/meshes) by extension 'colcon_meta'
[0.440s] Level 1:colcon.colcon_core.package_identification:_identify(models/Moon_60S_30S/meshes) by extensions ['ros']
[0.440s] Level 1:colcon.colcon_core.package_identification:_identify(models/Moon_60S_30S/meshes) by extension 'ros'
[0.440s] Level 1:colcon.colcon_core.package_identification:_identify(models/Moon_60S_30S/meshes) by extensions ['cmake', 'python']
[0.440s] Level 1:colcon.colcon_core.package_identification:_identify(models/Moon_60S_30S/meshes) by extension 'cmake'
[0.440s] Level 1:colcon.colcon_core.package_identification:_identify(models/Moon_60S_30S/meshes) by extension 'python'
[0.440s] Level 1:colcon.colcon_core.package_identification:_identify(models/Moon_60S_30S/meshes) by extensions ['python_setup_py']
[0.440s] Level 1:colcon.colcon_core.package_identification:_identify(models/Moon_60S_30S/meshes) by extension 'python_setup_py'
[0.441s] Level 1:colcon.colcon_core.package_identification:_identify(models/Moon_60S_30S/thumbnails) by extensions ['ignore', 'ignore_ament_install']
[0.441s] Level 1:colcon.colcon_core.package_identification:_identify(models/Moon_60S_30S/thumbnails) by extension 'ignore'
[0.441s] Level 1:colcon.colcon_core.package_identification:_identify(models/Moon_60S_30S/thumbnails) by extension 'ignore_ament_install'
[0.441s] Level 1:colcon.colcon_core.package_identification:_identify(models/Moon_60S_30S/thumbnails) by extensions ['colcon_pkg']
[0.441s] Level 1:colcon.colcon_core.package_identification:_identify(models/Moon_60S_30S/thumbnails) by extension 'colcon_pkg'
[0.441s] Level 1:colcon.colcon_core.package_identification:_identify(models/Moon_60S_30S/thumbnails) by extensions ['colcon_meta']
[0.441s] Level 1:colcon.colcon_core.package_identification:_identify(models/Moon_60S_30S/thumbnails) by extension 'colcon_meta'
[0.441s] Level 1:colcon.colcon_core.package_identification:_identify(models/Moon_60S_30S/thumbnails) by extensions ['ros']
[0.441s] Level 1:colcon.colcon_core.package_identification:_identify(models/Moon_60S_30S/thumbnails) by extension 'ros'
[0.441s] Level 1:colcon.colcon_core.package_identification:_identify(models/Moon_60S_30S/thumbnails) by extensions ['cmake', 'python']
[0.441s] Level 1:colcon.colcon_core.package_identification:_identify(models/Moon_60S_30S/thumbnails) by extension 'cmake'
[0.441s] Level 1:colcon.colcon_core.package_identification:_identify(models/Moon_60S_30S/thumbnails) by extension 'python'
[0.441s] Level 1:colcon.colcon_core.package_identification:_identify(models/Moon_60S_30S/thumbnails) by extensions ['python_setup_py']
[0.441s] Level 1:colcon.colcon_core.package_identification:_identify(models/Moon_60S_30S/thumbnails) by extension 'python_setup_py'
[0.441s] Level 1:colcon.colcon_core.package_identification:_identify(src) by extensions ['ignore', 'ignore_ament_install']
[0.441s] Level 1:colcon.colcon_core.package_identification:_identify(src) by extension 'ignore'
[0.441s] Level 1:colcon.colcon_core.package_identification:_identify(src) by extension 'ignore_ament_install'
[0.441s] Level 1:colcon.colcon_core.package_identification:_identify(src) by extensions ['colcon_pkg']
[0.441s] Level 1:colcon.colcon_core.package_identification:_identify(src) by extension 'colcon_pkg'
[0.442s] Level 1:colcon.colcon_core.package_identification:_identify(src) by extensions ['colcon_meta']
[0.442s] Level 1:colcon.colcon_core.package_identification:_identify(src) by extension 'colcon_meta'
[0.442s] Level 1:colcon.colcon_core.package_identification:_identify(src) by extensions ['ros']
[0.442s] Level 1:colcon.colcon_core.package_identification:_identify(src) by extension 'ros'
[0.442s] Level 1:colcon.colcon_core.package_identification:_identify(src) by extensions ['cmake', 'python']
[0.442s] Level 1:colcon.colcon_core.package_identification:_identify(src) by extension 'cmake'
[0.442s] Level 1:colcon.colcon_core.package_identification:_identify(src) by extension 'python'
[0.442s] Level 1:colcon.colcon_core.package_identification:_identify(src) by extensions ['python_setup_py']
[0.442s] Level 1:colcon.colcon_core.package_identification:_identify(src) by extension 'python_setup_py'
[0.442s] Level 1:colcon.colcon_core.package_identification:_identify(src/rover_description) by extensions ['ignore', 'ignore_ament_install']
[0.442s] Level 1:colcon.colcon_core.package_identification:_identify(src/rover_description) by extension 'ignore'
[0.442s] Level 1:colcon.colcon_core.package_identification:_identify(src/rover_description) by extension 'ignore_ament_install'
[0.442s] Level 1:colcon.colcon_core.package_identification:_identify(src/rover_description) by extensions ['colcon_pkg']
[0.442s] Level 1:colcon.colcon_core.package_identification:_identify(src/rover_description) by extension 'colcon_pkg'
[0.442s] Level 1:colcon.colcon_core.package_identification:_identify(src/rover_description) by extensions ['colcon_meta']
[0.442s] Level 1:colcon.colcon_core.package_identification:_identify(src/rover_description) by extension 'colcon_meta'
[0.442s] Level 1:colcon.colcon_core.package_identification:_identify(src/rover_description) by extensions ['ros']
[0.442s] Level 1:colcon.colcon_core.package_identification:_identify(src/rover_description) by extension 'ros'
[0.447s] DEBUG:colcon.colcon_core.package_identification:Package 'src/rover_description' with type 'ros.ament_cmake' and name 'rover_description'
[0.447s] Level 1:colcon.colcon_core.package_discovery:discover_packages(recursive) using defaults
[0.447s] Level 1:colcon.colcon_core.package_discovery:discover_packages(ignore) discover
[0.447s] Level 1:colcon.colcon_core.package_discovery:discover_packages(ignore) using defaults
[0.447s] Level 1:colcon.colcon_core.package_discovery:discover_packages(path) discover
[0.447s] Level 1:colcon.colcon_core.package_discovery:discover_packages(path) using defaults
[0.470s] Level 5:colcon.colcon_core.verb:set package 'PhotometricDatasetCalibration' build argument 'cmake_args' from command line to 'None'
[0.470s] Level 5:colcon.colcon_core.verb:set package 'PhotometricDatasetCalibration' build argument 'cmake_target' from command line to 'None'
[0.470s] Level 5:colcon.colcon_core.verb:set package 'PhotometricDatasetCalibration' build argument 'cmake_target_skip_unavailable' from command line to 'False'
[0.470s] Level 5:colcon.colcon_core.verb:set package 'PhotometricDatasetCalibration' build argument 'cmake_clean_cache' from command line to 'False'
[0.470s] Level 5:colcon.colcon_core.verb:set package 'PhotometricDatasetCalibration' build argument 'cmake_clean_first' from command line to 'False'
[0.470s] Level 5:colcon.colcon_core.verb:set package 'PhotometricDatasetCalibration' build argument 'cmake_force_configure' from command line to 'False'
[0.470s] Level 5:colcon.colcon_core.verb:set package 'PhotometricDatasetCalibration' build argument 'ament_cmake_args' from command line to 'None'
[0.470s] Level 5:colcon.colcon_core.verb:set package 'PhotometricDatasetCalibration' build argument 'catkin_cmake_args' from command line to 'None'
[0.471s] Level 5:colcon.colcon_core.verb:set package 'PhotometricDatasetCalibration' build argument 'catkin_skip_building_tests' from command line to 'False'
[0.471s] DEBUG:colcon.colcon_core.verb:Building package 'PhotometricDatasetCalibration' with the following arguments: {'ament_cmake_args': None, 'build_base': '/workspace/Rover/build/PhotometricDatasetCalibration', 'catkin_cmake_args': None, 'catkin_skip_building_tests': False, 'cmake_args': None, 'cmake_clean_cache': False, 'cmake_clean_first': False, 'cmake_force_configure': False, 'cmake_target': None, 'cmake_target_skip_unavailable': False, 'install_base': '/workspace/Rover/install/PhotometricDatasetCalibration', 'merge_install': False, 'path': '/workspace/Rover/VSLAM/VSLAM-LAB/Datasets/extra-files', 'symlink_install': True, 'test_result_base': None}
[0.471s] Level 5:colcon.colcon_core.verb:set package 'rover_description' build argument 'cmake_args' from command line to 'None'
[0.471s] Level 5:colcon.colcon_core.verb:set package 'rover_description' build argument 'cmake_target' from command line to 'None'
[0.471s] Level 5:colcon.colcon_core.verb:set package 'rover_description' build argument 'cmake_target_skip_unavailable' from command line to 'False'
[0.471s] Level 5:colcon.colcon_core.verb:set package 'rover_description' build argument 'cmake_clean_cache' from command line to 'False'
[0.471s] Level 5:colcon.colcon_core.verb:set package 'rover_description' build argument 'cmake_clean_first' from command line to 'False'
[0.471s] Level 5:colcon.colcon_core.verb:set package 'rover_description' build argument 'cmake_force_configure' from command line to 'False'
[0.471s] Level 5:colcon.colcon_core.verb:set package 'rover_description' build argument 'ament_cmake_args' from command line to 'None'
[0.471s] Level 5:colcon.colcon_core.verb:set package 'rover_description' build argument 'catkin_cmake_args' from command line to 'None'
[0.471s] Level 5:colcon.colcon_core.verb:set package 'rover_description' build argument 'catkin_skip_building_tests' from command line to 'False'
[0.471s] DEBUG:colcon.colcon_core.verb:Building package 'rover_description' with the following arguments: {'ament_cmake_args': None, 'build_base': '/workspace/Rover/build/rover_description', 'catkin_cmake_args': None, 'catkin_skip_building_tests': False, 'cmake_args': None, 'cmake_clean_cache': False, 'cmake_clean_first': False, 'cmake_force_configure': False, 'cmake_target': None, 'cmake_target_skip_unavailable': False, 'install_base': '/workspace/Rover/install/rover_description', 'merge_install': False, 'path': '/workspace/Rover/src/rover_description', 'symlink_install': True, 'test_result_base': None}
[0.471s] INFO:colcon.colcon_core.executor:Executing jobs using 'parallel' executor
[0.472s] DEBUG:colcon.colcon_parallel_executor.executor.parallel:run_until_complete
[0.472s] INFO:colcon.colcon_cmake.task.cmake.build:Building CMake package in '/workspace/Rover/VSLAM/VSLAM-LAB/Datasets/extra-files'
[0.476s] INFO:colcon.colcon_core.plugin_system:Skipping extension 'colcon_core.shell.bat': Not used on non-Windows systems
[0.476s] INFO:colcon.colcon_core.shell:Skip shell extension 'powershell' for command environment: Not usable outside of PowerShell
[0.476s] DEBUG:colcon.colcon_core.shell:Skip shell extension 'dsv' for command environment
[0.482s] INFO:colcon.colcon_ros.task.ament_cmake.build:Building ROS package in '/workspace/Rover/src/rover_description' with build type 'ament_cmake'
[0.482s] INFO:colcon.colcon_cmake.task.cmake.build:Building CMake package in '/workspace/Rover/src/rover_description'
[0.482s] INFO:colcon.colcon_core.shell:Skip shell extension 'powershell' for command environment: Not usable outside of PowerShell
[0.482s] DEBUG:colcon.colcon_core.shell:Skip shell extension 'dsv' for command environment
[0.487s] DEBUG:colcon.colcon_core.event_handler.log_command:Invoking command in '/workspace/Rover/build/PhotometricDatasetCalibration': /usr/bin/cmake /workspace/Rover/VSLAM/VSLAM-LAB/Datasets/extra-files -DCMAKE_INSTALL_PREFIX=/workspace/Rover/install/PhotometricDatasetCalibration
[0.492s] DEBUG:colcon.colcon_core.event_handler.log_command:Invoking command in '/workspace/Rover/build/rover_description': CMAKE_PREFIX_PATH=/opt/ros/humble /usr/bin/cmake --build /workspace/Rover/build/rover_description -- -j12 -l12
[0.550s] DEBUG:colcon.colcon_core.event_handler.log_command:Invoked command in '/workspace/Rover/build/rover_description' returned '0': CMAKE_PREFIX_PATH=/opt/ros/humble /usr/bin/cmake --build /workspace/Rover/build/rover_description -- -j12 -l12
[0.559s] DEBUG:colcon.colcon_core.event_handler.log_command:Invoking command in '/workspace/Rover/build/rover_description': CMAKE_PREFIX_PATH=/opt/ros/humble /usr/bin/cmake --install /workspace/Rover/build/rover_description
[0.578s] Level 1:colcon.colcon_core.environment:create_environment_scripts_only(rover_description)
[0.578s] DEBUG:colcon.colcon_core.event_handler.log_command:Invoked command in '/workspace/Rover/build/rover_description' returned '0': CMAKE_PREFIX_PATH=/opt/ros/humble /usr/bin/cmake --install /workspace/Rover/build/rover_description
[0.582s] Level 1:colcon.colcon_core.environment:checking '/workspace/Rover/install/rover_description' for CMake module files
[0.583s] Level 1:colcon.colcon_core.environment:checking '/workspace/Rover/install/rover_description' for CMake config files
[0.583s] Level 1:colcon.colcon_core.shell:create_environment_hook('rover_description', 'cmake_prefix_path')
[0.583s] INFO:colcon.colcon_core.shell:Creating environment hook '/workspace/Rover/install/rover_description/share/rover_description/hook/cmake_prefix_path.ps1'
[0.584s] INFO:colcon.colcon_core.shell:Creating environment descriptor '/workspace/Rover/install/rover_description/share/rover_description/hook/cmake_prefix_path.dsv'
[0.585s] INFO:colcon.colcon_core.shell:Creating environment hook '/workspace/Rover/install/rover_description/share/rover_description/hook/cmake_prefix_path.sh'
[0.586s] Level 1:colcon.colcon_core.environment:checking '/workspace/Rover/install/rover_description/lib'
[0.586s] Level 1:colcon.colcon_core.environment:checking '/workspace/Rover/install/rover_description/bin'
[0.586s] Level 1:colcon.colcon_core.environment:checking '/workspace/Rover/install/rover_description/lib/pkgconfig/rover_description.pc'
[0.588s] Level 1:colcon.colcon_core.environment:checking '/workspace/Rover/install/rover_description/lib/python3.10/site-packages'
[0.588s] Level 1:colcon.colcon_core.environment:checking '/workspace/Rover/install/rover_description/bin'
[0.588s] INFO:colcon.colcon_core.shell:Creating package script '/workspace/Rover/install/rover_description/share/rover_description/package.ps1'
[0.590s] INFO:colcon.colcon_core.shell:Creating package descriptor '/workspace/Rover/install/rover_description/share/rover_description/package.dsv'
[0.590s] INFO:colcon.colcon_core.shell:Creating package script '/workspace/Rover/install/rover_description/share/rover_description/package.sh'
[0.591s] INFO:colcon.colcon_core.shell:Creating package script '/workspace/Rover/install/rover_description/share/rover_description/package.bash'
[0.592s] INFO:colcon.colcon_core.shell:Creating package script '/workspace/Rover/install/rover_description/share/rover_description/package.zsh'
[0.593s] Level 1:colcon.colcon_core.environment:create_file_with_runtime_dependencies(/workspace/Rover/install/rover_description/share/colcon-core/packages/rover_description)
[0.594s] Level 1:colcon.colcon_core.environment:create_environment_scripts_only(rover_description)
[0.594s] Level 1:colcon.colcon_core.environment:checking '/workspace/Rover/install/rover_description' for CMake module files
[0.594s] Level 1:colcon.colcon_core.environment:checking '/workspace/Rover/install/rover_description' for CMake config files
[0.595s] Level 1:colcon.colcon_core.shell:create_environment_hook('rover_description', 'cmake_prefix_path')
[0.595s] INFO:colcon.colcon_core.shell:Creating environment hook '/workspace/Rover/install/rover_description/share/rover_description/hook/cmake_prefix_path.ps1'
[0.595s] INFO:colcon.colcon_core.shell:Creating environment descriptor '/workspace/Rover/install/rover_description/share/rover_description/hook/cmake_prefix_path.dsv'
[0.596s] INFO:colcon.colcon_core.shell:Creating environment hook '/workspace/Rover/install/rover_description/share/rover_description/hook/cmake_prefix_path.sh'
[0.596s] Level 1:colcon.colcon_core.environment:checking '/workspace/Rover/install/rover_description/lib'
[0.596s] Level 1:colcon.colcon_core.environment:checking '/workspace/Rover/install/rover_description/bin'
[0.596s] Level 1:colcon.colcon_core.environment:checking '/workspace/Rover/install/rover_description/lib/pkgconfig/rover_description.pc'
[0.596s] Level 1:colcon.colcon_core.environment:checking '/workspace/Rover/install/rover_description/lib/python3.10/site-packages'
[0.597s] Level 1:colcon.colcon_core.environment:checking '/workspace/Rover/install/rover_description/bin'
[0.597s] INFO:colcon.colcon_core.shell:Creating package script '/workspace/Rover/install/rover_description/share/rover_description/package.ps1'
[0.598s] INFO:colcon.colcon_core.shell:Creating package descriptor '/workspace/Rover/install/rover_description/share/rover_description/package.dsv'
[0.598s] INFO:colcon.colcon_core.shell:Creating package script '/workspace/Rover/install/rover_description/share/rover_description/package.sh'
[0.598s] INFO:colcon.colcon_core.shell:Creating package script '/workspace/Rover/install/rover_description/share/rover_description/package.bash'
[0.599s] INFO:colcon.colcon_core.shell:Creating package script '/workspace/Rover/install/rover_description/share/rover_description/package.zsh'
[0.599s] Level 1:colcon.colcon_core.environment:create_file_with_runtime_dependencies(/workspace/Rover/install/rover_description/share/colcon-core/packages/rover_description)
[0.817s] DEBUG:colcon.colcon_core.event_handler.log_command:Invoked command in '/workspace/Rover/build/PhotometricDatasetCalibration' returned '1': /usr/bin/cmake /workspace/Rover/VSLAM/VSLAM-LAB/Datasets/extra-files -DCMAKE_INSTALL_PREFIX=/workspace/Rover/install/PhotometricDatasetCalibration
[0.827s] DEBUG:colcon.colcon_parallel_executor.executor.parallel:closing loop
[0.828s] DEBUG:colcon.colcon_parallel_executor.executor.parallel:loop closed
[0.828s] DEBUG:colcon.colcon_parallel_executor.executor.parallel:run_until_complete finished with '1'
[0.828s] DEBUG:colcon.colcon_core.event_reactor:joining thread
[0.836s] INFO:colcon.colcon_core.plugin_system:Skipping extension 'colcon_notification.desktop_notification.notify_send': Could not find 'notify-send'
[0.836s] INFO:colcon.colcon_core.plugin_system:Skipping extension 'colcon_notification.desktop_notification.terminal_notifier': Not used on non-Darwin systems
[0.836s] INFO:colcon.colcon_core.plugin_system:Skipping extension 'colcon_notification.desktop_notification.win32': Not used on non-Windows systems
[0.837s] INFO:colcon.colcon_notification.desktop_notification:Sending desktop notification using 'notify2'
[0.840s] DEBUG:colcon.colcon_notification.desktop_notification.notify2:Failed to initialize notify2: org.freedesktop.DBus.Error.Spawn.ExecFailed: /usr/bin/dbus-launch terminated abnormally without any error message
[0.840s] DEBUG:colcon.colcon_core.event_reactor:joined thread
[0.840s] INFO:colcon.colcon_core.shell:Creating prefix script '/workspace/Rover/install/local_setup.ps1'
[0.841s] INFO:colcon.colcon_core.shell:Creating prefix util module '/workspace/Rover/install/_local_setup_util_ps1.py'
[0.844s] INFO:colcon.colcon_core.shell:Creating prefix chain script '/workspace/Rover/install/setup.ps1'
[0.846s] INFO:colcon.colcon_core.shell:Creating prefix script '/workspace/Rover/install/local_setup.sh'
[0.846s] INFO:colcon.colcon_core.shell:Creating prefix util module '/workspace/Rover/install/_local_setup_util_sh.py'
[0.858s] INFO:colcon.colcon_core.shell:Creating prefix chain script '/workspace/Rover/install/setup.sh'
[0.859s] INFO:colcon.colcon_core.shell:Creating prefix script '/workspace/Rover/install/local_setup.bash'
[0.860s] INFO:colcon.colcon_core.shell:Creating prefix chain script '/workspace/Rover/install/setup.bash'
[0.861s] INFO:colcon.colcon_core.shell:Creating prefix script '/workspace/Rover/install/local_setup.zsh'
[0.862s] INFO:colcon.colcon_core.shell:Creating prefix chain script '/workspace/Rover/install/setup.zsh'
