[0.112s] DEBUG:colcon:Command line arguments: ['/usr/bin/colcon', 'build', '--symlink-install']
[0.112s] DEBUG:colcon:Parsed command line arguments: Namespace(log_base=None, log_level=None, verb_name='build', build_base='build', install_base='install', merge_install=False, symlink_install=True, test_result_base=None, continue_on_error=False, executor='parallel', parallel_workers=12, event_handlers=None, ignore_user_meta=False, metas=['./colcon.meta'], base_paths=['.'], packages_ignore=None, packages_ignore_regex=None, paths=None, packages_up_to=None, packages_up_to_regex=None, packages_above=None, packages_above_and_dependencies=None, packages_above_depth=None, packages_select_by_dep=None, packages_skip_by_dep=None, packages_skip_up_to=None, packages_select_build_failed=False, packages_skip_build_finished=False, packages_select_test_failures=False, packages_skip_test_passed=False, packages_select=None, packages_skip=None, packages_select_regex=None, packages_skip_regex=None, packages_start=None, packages_end=None, cmake_args=None, cmake_target=None, cmake_target_skip_unavailable=False, cmake_clean_cache=False, cmake_clean_first=False, cmake_force_configure=False, ament_cmake_args=None, catkin_cmake_args=None, catkin_skip_building_tests=False, mixin_files=None, mixin=None, verb_parser=<colcon_mixin.mixin.mixin_argument.MixinArgumentDecorator object at 0x7e71e9333850>, verb_extension=<colcon_core.verb.build.BuildVerb object at 0x7e71e93333a0>, main=<bound method BuildVerb.main of <colcon_core.verb.build.BuildVerb object at 0x7e71e93333a0>>, mixin_verb=('build',))
[0.247s] Level 1:colcon.colcon_core.package_discovery:discover_packages(colcon_meta) check parameters
[0.248s] INFO:colcon.colcon_metadata.package_discovery.colcon_meta:Using configuration from '/root/.colcon/metadata/default/Gazebo.meta'
[0.248s] INFO:colcon.colcon_metadata.package_discovery.colcon_meta:Using configuration from '/root/.colcon/metadata/default/fastdds.meta'
[0.249s] INFO:colcon.colcon_metadata.package_discovery.colcon_meta:Using configuration from '/root/.colcon/metadata/default/fastrtps.meta'
[0.249s] Level 1:colcon.colcon_core.package_discovery:discover_packages(recursive) check parameters
[0.249s] Level 1:colcon.colcon_core.package_discovery:discover_packages(ignore) check parameters
[0.249s] Level 1:colcon.colcon_core.package_discovery:discover_packages(path) check parameters
[0.249s] Level 1:colcon.colcon_core.package_discovery:discover_packages(colcon_meta) discover
[0.249s] Level 1:colcon.colcon_core.package_discovery:discover_packages(recursive) discover
[0.249s] INFO:colcon.colcon_core.package_discovery:Crawling recursively for packages in '/workspace/Rover'
[0.249s] Level 1:colcon.colcon_core.package_identification:_identify(.) by extensions ['ignore', 'ignore_ament_install']
[0.249s] Level 1:colcon.colcon_core.package_identification:_identify(.) by extension 'ignore'
[0.249s] Level 1:colcon.colcon_core.package_identification:_identify(.) by extension 'ignore_ament_install'
[0.249s] Level 1:colcon.colcon_core.package_identification:_identify(.) by extensions ['colcon_pkg']
[0.249s] Level 1:colcon.colcon_core.package_identification:_identify(.) by extension 'colcon_pkg'
[0.249s] Level 1:colcon.colcon_core.package_identification:_identify(.) by extensions ['colcon_meta']
[0.249s] Level 1:colcon.colcon_core.package_identification:_identify(.) by extension 'colcon_meta'
[0.249s] Level 1:colcon.colcon_core.package_identification:_identify(.) by extensions ['ros']
[0.249s] Level 1:colcon.colcon_core.package_identification:_identify(.) by extension 'ros'
[0.260s] Level 1:colcon.colcon_core.package_identification:_identify(.) by extensions ['cmake', 'python']
[0.260s] Level 1:colcon.colcon_core.package_identification:_identify(.) by extension 'cmake'
[0.260s] Level 1:colcon.colcon_core.package_identification:_identify(.) by extension 'python'
[0.260s] Level 1:colcon.colcon_core.package_identification:_identify(.) by extensions ['python_setup_py']
[0.260s] Level 1:colcon.colcon_core.package_identification:_identify(.) by extension 'python_setup_py'
[0.260s] Level 1:colcon.colcon_core.package_identification:_identify(VSLAM) by extensions ['ignore', 'ignore_ament_install']
[0.260s] Level 1:colcon.colcon_core.package_identification:_identify(VSLAM) by extension 'ignore'
[0.260s] Level 1:colcon.colcon_core.package_identification:_identify(VSLAM) by extension 'ignore_ament_install'
[0.260s] Level 1:colcon.colcon_core.package_identification:_identify(VSLAM) by extensions ['colcon_pkg']
[0.260s] Level 1:colcon.colcon_core.package_identification:_identify(VSLAM) by extension 'colcon_pkg'
[0.260s] Level 1:colcon.colcon_core.package_identification:_identify(VSLAM) by extensions ['colcon_meta']
[0.260s] Level 1:colcon.colcon_core.package_identification:_identify(VSLAM) by extension 'colcon_meta'
[0.261s] Level 1:colcon.colcon_core.package_identification:_identify(VSLAM) by extensions ['ros']
[0.261s] Level 1:colcon.colcon_core.package_identification:_identify(VSLAM) by extension 'ros'
[0.261s] Level 1:colcon.colcon_core.package_identification:_identify(VSLAM) by extensions ['cmake', 'python']
[0.261s] Level 1:colcon.colcon_core.package_identification:_identify(VSLAM) by extension 'cmake'
[0.261s] Level 1:colcon.colcon_core.package_identification:_identify(VSLAM) by extension 'python'
[0.261s] Level 1:colcon.colcon_core.package_identification:_identify(VSLAM) by extensions ['python_setup_py']
[0.261s] Level 1:colcon.colcon_core.package_identification:_identify(VSLAM) by extension 'python_setup_py'
[0.261s] Level 1:colcon.colcon_core.package_identification:_identify(VSLAM/VSLAM-LAB) by extensions ['ignore', 'ignore_ament_install']
[0.261s] Level 1:colcon.colcon_core.package_identification:_identify(VSLAM/VSLAM-LAB) by extension 'ignore'
[0.261s] Level 1:colcon.colcon_core.package_identification:_identify(VSLAM/VSLAM-LAB) by extension 'ignore_ament_install'
[0.261s] Level 1:colcon.colcon_core.package_identification:_identify(VSLAM/VSLAM-LAB) by extensions ['colcon_pkg']
[0.261s] Level 1:colcon.colcon_core.package_identification:_identify(VSLAM/VSLAM-LAB) by extension 'colcon_pkg'
[0.261s] Level 1:colcon.colcon_core.package_identification:_identify(VSLAM/VSLAM-LAB) by extensions ['colcon_meta']
[0.261s] Level 1:colcon.colcon_core.package_identification:_identify(VSLAM/VSLAM-LAB) by extension 'colcon_meta'
[0.261s] Level 1:colcon.colcon_core.package_identification:_identify(VSLAM/VSLAM-LAB) by extensions ['ros']
[0.261s] Level 1:colcon.colcon_core.package_identification:_identify(VSLAM/VSLAM-LAB) by extension 'ros'
[0.262s] Level 1:colcon.colcon_core.package_identification:_identify(VSLAM/VSLAM-LAB) by extensions ['cmake', 'python']
[0.262s] Level 1:colcon.colcon_core.package_identification:_identify(VSLAM/VSLAM-LAB) by extension 'cmake'
[0.262s] Level 1:colcon.colcon_core.package_identification:_identify(VSLAM/VSLAM-LAB) by extension 'python'
[0.262s] Level 1:colcon.colcon_core.package_identification:_identify(VSLAM/VSLAM-LAB) by extensions ['python_setup_py']
[0.262s] Level 1:colcon.colcon_core.package_identification:_identify(VSLAM/VSLAM-LAB) by extension 'python_setup_py'
[0.262s] Level 1:colcon.colcon_core.package_identification:_identify(VSLAM/VSLAM-LAB/Baselines) by extensions ['ignore', 'ignore_ament_install']
[0.262s] Level 1:colcon.colcon_core.package_identification:_identify(VSLAM/VSLAM-LAB/Baselines) by extension 'ignore'
[0.262s] Level 1:colcon.colcon_core.package_identification:_identify(VSLAM/VSLAM-LAB/Baselines) by extension 'ignore_ament_install'
[0.262s] Level 1:colcon.colcon_core.package_identification:_identify(VSLAM/VSLAM-LAB/Baselines) by extensions ['colcon_pkg']
[0.262s] Level 1:colcon.colcon_core.package_identification:_identify(VSLAM/VSLAM-LAB/Baselines) by extension 'colcon_pkg'
[0.262s] Level 1:colcon.colcon_core.package_identification:_identify(VSLAM/VSLAM-LAB/Baselines) by extensions ['colcon_meta']
[0.262s] Level 1:colcon.colcon_core.package_identification:_identify(VSLAM/VSLAM-LAB/Baselines) by extension 'colcon_meta'
[0.262s] Level 1:colcon.colcon_core.package_identification:_identify(VSLAM/VSLAM-LAB/Baselines) by extensions ['ros']
[0.262s] Level 1:colcon.colcon_core.package_identification:_identify(VSLAM/VSLAM-LAB/Baselines) by extension 'ros'
[0.262s] Level 1:colcon.colcon_core.package_identification:_identify(VSLAM/VSLAM-LAB/Baselines) by extensions ['cmake', 'python']
[0.262s] Level 1:colcon.colcon_core.package_identification:_identify(VSLAM/VSLAM-LAB/Baselines) by extension 'cmake'
[0.262s] Level 1:colcon.colcon_core.package_identification:_identify(VSLAM/VSLAM-LAB/Baselines) by extension 'python'
[0.262s] Level 1:colcon.colcon_core.package_identification:_identify(VSLAM/VSLAM-LAB/Baselines) by extensions ['python_setup_py']
[0.262s] Level 1:colcon.colcon_core.package_identification:_identify(VSLAM/VSLAM-LAB/Baselines) by extension 'python_setup_py'
[0.263s] Level 1:colcon.colcon_core.package_identification:_identify(VSLAM/VSLAM-LAB/Baselines/__pycache__) by extensions ['ignore', 'ignore_ament_install']
[0.263s] Level 1:colcon.colcon_core.package_identification:_identify(VSLAM/VSLAM-LAB/Baselines/__pycache__) by extension 'ignore'
[0.263s] Level 1:colcon.colcon_core.package_identification:_identify(VSLAM/VSLAM-LAB/Baselines/__pycache__) by extension 'ignore_ament_install'
[0.263s] Level 1:colcon.colcon_core.package_identification:_identify(VSLAM/VSLAM-LAB/Baselines/__pycache__) by extensions ['colcon_pkg']
[0.263s] Level 1:colcon.colcon_core.package_identification:_identify(VSLAM/VSLAM-LAB/Baselines/__pycache__) by extension 'colcon_pkg'
[0.263s] Level 1:colcon.colcon_core.package_identification:_identify(VSLAM/VSLAM-LAB/Baselines/__pycache__) by extensions ['colcon_meta']
[0.263s] Level 1:colcon.colcon_core.package_identification:_identify(VSLAM/VSLAM-LAB/Baselines/__pycache__) by extension 'colcon_meta'
[0.263s] Level 1:colcon.colcon_core.package_identification:_identify(VSLAM/VSLAM-LAB/Baselines/__pycache__) by extensions ['ros']
[0.263s] Level 1:colcon.colcon_core.package_identification:_identify(VSLAM/VSLAM-LAB/Baselines/__pycache__) by extension 'ros'
[0.263s] Level 1:colcon.colcon_core.package_identification:_identify(VSLAM/VSLAM-LAB/Baselines/__pycache__) by extensions ['cmake', 'python']
[0.263s] Level 1:colcon.colcon_core.package_identification:_identify(VSLAM/VSLAM-LAB/Baselines/__pycache__) by extension 'cmake'
[0.263s] Level 1:colcon.colcon_core.package_identification:_identify(VSLAM/VSLAM-LAB/Baselines/__pycache__) by extension 'python'
[0.263s] Level 1:colcon.colcon_core.package_identification:_identify(VSLAM/VSLAM-LAB/Baselines/__pycache__) by extensions ['python_setup_py']
[0.263s] Level 1:colcon.colcon_core.package_identification:_identify(VSLAM/VSLAM-LAB/Baselines/__pycache__) by extension 'python_setup_py'
[0.263s] Level 1:colcon.colcon_core.package_identification:_identify(VSLAM/VSLAM-LAB/Baselines/baseline_files) by extensions ['ignore', 'ignore_ament_install']
[0.264s] Level 1:colcon.colcon_core.package_identification:_identify(VSLAM/VSLAM-LAB/Baselines/baseline_files) by extension 'ignore'
[0.264s] Level 1:colcon.colcon_core.package_identification:_identify(VSLAM/VSLAM-LAB/Baselines/baseline_files) by extension 'ignore_ament_install'
[0.264s] Level 1:colcon.colcon_core.package_identification:_identify(VSLAM/VSLAM-LAB/Baselines/baseline_files) by extensions ['colcon_pkg']
[0.264s] Level 1:colcon.colcon_core.package_identification:_identify(VSLAM/VSLAM-LAB/Baselines/baseline_files) by extension 'colcon_pkg'
[0.264s] Level 1:colcon.colcon_core.package_identification:_identify(VSLAM/VSLAM-LAB/Baselines/baseline_files) by extensions ['colcon_meta']
[0.264s] Level 1:colcon.colcon_core.package_identification:_identify(VSLAM/VSLAM-LAB/Baselines/baseline_files) by extension 'colcon_meta'
[0.264s] Level 1:colcon.colcon_core.package_identification:_identify(VSLAM/VSLAM-LAB/Baselines/baseline_files) by extensions ['ros']
[0.264s] Level 1:colcon.colcon_core.package_identification:_identify(VSLAM/VSLAM-LAB/Baselines/baseline_files) by extension 'ros'
[0.264s] Level 1:colcon.colcon_core.package_identification:_identify(VSLAM/VSLAM-LAB/Baselines/baseline_files) by extensions ['cmake', 'python']
[0.264s] Level 1:colcon.colcon_core.package_identification:_identify(VSLAM/VSLAM-LAB/Baselines/baseline_files) by extension 'cmake'
[0.264s] Level 1:colcon.colcon_core.package_identification:_identify(VSLAM/VSLAM-LAB/Baselines/baseline_files) by extension 'python'
[0.264s] Level 1:colcon.colcon_core.package_identification:_identify(VSLAM/VSLAM-LAB/Baselines/baseline_files) by extensions ['python_setup_py']
[0.264s] Level 1:colcon.colcon_core.package_identification:_identify(VSLAM/VSLAM-LAB/Baselines/baseline_files) by extension 'python_setup_py'
[0.264s] Level 1:colcon.colcon_core.package_identification:_identify(VSLAM/VSLAM-LAB/Baselines/baseline_files/__pycache__) by extensions ['ignore', 'ignore_ament_install']
[0.264s] Level 1:colcon.colcon_core.package_identification:_identify(VSLAM/VSLAM-LAB/Baselines/baseline_files/__pycache__) by extension 'ignore'
[0.264s] Level 1:colcon.colcon_core.package_identification:_identify(VSLAM/VSLAM-LAB/Baselines/baseline_files/__pycache__) by extension 'ignore_ament_install'
[0.264s] Level 1:colcon.colcon_core.package_identification:_identify(VSLAM/VSLAM-LAB/Baselines/baseline_files/__pycache__) by extensions ['colcon_pkg']
[0.265s] Level 1:colcon.colcon_core.package_identification:_identify(VSLAM/VSLAM-LAB/Baselines/baseline_files/__pycache__) by extension 'colcon_pkg'
[0.265s] Level 1:colcon.colcon_core.package_identification:_identify(VSLAM/VSLAM-LAB/Baselines/baseline_files/__pycache__) by extensions ['colcon_meta']
[0.265s] Level 1:colcon.colcon_core.package_identification:_identify(VSLAM/VSLAM-LAB/Baselines/baseline_files/__pycache__) by extension 'colcon_meta'
[0.265s] Level 1:colcon.colcon_core.package_identification:_identify(VSLAM/VSLAM-LAB/Baselines/baseline_files/__pycache__) by extensions ['ros']
[0.265s] Level 1:colcon.colcon_core.package_identification:_identify(VSLAM/VSLAM-LAB/Baselines/baseline_files/__pycache__) by extension 'ros'
[0.265s] Level 1:colcon.colcon_core.package_identification:_identify(VSLAM/VSLAM-LAB/Baselines/baseline_files/__pycache__) by extensions ['cmake', 'python']
[0.265s] Level 1:colcon.colcon_core.package_identification:_identify(VSLAM/VSLAM-LAB/Baselines/baseline_files/__pycache__) by extension 'cmake'
[0.265s] Level 1:colcon.colcon_core.package_identification:_identify(VSLAM/VSLAM-LAB/Baselines/baseline_files/__pycache__) by extension 'python'
[0.265s] Level 1:colcon.colcon_core.package_identification:_identify(VSLAM/VSLAM-LAB/Baselines/baseline_files/__pycache__) by extensions ['python_setup_py']
[0.265s] Level 1:colcon.colcon_core.package_identification:_identify(VSLAM/VSLAM-LAB/Baselines/baseline_files/__pycache__) by extension 'python_setup_py'
[0.265s] Level 1:colcon.colcon_core.package_identification:_identify(VSLAM/VSLAM-LAB/Baselines/extra-files) by extensions ['ignore', 'ignore_ament_install']
[0.265s] Level 1:colcon.colcon_core.package_identification:_identify(VSLAM/VSLAM-LAB/Baselines/extra-files) by extension 'ignore'
[0.265s] Level 1:colcon.colcon_core.package_identification:_identify(VSLAM/VSLAM-LAB/Baselines/extra-files) by extension 'ignore_ament_install'
[0.265s] Level 1:colcon.colcon_core.package_identification:_identify(VSLAM/VSLAM-LAB/Baselines/extra-files) by extensions ['colcon_pkg']
[0.265s] Level 1:colcon.colcon_core.package_identification:_identify(VSLAM/VSLAM-LAB/Baselines/extra-files) by extension 'colcon_pkg'
[0.265s] Level 1:colcon.colcon_core.package_identification:_identify(VSLAM/VSLAM-LAB/Baselines/extra-files) by extensions ['colcon_meta']
[0.265s] Level 1:colcon.colcon_core.package_identification:_identify(VSLAM/VSLAM-LAB/Baselines/extra-files) by extension 'colcon_meta'
[0.266s] Level 1:colcon.colcon_core.package_identification:_identify(VSLAM/VSLAM-LAB/Baselines/extra-files) by extensions ['ros']
[0.266s] Level 1:colcon.colcon_core.package_identification:_identify(VSLAM/VSLAM-LAB/Baselines/extra-files) by extension 'ros'
[0.266s] Level 1:colcon.colcon_core.package_identification:_identify(VSLAM/VSLAM-LAB/Baselines/extra-files) by extensions ['cmake', 'python']
[0.266s] Level 1:colcon.colcon_core.package_identification:_identify(VSLAM/VSLAM-LAB/Baselines/extra-files) by extension 'cmake'
[0.266s] Level 1:colcon.colcon_core.package_identification:_identify(VSLAM/VSLAM-LAB/Baselines/extra-files) by extension 'python'
[0.266s] Level 1:colcon.colcon_core.package_identification:_identify(VSLAM/VSLAM-LAB/Baselines/extra-files) by extensions ['python_setup_py']
[0.266s] Level 1:colcon.colcon_core.package_identification:_identify(VSLAM/VSLAM-LAB/Baselines/extra-files) by extension 'python_setup_py'
[0.266s] Level 1:colcon.colcon_core.package_identification:_identify(VSLAM/VSLAM-LAB/Baselines/extra-files/Depth-Anything-V2) by extensions ['ignore', 'ignore_ament_install']
[0.266s] Level 1:colcon.colcon_core.package_identification:_identify(VSLAM/VSLAM-LAB/Baselines/extra-files/Depth-Anything-V2) by extension 'ignore'
[0.266s] Level 1:colcon.colcon_core.package_identification:_identify(VSLAM/VSLAM-LAB/Baselines/extra-files/Depth-Anything-V2) by extension 'ignore_ament_install'
[0.266s] Level 1:colcon.colcon_core.package_identification:_identify(VSLAM/VSLAM-LAB/Baselines/extra-files/Depth-Anything-V2) by extensions ['colcon_pkg']
[0.266s] Level 1:colcon.colcon_core.package_identification:_identify(VSLAM/VSLAM-LAB/Baselines/extra-files/Depth-Anything-V2) by extension 'colcon_pkg'
[0.266s] Level 1:colcon.colcon_core.package_identification:_identify(VSLAM/VSLAM-LAB/Baselines/extra-files/Depth-Anything-V2) by extensions ['colcon_meta']
[0.266s] Level 1:colcon.colcon_core.package_identification:_identify(VSLAM/VSLAM-LAB/Baselines/extra-files/Depth-Anything-V2) by extension 'colcon_meta'
[0.266s] Level 1:colcon.colcon_core.package_identification:_identify(VSLAM/VSLAM-LAB/Baselines/extra-files/Depth-Anything-V2) by extensions ['ros']
[0.266s] Level 1:colcon.colcon_core.package_identification:_identify(VSLAM/VSLAM-LAB/Baselines/extra-files/Depth-Anything-V2) by extension 'ros'
[0.266s] Level 1:colcon.colcon_core.package_identification:_identify(VSLAM/VSLAM-LAB/Baselines/extra-files/Depth-Anything-V2) by extensions ['cmake', 'python']
[0.267s] Level 1:colcon.colcon_core.package_identification:_identify(VSLAM/VSLAM-LAB/Baselines/extra-files/Depth-Anything-V2) by extension 'cmake'
[0.267s] Level 1:colcon.colcon_core.package_identification:_identify(VSLAM/VSLAM-LAB/Baselines/extra-files/Depth-Anything-V2) by extension 'python'
[0.267s] Level 1:colcon.colcon_core.package_identification:_identify(VSLAM/VSLAM-LAB/Baselines/extra-files/Depth-Anything-V2) by extensions ['python_setup_py']
[0.267s] Level 1:colcon.colcon_core.package_identification:_identify(VSLAM/VSLAM-LAB/Baselines/extra-files/Depth-Anything-V2) by extension 'python_setup_py'
[0.267s] Level 1:colcon.colcon_core.package_identification:_identify(VSLAM/VSLAM-LAB/Baselines/extra-files/depth_estimation) by extensions ['ignore', 'ignore_ament_install']
[0.267s] Level 1:colcon.colcon_core.package_identification:_identify(VSLAM/VSLAM-LAB/Baselines/extra-files/depth_estimation) by extension 'ignore'
[0.267s] Level 1:colcon.colcon_core.package_identification:_identify(VSLAM/VSLAM-LAB/Baselines/extra-files/depth_estimation) by extension 'ignore_ament_install'
[0.267s] Level 1:colcon.colcon_core.package_identification:_identify(VSLAM/VSLAM-LAB/Baselines/extra-files/depth_estimation) by extensions ['colcon_pkg']
[0.267s] Level 1:colcon.colcon_core.package_identification:_identify(VSLAM/VSLAM-LAB/Baselines/extra-files/depth_estimation) by extension 'colcon_pkg'
[0.267s] Level 1:colcon.colcon_core.package_identification:_identify(VSLAM/VSLAM-LAB/Baselines/extra-files/depth_estimation) by extensions ['colcon_meta']
[0.267s] Level 1:colcon.colcon_core.package_identification:_identify(VSLAM/VSLAM-LAB/Baselines/extra-files/depth_estimation) by extension 'colcon_meta'
[0.267s] Level 1:colcon.colcon_core.package_identification:_identify(VSLAM/VSLAM-LAB/Baselines/extra-files/depth_estimation) by extensions ['ros']
[0.267s] Level 1:colcon.colcon_core.package_identification:_identify(VSLAM/VSLAM-LAB/Baselines/extra-files/depth_estimation) by extension 'ros'
[0.267s] Level 1:colcon.colcon_core.package_identification:_identify(VSLAM/VSLAM-LAB/Baselines/extra-files/depth_estimation) by extensions ['cmake', 'python']
[0.267s] Level 1:colcon.colcon_core.package_identification:_identify(VSLAM/VSLAM-LAB/Baselines/extra-files/depth_estimation) by extension 'cmake'
[0.267s] Level 1:colcon.colcon_core.package_identification:_identify(VSLAM/VSLAM-LAB/Baselines/extra-files/depth_estimation) by extension 'python'
[0.267s] Level 1:colcon.colcon_core.package_identification:_identify(VSLAM/VSLAM-LAB/Baselines/extra-files/depth_estimation) by extensions ['python_setup_py']
[0.267s] Level 1:colcon.colcon_core.package_identification:_identify(VSLAM/VSLAM-LAB/Baselines/extra-files/depth_estimation) by extension 'python_setup_py'
[0.268s] Level 1:colcon.colcon_core.package_identification:_identify(VSLAM/VSLAM-LAB/Baselines/extra-files/dust3r) by extensions ['ignore', 'ignore_ament_install']
[0.268s] Level 1:colcon.colcon_core.package_identification:_identify(VSLAM/VSLAM-LAB/Baselines/extra-files/dust3r) by extension 'ignore'
[0.268s] Level 1:colcon.colcon_core.package_identification:_identify(VSLAM/VSLAM-LAB/Baselines/extra-files/dust3r) by extension 'ignore_ament_install'
[0.268s] Level 1:colcon.colcon_core.package_identification:_identify(VSLAM/VSLAM-LAB/Baselines/extra-files/dust3r) by extensions ['colcon_pkg']
[0.268s] Level 1:colcon.colcon_core.package_identification:_identify(VSLAM/VSLAM-LAB/Baselines/extra-files/dust3r) by extension 'colcon_pkg'
[0.268s] Level 1:colcon.colcon_core.package_identification:_identify(VSLAM/VSLAM-LAB/Baselines/extra-files/dust3r) by extensions ['colcon_meta']
[0.268s] Level 1:colcon.colcon_core.package_identification:_identify(VSLAM/VSLAM-LAB/Baselines/extra-files/dust3r) by extension 'colcon_meta'
[0.268s] Level 1:colcon.colcon_core.package_identification:_identify(VSLAM/VSLAM-LAB/Baselines/extra-files/dust3r) by extensions ['ros']
[0.268s] Level 1:colcon.colcon_core.package_identification:_identify(VSLAM/VSLAM-LAB/Baselines/extra-files/dust3r) by extension 'ros'
[0.268s] Level 1:colcon.colcon_core.package_identification:_identify(VSLAM/VSLAM-LAB/Baselines/extra-files/dust3r) by extensions ['cmake', 'python']
[0.268s] Level 1:colcon.colcon_core.package_identification:_identify(VSLAM/VSLAM-LAB/Baselines/extra-files/dust3r) by extension 'cmake'
[0.268s] Level 1:colcon.colcon_core.package_identification:_identify(VSLAM/VSLAM-LAB/Baselines/extra-files/dust3r) by extension 'python'
[0.268s] Level 1:colcon.colcon_core.package_identification:_identify(VSLAM/VSLAM-LAB/Baselines/extra-files/dust3r) by extensions ['python_setup_py']
[0.268s] Level 1:colcon.colcon_core.package_identification:_identify(VSLAM/VSLAM-LAB/Baselines/extra-files/dust3r) by extension 'python_setup_py'
[0.268s] Level 1:colcon.colcon_core.package_identification:_identify(VSLAM/VSLAM-LAB/Baselines/extra-files/r2d2) by extensions ['ignore', 'ignore_ament_install']
[0.269s] Level 1:colcon.colcon_core.package_identification:_identify(VSLAM/VSLAM-LAB/Baselines/extra-files/r2d2) by extension 'ignore'
[0.269s] Level 1:colcon.colcon_core.package_identification:_identify(VSLAM/VSLAM-LAB/Baselines/extra-files/r2d2) by extension 'ignore_ament_install'
[0.269s] Level 1:colcon.colcon_core.package_identification:_identify(VSLAM/VSLAM-LAB/Baselines/extra-files/r2d2) by extensions ['colcon_pkg']
[0.269s] Level 1:colcon.colcon_core.package_identification:_identify(VSLAM/VSLAM-LAB/Baselines/extra-files/r2d2) by extension 'colcon_pkg'
[0.269s] Level 1:colcon.colcon_core.package_identification:_identify(VSLAM/VSLAM-LAB/Baselines/extra-files/r2d2) by extensions ['colcon_meta']
[0.269s] Level 1:colcon.colcon_core.package_identification:_identify(VSLAM/VSLAM-LAB/Baselines/extra-files/r2d2) by extension 'colcon_meta'
[0.269s] Level 1:colcon.colcon_core.package_identification:_identify(VSLAM/VSLAM-LAB/Baselines/extra-files/r2d2) by extensions ['ros']
[0.269s] Level 1:colcon.colcon_core.package_identification:_identify(VSLAM/VSLAM-LAB/Baselines/extra-files/r2d2) by extension 'ros'
[0.269s] Level 1:colcon.colcon_core.package_identification:_identify(VSLAM/VSLAM-LAB/Baselines/extra-files/r2d2) by extensions ['cmake', 'python']
[0.269s] Level 1:colcon.colcon_core.package_identification:_identify(VSLAM/VSLAM-LAB/Baselines/extra-files/r2d2) by extension 'cmake'
[0.269s] Level 1:colcon.colcon_core.package_identification:_identify(VSLAM/VSLAM-LAB/Baselines/extra-files/r2d2) by extension 'python'
[0.269s] Level 1:colcon.colcon_core.package_identification:_identify(VSLAM/VSLAM-LAB/Baselines/extra-files/r2d2) by extensions ['python_setup_py']
[0.269s] Level 1:colcon.colcon_core.package_identification:_identify(VSLAM/VSLAM-LAB/Baselines/extra-files/r2d2) by extension 'python_setup_py'
[0.269s] Level 1:colcon.colcon_core.package_identification:_identify(VSLAM/VSLAM-LAB/Datasets) by extensions ['ignore', 'ignore_ament_install']
[0.269s] Level 1:colcon.colcon_core.package_identification:_identify(VSLAM/VSLAM-LAB/Datasets) by extension 'ignore'
[0.269s] Level 1:colcon.colcon_core.package_identification:_identify(VSLAM/VSLAM-LAB/Datasets) by extension 'ignore_ament_install'
[0.269s] Level 1:colcon.colcon_core.package_identification:_identify(VSLAM/VSLAM-LAB/Datasets) by extensions ['colcon_pkg']
[0.270s] Level 1:colcon.colcon_core.package_identification:_identify(VSLAM/VSLAM-LAB/Datasets) by extension 'colcon_pkg'
[0.270s] Level 1:colcon.colcon_core.package_identification:_identify(VSLAM/VSLAM-LAB/Datasets) by extensions ['colcon_meta']
[0.270s] Level 1:colcon.colcon_core.package_identification:_identify(VSLAM/VSLAM-LAB/Datasets) by extension 'colcon_meta'
[0.270s] Level 1:colcon.colcon_core.package_identification:_identify(VSLAM/VSLAM-LAB/Datasets) by extensions ['ros']
[0.270s] Level 1:colcon.colcon_core.package_identification:_identify(VSLAM/VSLAM-LAB/Datasets) by extension 'ros'
[0.270s] Level 1:colcon.colcon_core.package_identification:_identify(VSLAM/VSLAM-LAB/Datasets) by extensions ['cmake', 'python']
[0.270s] Level 1:colcon.colcon_core.package_identification:_identify(VSLAM/VSLAM-LAB/Datasets) by extension 'cmake'
[0.270s] Level 1:colcon.colcon_core.package_identification:_identify(VSLAM/VSLAM-LAB/Datasets) by extension 'python'
[0.270s] Level 1:colcon.colcon_core.package_identification:_identify(VSLAM/VSLAM-LAB/Datasets) by extensions ['python_setup_py']
[0.270s] Level 1:colcon.colcon_core.package_identification:_identify(VSLAM/VSLAM-LAB/Datasets) by extension 'python_setup_py'
[0.270s] Level 1:colcon.colcon_core.package_identification:_identify(VSLAM/VSLAM-LAB/Datasets/__pycache__) by extensions ['ignore', 'ignore_ament_install']
[0.270s] Level 1:colcon.colcon_core.package_identification:_identify(VSLAM/VSLAM-LAB/Datasets/__pycache__) by extension 'ignore'
[0.270s] Level 1:colcon.colcon_core.package_identification:_identify(VSLAM/VSLAM-LAB/Datasets/__pycache__) by extension 'ignore_ament_install'
[0.270s] Level 1:colcon.colcon_core.package_identification:_identify(VSLAM/VSLAM-LAB/Datasets/__pycache__) by extensions ['colcon_pkg']
[0.270s] Level 1:colcon.colcon_core.package_identification:_identify(VSLAM/VSLAM-LAB/Datasets/__pycache__) by extension 'colcon_pkg'
[0.270s] Level 1:colcon.colcon_core.package_identification:_identify(VSLAM/VSLAM-LAB/Datasets/__pycache__) by extensions ['colcon_meta']
[0.270s] Level 1:colcon.colcon_core.package_identification:_identify(VSLAM/VSLAM-LAB/Datasets/__pycache__) by extension 'colcon_meta'
[0.271s] Level 1:colcon.colcon_core.package_identification:_identify(VSLAM/VSLAM-LAB/Datasets/__pycache__) by extensions ['ros']
[0.271s] Level 1:colcon.colcon_core.package_identification:_identify(VSLAM/VSLAM-LAB/Datasets/__pycache__) by extension 'ros'
[0.271s] Level 1:colcon.colcon_core.package_identification:_identify(VSLAM/VSLAM-LAB/Datasets/__pycache__) by extensions ['cmake', 'python']
[0.271s] Level 1:colcon.colcon_core.package_identification:_identify(VSLAM/VSLAM-LAB/Datasets/__pycache__) by extension 'cmake'
[0.271s] Level 1:colcon.colcon_core.package_identification:_identify(VSLAM/VSLAM-LAB/Datasets/__pycache__) by extension 'python'
[0.271s] Level 1:colcon.colcon_core.package_identification:_identify(VSLAM/VSLAM-LAB/Datasets/__pycache__) by extensions ['python_setup_py']
[0.271s] Level 1:colcon.colcon_core.package_identification:_identify(VSLAM/VSLAM-LAB/Datasets/__pycache__) by extension 'python_setup_py'
[0.271s] Level 1:colcon.colcon_core.package_identification:_identify(VSLAM/VSLAM-LAB/Datasets/dataset_files) by extensions ['ignore', 'ignore_ament_install']
[0.271s] Level 1:colcon.colcon_core.package_identification:_identify(VSLAM/VSLAM-LAB/Datasets/dataset_files) by extension 'ignore'
[0.271s] Level 1:colcon.colcon_core.package_identification:_identify(VSLAM/VSLAM-LAB/Datasets/dataset_files) by extension 'ignore_ament_install'
[0.271s] Level 1:colcon.colcon_core.package_identification:_identify(VSLAM/VSLAM-LAB/Datasets/dataset_files) by extensions ['colcon_pkg']
[0.271s] Level 1:colcon.colcon_core.package_identification:_identify(VSLAM/VSLAM-LAB/Datasets/dataset_files) by extension 'colcon_pkg'
[0.271s] Level 1:colcon.colcon_core.package_identification:_identify(VSLAM/VSLAM-LAB/Datasets/dataset_files) by extensions ['colcon_meta']
[0.271s] Level 1:colcon.colcon_core.package_identification:_identify(VSLAM/VSLAM-LAB/Datasets/dataset_files) by extension 'colcon_meta'
[0.271s] Level 1:colcon.colcon_core.package_identification:_identify(VSLAM/VSLAM-LAB/Datasets/dataset_files) by extensions ['ros']
[0.271s] Level 1:colcon.colcon_core.package_identification:_identify(VSLAM/VSLAM-LAB/Datasets/dataset_files) by extension 'ros'
[0.272s] Level 1:colcon.colcon_core.package_identification:_identify(VSLAM/VSLAM-LAB/Datasets/dataset_files) by extensions ['cmake', 'python']
[0.272s] Level 1:colcon.colcon_core.package_identification:_identify(VSLAM/VSLAM-LAB/Datasets/dataset_files) by extension 'cmake'
[0.272s] Level 1:colcon.colcon_core.package_identification:_identify(VSLAM/VSLAM-LAB/Datasets/dataset_files) by extension 'python'
[0.272s] Level 1:colcon.colcon_core.package_identification:_identify(VSLAM/VSLAM-LAB/Datasets/dataset_files) by extensions ['python_setup_py']
[0.272s] Level 1:colcon.colcon_core.package_identification:_identify(VSLAM/VSLAM-LAB/Datasets/dataset_files) by extension 'python_setup_py'
[0.272s] Level 1:colcon.colcon_core.package_identification:_identify(VSLAM/VSLAM-LAB/Datasets/dataset_files/__pycache__) by extensions ['ignore', 'ignore_ament_install']
[0.272s] Level 1:colcon.colcon_core.package_identification:_identify(VSLAM/VSLAM-LAB/Datasets/dataset_files/__pycache__) by extension 'ignore'
[0.272s] Level 1:colcon.colcon_core.package_identification:_identify(VSLAM/VSLAM-LAB/Datasets/dataset_files/__pycache__) by extension 'ignore_ament_install'
[0.272s] Level 1:colcon.colcon_core.package_identification:_identify(VSLAM/VSLAM-LAB/Datasets/dataset_files/__pycache__) by extensions ['colcon_pkg']
[0.272s] Level 1:colcon.colcon_core.package_identification:_identify(VSLAM/VSLAM-LAB/Datasets/dataset_files/__pycache__) by extension 'colcon_pkg'
[0.272s] Level 1:colcon.colcon_core.package_identification:_identify(VSLAM/VSLAM-LAB/Datasets/dataset_files/__pycache__) by extensions ['colcon_meta']
[0.272s] Level 1:colcon.colcon_core.package_identification:_identify(VSLAM/VSLAM-LAB/Datasets/dataset_files/__pycache__) by extension 'colcon_meta'
[0.272s] Level 1:colcon.colcon_core.package_identification:_identify(VSLAM/VSLAM-LAB/Datasets/dataset_files/__pycache__) by extensions ['ros']
[0.272s] Level 1:colcon.colcon_core.package_identification:_identify(VSLAM/VSLAM-LAB/Datasets/dataset_files/__pycache__) by extension 'ros'
[0.272s] Level 1:colcon.colcon_core.package_identification:_identify(VSLAM/VSLAM-LAB/Datasets/dataset_files/__pycache__) by extensions ['cmake', 'python']
[0.272s] Level 1:colcon.colcon_core.package_identification:_identify(VSLAM/VSLAM-LAB/Datasets/dataset_files/__pycache__) by extension 'cmake'
[0.272s] Level 1:colcon.colcon_core.package_identification:_identify(VSLAM/VSLAM-LAB/Datasets/dataset_files/__pycache__) by extension 'python'
[0.273s] Level 1:colcon.colcon_core.package_identification:_identify(VSLAM/VSLAM-LAB/Datasets/dataset_files/__pycache__) by extensions ['python_setup_py']
[0.273s] Level 1:colcon.colcon_core.package_identification:_identify(VSLAM/VSLAM-LAB/Datasets/dataset_files/__pycache__) by extension 'python_setup_py'
[0.273s] Level 1:colcon.colcon_core.package_identification:_identify(VSLAM/VSLAM-LAB/Datasets/extra-files) by extensions ['ignore', 'ignore_ament_install']
[0.273s] Level 1:colcon.colcon_core.package_identification:_identify(VSLAM/VSLAM-LAB/Datasets/extra-files) by extension 'ignore'
[0.273s] Level 1:colcon.colcon_core.package_identification:_identify(VSLAM/VSLAM-LAB/Datasets/extra-files) by extension 'ignore_ament_install'
[0.273s] Level 1:colcon.colcon_core.package_identification:_identify(VSLAM/VSLAM-LAB/Datasets/extra-files) by extensions ['colcon_pkg']
[0.273s] Level 1:colcon.colcon_core.package_identification:_identify(VSLAM/VSLAM-LAB/Datasets/extra-files) by extension 'colcon_pkg'
[0.273s] Level 1:colcon.colcon_core.package_identification:_identify(VSLAM/VSLAM-LAB/Datasets/extra-files) by extensions ['colcon_meta']
[0.273s] Level 1:colcon.colcon_core.package_identification:_identify(VSLAM/VSLAM-LAB/Datasets/extra-files) by extension 'colcon_meta'
[0.273s] Level 1:colcon.colcon_core.package_identification:_identify(VSLAM/VSLAM-LAB/Datasets/extra-files) by extensions ['ros']
[0.273s] Level 1:colcon.colcon_core.package_identification:_identify(VSLAM/VSLAM-LAB/Datasets/extra-files) by extension 'ros'
[0.273s] Level 1:colcon.colcon_core.package_identification:_identify(VSLAM/VSLAM-LAB/Datasets/extra-files) by extensions ['cmake', 'python']
[0.273s] Level 1:colcon.colcon_core.package_identification:_identify(VSLAM/VSLAM-LAB/Datasets/extra-files) by extension 'cmake'
[0.274s] Level 1:colcon.colcon_core.package_identification:_identify(VSLAM/VSLAM-LAB/Datasets/extra-files) by extension 'python'
[0.275s] DEBUG:colcon.colcon_core.package_identification:Package 'VSLAM/VSLAM-LAB/Datasets/extra-files' with type 'cmake' and name 'PhotometricDatasetCalibration'
[0.275s] Level 1:colcon.colcon_core.package_identification:_identify(VSLAM/VSLAM-LAB/Evaluate) by extensions ['ignore', 'ignore_ament_install']
[0.275s] Level 1:colcon.colcon_core.package_identification:_identify(VSLAM/VSLAM-LAB/Evaluate) by extension 'ignore'
[0.275s] Level 1:colcon.colcon_core.package_identification:_identify(VSLAM/VSLAM-LAB/Evaluate) by extension 'ignore_ament_install'
[0.275s] Level 1:colcon.colcon_core.package_identification:_identify(VSLAM/VSLAM-LAB/Evaluate) by extensions ['colcon_pkg']
[0.275s] Level 1:colcon.colcon_core.package_identification:_identify(VSLAM/VSLAM-LAB/Evaluate) by extension 'colcon_pkg'
[0.275s] Level 1:colcon.colcon_core.package_identification:_identify(VSLAM/VSLAM-LAB/Evaluate) by extensions ['colcon_meta']
[0.275s] Level 1:colcon.colcon_core.package_identification:_identify(VSLAM/VSLAM-LAB/Evaluate) by extension 'colcon_meta'
[0.275s] Level 1:colcon.colcon_core.package_identification:_identify(VSLAM/VSLAM-LAB/Evaluate) by extensions ['ros']
[0.275s] Level 1:colcon.colcon_core.package_identification:_identify(VSLAM/VSLAM-LAB/Evaluate) by extension 'ros'
[0.275s] Level 1:colcon.colcon_core.package_identification:_identify(VSLAM/VSLAM-LAB/Evaluate) by extensions ['cmake', 'python']
[0.275s] Level 1:colcon.colcon_core.package_identification:_identify(VSLAM/VSLAM-LAB/Evaluate) by extension 'cmake'
[0.275s] Level 1:colcon.colcon_core.package_identification:_identify(VSLAM/VSLAM-LAB/Evaluate) by extension 'python'
[0.275s] Level 1:colcon.colcon_core.package_identification:_identify(VSLAM/VSLAM-LAB/Evaluate) by extensions ['python_setup_py']
[0.275s] Level 1:colcon.colcon_core.package_identification:_identify(VSLAM/VSLAM-LAB/Evaluate) by extension 'python_setup_py'
[0.275s] Level 1:colcon.colcon_core.package_identification:_identify(VSLAM/VSLAM-LAB/Evaluate/__pycache__) by extensions ['ignore', 'ignore_ament_install']
[0.276s] Level 1:colcon.colcon_core.package_identification:_identify(VSLAM/VSLAM-LAB/Evaluate/__pycache__) by extension 'ignore'
[0.276s] Level 1:colcon.colcon_core.package_identification:_identify(VSLAM/VSLAM-LAB/Evaluate/__pycache__) by extension 'ignore_ament_install'
[0.276s] Level 1:colcon.colcon_core.package_identification:_identify(VSLAM/VSLAM-LAB/Evaluate/__pycache__) by extensions ['colcon_pkg']
[0.276s] Level 1:colcon.colcon_core.package_identification:_identify(VSLAM/VSLAM-LAB/Evaluate/__pycache__) by extension 'colcon_pkg'
[0.276s] Level 1:colcon.colcon_core.package_identification:_identify(VSLAM/VSLAM-LAB/Evaluate/__pycache__) by extensions ['colcon_meta']
[0.276s] Level 1:colcon.colcon_core.package_identification:_identify(VSLAM/VSLAM-LAB/Evaluate/__pycache__) by extension 'colcon_meta'
[0.276s] Level 1:colcon.colcon_core.package_identification:_identify(VSLAM/VSLAM-LAB/Evaluate/__pycache__) by extensions ['ros']
[0.276s] Level 1:colcon.colcon_core.package_identification:_identify(VSLAM/VSLAM-LAB/Evaluate/__pycache__) by extension 'ros'
[0.276s] Level 1:colcon.colcon_core.package_identification:_identify(VSLAM/VSLAM-LAB/Evaluate/__pycache__) by extensions ['cmake', 'python']
[0.276s] Level 1:colcon.colcon_core.package_identification:_identify(VSLAM/VSLAM-LAB/Evaluate/__pycache__) by extension 'cmake'
[0.276s] Level 1:colcon.colcon_core.package_identification:_identify(VSLAM/VSLAM-LAB/Evaluate/__pycache__) by extension 'python'
[0.276s] Level 1:colcon.colcon_core.package_identification:_identify(VSLAM/VSLAM-LAB/Evaluate/__pycache__) by extensions ['python_setup_py']
[0.276s] Level 1:colcon.colcon_core.package_identification:_identify(VSLAM/VSLAM-LAB/Evaluate/__pycache__) by extension 'python_setup_py'
[0.276s] Level 1:colcon.colcon_core.package_identification:_identify(VSLAM/VSLAM-LAB/Run) by extensions ['ignore', 'ignore_ament_install']
[0.276s] Level 1:colcon.colcon_core.package_identification:_identify(VSLAM/VSLAM-LAB/Run) by extension 'ignore'
[0.276s] Level 1:colcon.colcon_core.package_identification:_identify(VSLAM/VSLAM-LAB/Run) by extension 'ignore_ament_install'
[0.277s] Level 1:colcon.colcon_core.package_identification:_identify(VSLAM/VSLAM-LAB/Run) by extensions ['colcon_pkg']
[0.277s] Level 1:colcon.colcon_core.package_identification:_identify(VSLAM/VSLAM-LAB/Run) by extension 'colcon_pkg'
[0.277s] Level 1:colcon.colcon_core.package_identification:_identify(VSLAM/VSLAM-LAB/Run) by extensions ['colcon_meta']
[0.277s] Level 1:colcon.colcon_core.package_identification:_identify(VSLAM/VSLAM-LAB/Run) by extension 'colcon_meta'
[0.277s] Level 1:colcon.colcon_core.package_identification:_identify(VSLAM/VSLAM-LAB/Run) by extensions ['ros']
[0.277s] Level 1:colcon.colcon_core.package_identification:_identify(VSLAM/VSLAM-LAB/Run) by extension 'ros'
[0.277s] Level 1:colcon.colcon_core.package_identification:_identify(VSLAM/VSLAM-LAB/Run) by extensions ['cmake', 'python']
[0.277s] Level 1:colcon.colcon_core.package_identification:_identify(VSLAM/VSLAM-LAB/Run) by extension 'cmake'
[0.277s] Level 1:colcon.colcon_core.package_identification:_identify(VSLAM/VSLAM-LAB/Run) by extension 'python'
[0.277s] Level 1:colcon.colcon_core.package_identification:_identify(VSLAM/VSLAM-LAB/Run) by extensions ['python_setup_py']
[0.277s] Level 1:colcon.colcon_core.package_identification:_identify(VSLAM/VSLAM-LAB/Run) by extension 'python_setup_py'
[0.277s] Level 1:colcon.colcon_core.package_identification:_identify(VSLAM/VSLAM-LAB/Run/__pycache__) by extensions ['ignore', 'ignore_ament_install']
[0.277s] Level 1:colcon.colcon_core.package_identification:_identify(VSLAM/VSLAM-LAB/Run/__pycache__) by extension 'ignore'
[0.277s] Level 1:colcon.colcon_core.package_identification:_identify(VSLAM/VSLAM-LAB/Run/__pycache__) by extension 'ignore_ament_install'
[0.277s] Level 1:colcon.colcon_core.package_identification:_identify(VSLAM/VSLAM-LAB/Run/__pycache__) by extensions ['colcon_pkg']
[0.277s] Level 1:colcon.colcon_core.package_identification:_identify(VSLAM/VSLAM-LAB/Run/__pycache__) by extension 'colcon_pkg'
[0.277s] Level 1:colcon.colcon_core.package_identification:_identify(VSLAM/VSLAM-LAB/Run/__pycache__) by extensions ['colcon_meta']
[0.277s] Level 1:colcon.colcon_core.package_identification:_identify(VSLAM/VSLAM-LAB/Run/__pycache__) by extension 'colcon_meta'
[0.278s] Level 1:colcon.colcon_core.package_identification:_identify(VSLAM/VSLAM-LAB/Run/__pycache__) by extensions ['ros']
[0.278s] Level 1:colcon.colcon_core.package_identification:_identify(VSLAM/VSLAM-LAB/Run/__pycache__) by extension 'ros'
[0.278s] Level 1:colcon.colcon_core.package_identification:_identify(VSLAM/VSLAM-LAB/Run/__pycache__) by extensions ['cmake', 'python']
[0.278s] Level 1:colcon.colcon_core.package_identification:_identify(VSLAM/VSLAM-LAB/Run/__pycache__) by extension 'cmake'
[0.278s] Level 1:colcon.colcon_core.package_identification:_identify(VSLAM/VSLAM-LAB/Run/__pycache__) by extension 'python'
[0.278s] Level 1:colcon.colcon_core.package_identification:_identify(VSLAM/VSLAM-LAB/Run/__pycache__) by extensions ['python_setup_py']
[0.278s] Level 1:colcon.colcon_core.package_identification:_identify(VSLAM/VSLAM-LAB/Run/__pycache__) by extension 'python_setup_py'
[0.278s] Level 1:colcon.colcon_core.package_identification:_identify(VSLAM/VSLAM-LAB/Utilities) by extensions ['ignore', 'ignore_ament_install']
[0.278s] Level 1:colcon.colcon_core.package_identification:_identify(VSLAM/VSLAM-LAB/Utilities) by extension 'ignore'
[0.278s] Level 1:colcon.colcon_core.package_identification:_identify(VSLAM/VSLAM-LAB/Utilities) by extension 'ignore_ament_install'
[0.278s] Level 1:colcon.colcon_core.package_identification:_identify(VSLAM/VSLAM-LAB/Utilities) by extensions ['colcon_pkg']
[0.278s] Level 1:colcon.colcon_core.package_identification:_identify(VSLAM/VSLAM-LAB/Utilities) by extension 'colcon_pkg'
[0.278s] Level 1:colcon.colcon_core.package_identification:_identify(VSLAM/VSLAM-LAB/Utilities) by extensions ['colcon_meta']
[0.278s] Level 1:colcon.colcon_core.package_identification:_identify(VSLAM/VSLAM-LAB/Utilities) by extension 'colcon_meta'
[0.278s] Level 1:colcon.colcon_core.package_identification:_identify(VSLAM/VSLAM-LAB/Utilities) by extensions ['ros']
[0.278s] Level 1:colcon.colcon_core.package_identification:_identify(VSLAM/VSLAM-LAB/Utilities) by extension 'ros'
[0.278s] Level 1:colcon.colcon_core.package_identification:_identify(VSLAM/VSLAM-LAB/Utilities) by extensions ['cmake', 'python']
[0.279s] Level 1:colcon.colcon_core.package_identification:_identify(VSLAM/VSLAM-LAB/Utilities) by extension 'cmake'
[0.279s] Level 1:colcon.colcon_core.package_identification:_identify(VSLAM/VSLAM-LAB/Utilities) by extension 'python'
[0.279s] Level 1:colcon.colcon_core.package_identification:_identify(VSLAM/VSLAM-LAB/Utilities) by extensions ['python_setup_py']
[0.279s] Level 1:colcon.colcon_core.package_identification:_identify(VSLAM/VSLAM-LAB/Utilities) by extension 'python_setup_py'
[0.279s] Level 1:colcon.colcon_core.package_identification:_identify(VSLAM/VSLAM-LAB/__pycache__) by extensions ['ignore', 'ignore_ament_install']
[0.279s] Level 1:colcon.colcon_core.package_identification:_identify(VSLAM/VSLAM-LAB/__pycache__) by extension 'ignore'
[0.279s] Level 1:colcon.colcon_core.package_identification:_identify(VSLAM/VSLAM-LAB/__pycache__) by extension 'ignore_ament_install'
[0.279s] Level 1:colcon.colcon_core.package_identification:_identify(VSLAM/VSLAM-LAB/__pycache__) by extensions ['colcon_pkg']
[0.279s] Level 1:colcon.colcon_core.package_identification:_identify(VSLAM/VSLAM-LAB/__pycache__) by extension 'colcon_pkg'
[0.279s] Level 1:colcon.colcon_core.package_identification:_identify(VSLAM/VSLAM-LAB/__pycache__) by extensions ['colcon_meta']
[0.279s] Level 1:colcon.colcon_core.package_identification:_identify(VSLAM/VSLAM-LAB/__pycache__) by extension 'colcon_meta'
[0.279s] Level 1:colcon.colcon_core.package_identification:_identify(VSLAM/VSLAM-LAB/__pycache__) by extensions ['ros']
[0.279s] Level 1:colcon.colcon_core.package_identification:_identify(VSLAM/VSLAM-LAB/__pycache__) by extension 'ros'
[0.279s] Level 1:colcon.colcon_core.package_identification:_identify(VSLAM/VSLAM-LAB/__pycache__) by extensions ['cmake', 'python']
[0.279s] Level 1:colcon.colcon_core.package_identification:_identify(VSLAM/VSLAM-LAB/__pycache__) by extension 'cmake'
[0.279s] Level 1:colcon.colcon_core.package_identification:_identify(VSLAM/VSLAM-LAB/__pycache__) by extension 'python'
[0.279s] Level 1:colcon.colcon_core.package_identification:_identify(VSLAM/VSLAM-LAB/__pycache__) by extensions ['python_setup_py']
[0.279s] Level 1:colcon.colcon_core.package_identification:_identify(VSLAM/VSLAM-LAB/__pycache__) by extension 'python_setup_py'
[0.280s] Level 1:colcon.colcon_core.package_identification:_identify(VSLAM/VSLAM-LAB/configs) by extensions ['ignore', 'ignore_ament_install']
[0.280s] Level 1:colcon.colcon_core.package_identification:_identify(VSLAM/VSLAM-LAB/configs) by extension 'ignore'
[0.280s] Level 1:colcon.colcon_core.package_identification:_identify(VSLAM/VSLAM-LAB/configs) by extension 'ignore_ament_install'
[0.280s] Level 1:colcon.colcon_core.package_identification:_identify(VSLAM/VSLAM-LAB/configs) by extensions ['colcon_pkg']
[0.280s] Level 1:colcon.colcon_core.package_identification:_identify(VSLAM/VSLAM-LAB/configs) by extension 'colcon_pkg'
[0.280s] Level 1:colcon.colcon_core.package_identification:_identify(VSLAM/VSLAM-LAB/configs) by extensions ['colcon_meta']
[0.280s] Level 1:colcon.colcon_core.package_identification:_identify(VSLAM/VSLAM-LAB/configs) by extension 'colcon_meta'
[0.280s] Level 1:colcon.colcon_core.package_identification:_identify(VSLAM/VSLAM-LAB/configs) by extensions ['ros']
[0.280s] Level 1:colcon.colcon_core.package_identification:_identify(VSLAM/VSLAM-LAB/configs) by extension 'ros'
[0.280s] Level 1:colcon.colcon_core.package_identification:_identify(VSLAM/VSLAM-LAB/configs) by extensions ['cmake', 'python']
[0.280s] Level 1:colcon.colcon_core.package_identification:_identify(VSLAM/VSLAM-LAB/configs) by extension 'cmake'
[0.280s] Level 1:colcon.colcon_core.package_identification:_identify(VSLAM/VSLAM-LAB/configs) by extension 'python'
[0.280s] Level 1:colcon.colcon_core.package_identification:_identify(VSLAM/VSLAM-LAB/configs) by extensions ['python_setup_py']
[0.280s] Level 1:colcon.colcon_core.package_identification:_identify(VSLAM/VSLAM-LAB/configs) by extension 'python_setup_py'
[0.280s] Level 1:colcon.colcon_core.package_identification:_identify(VSLAM/VSLAM-LAB/docs) by extensions ['ignore', 'ignore_ament_install']
[0.281s] Level 1:colcon.colcon_core.package_identification:_identify(VSLAM/VSLAM-LAB/docs) by extension 'ignore'
[0.281s] Level 1:colcon.colcon_core.package_identification:_identify(VSLAM/VSLAM-LAB/docs) by extension 'ignore_ament_install'
[0.281s] Level 1:colcon.colcon_core.package_identification:_identify(VSLAM/VSLAM-LAB/docs) by extensions ['colcon_pkg']
[0.281s] Level 1:colcon.colcon_core.package_identification:_identify(VSLAM/VSLAM-LAB/docs) by extension 'colcon_pkg'
[0.281s] Level 1:colcon.colcon_core.package_identification:_identify(VSLAM/VSLAM-LAB/docs) by extensions ['colcon_meta']
[0.281s] Level 1:colcon.colcon_core.package_identification:_identify(VSLAM/VSLAM-LAB/docs) by extension 'colcon_meta'
[0.281s] Level 1:colcon.colcon_core.package_identification:_identify(VSLAM/VSLAM-LAB/docs) by extensions ['ros']
[0.281s] Level 1:colcon.colcon_core.package_identification:_identify(VSLAM/VSLAM-LAB/docs) by extension 'ros'
[0.281s] Level 1:colcon.colcon_core.package_identification:_identify(VSLAM/VSLAM-LAB/docs) by extensions ['cmake', 'python']
[0.281s] Level 1:colcon.colcon_core.package_identification:_identify(VSLAM/VSLAM-LAB/docs) by extension 'cmake'
[0.281s] Level 1:colcon.colcon_core.package_identification:_identify(VSLAM/VSLAM-LAB/docs) by extension 'python'
[0.281s] Level 1:colcon.colcon_core.package_identification:_identify(VSLAM/VSLAM-LAB/docs) by extensions ['python_setup_py']
[0.281s] Level 1:colcon.colcon_core.package_identification:_identify(VSLAM/VSLAM-LAB/docs) by extension 'python_setup_py'
[0.281s] Level 1:colcon.colcon_core.package_identification:_identify(VSLAM/VSLAM-LAB-Evaluation) by extensions ['ignore', 'ignore_ament_install']
[0.281s] Level 1:colcon.colcon_core.package_identification:_identify(VSLAM/VSLAM-LAB-Evaluation) by extension 'ignore'
[0.281s] Level 1:colcon.colcon_core.package_identification:_identify(VSLAM/VSLAM-LAB-Evaluation) by extension 'ignore_ament_install'
[0.281s] Level 1:colcon.colcon_core.package_identification:_identify(VSLAM/VSLAM-LAB-Evaluation) by extensions ['colcon_pkg']
[0.282s] Level 1:colcon.colcon_core.package_identification:_identify(VSLAM/VSLAM-LAB-Evaluation) by extension 'colcon_pkg'
[0.282s] Level 1:colcon.colcon_core.package_identification:_identify(VSLAM/VSLAM-LAB-Evaluation) by extensions ['colcon_meta']
[0.282s] Level 1:colcon.colcon_core.package_identification:_identify(VSLAM/VSLAM-LAB-Evaluation) by extension 'colcon_meta'
[0.282s] Level 1:colcon.colcon_core.package_identification:_identify(VSLAM/VSLAM-LAB-Evaluation) by extensions ['ros']
[0.282s] Level 1:colcon.colcon_core.package_identification:_identify(VSLAM/VSLAM-LAB-Evaluation) by extension 'ros'
[0.282s] Level 1:colcon.colcon_core.package_identification:_identify(VSLAM/VSLAM-LAB-Evaluation) by extensions ['cmake', 'python']
[0.282s] Level 1:colcon.colcon_core.package_identification:_identify(VSLAM/VSLAM-LAB-Evaluation) by extension 'cmake'
[0.282s] Level 1:colcon.colcon_core.package_identification:_identify(VSLAM/VSLAM-LAB-Evaluation) by extension 'python'
[0.282s] Level 1:colcon.colcon_core.package_identification:_identify(VSLAM/VSLAM-LAB-Evaluation) by extensions ['python_setup_py']
[0.282s] Level 1:colcon.colcon_core.package_identification:_identify(VSLAM/VSLAM-LAB-Evaluation) by extension 'python_setup_py'
[0.282s] Level 1:colcon.colcon_core.package_identification:_identify(VSLAM/VSLAM-LAB-Evaluation/demo) by extensions ['ignore', 'ignore_ament_install']
[0.282s] Level 1:colcon.colcon_core.package_identification:_identify(VSLAM/VSLAM-LAB-Evaluation/demo) by extension 'ignore'
[0.282s] Level 1:colcon.colcon_core.package_identification:_identify(VSLAM/VSLAM-LAB-Evaluation/demo) by extension 'ignore_ament_install'
[0.282s] Level 1:colcon.colcon_core.package_identification:_identify(VSLAM/VSLAM-LAB-Evaluation/demo) by extensions ['colcon_pkg']
[0.282s] Level 1:colcon.colcon_core.package_identification:_identify(VSLAM/VSLAM-LAB-Evaluation/demo) by extension 'colcon_pkg'
[0.282s] Level 1:colcon.colcon_core.package_identification:_identify(VSLAM/VSLAM-LAB-Evaluation/demo) by extensions ['colcon_meta']
[0.282s] Level 1:colcon.colcon_core.package_identification:_identify(VSLAM/VSLAM-LAB-Evaluation/demo) by extension 'colcon_meta'
[0.282s] Level 1:colcon.colcon_core.package_identification:_identify(VSLAM/VSLAM-LAB-Evaluation/demo) by extensions ['ros']
[0.283s] Level 1:colcon.colcon_core.package_identification:_identify(VSLAM/VSLAM-LAB-Evaluation/demo) by extension 'ros'
[0.283s] Level 1:colcon.colcon_core.package_identification:_identify(VSLAM/VSLAM-LAB-Evaluation/demo) by extensions ['cmake', 'python']
[0.283s] Level 1:colcon.colcon_core.package_identification:_identify(VSLAM/VSLAM-LAB-Evaluation/demo) by extension 'cmake'
[0.283s] Level 1:colcon.colcon_core.package_identification:_identify(VSLAM/VSLAM-LAB-Evaluation/demo) by extension 'python'
[0.283s] Level 1:colcon.colcon_core.package_identification:_identify(VSLAM/VSLAM-LAB-Evaluation/demo) by extensions ['python_setup_py']
[0.283s] Level 1:colcon.colcon_core.package_identification:_identify(VSLAM/VSLAM-LAB-Evaluation/demo) by extension 'python_setup_py'
[0.283s] Level 1:colcon.colcon_core.package_identification:_identify(build) by extensions ['ignore', 'ignore_ament_install']
[0.283s] Level 1:colcon.colcon_core.package_identification:_identify(build) by extension 'ignore'
[0.283s] Level 1:colcon.colcon_core.package_identification:_identify(build) ignored
[0.283s] Level 1:colcon.colcon_core.package_identification:_identify(install) by extensions ['ignore', 'ignore_ament_install']
[0.283s] Level 1:colcon.colcon_core.package_identification:_identify(install) by extension 'ignore'
[0.283s] Level 1:colcon.colcon_core.package_identification:_identify(install) ignored
[0.283s] Level 1:colcon.colcon_core.package_identification:_identify(log) by extensions ['ignore', 'ignore_ament_install']
[0.284s] Level 1:colcon.colcon_core.package_identification:_identify(log) by extension 'ignore'
[0.284s] Level 1:colcon.colcon_core.package_identification:_identify(log) ignored
[0.284s] Level 1:colcon.colcon_core.package_identification:_identify(models) by extensions ['ignore', 'ignore_ament_install']
[0.284s] Level 1:colcon.colcon_core.package_identification:_identify(models) by extension 'ignore'
[0.284s] Level 1:colcon.colcon_core.package_identification:_identify(models) by extension 'ignore_ament_install'
[0.284s] Level 1:colcon.colcon_core.package_identification:_identify(models) by extensions ['colcon_pkg']
[0.284s] Level 1:colcon.colcon_core.package_identification:_identify(models) by extension 'colcon_pkg'
[0.284s] Level 1:colcon.colcon_core.package_identification:_identify(models) by extensions ['colcon_meta']
[0.284s] Level 1:colcon.colcon_core.package_identification:_identify(models) by extension 'colcon_meta'
[0.284s] Level 1:colcon.colcon_core.package_identification:_identify(models) by extensions ['ros']
[0.284s] Level 1:colcon.colcon_core.package_identification:_identify(models) by extension 'ros'
[0.284s] Level 1:colcon.colcon_core.package_identification:_identify(models) by extensions ['cmake', 'python']
[0.284s] Level 1:colcon.colcon_core.package_identification:_identify(models) by extension 'cmake'
[0.284s] Level 1:colcon.colcon_core.package_identification:_identify(models) by extension 'python'
[0.284s] Level 1:colcon.colcon_core.package_identification:_identify(models) by extensions ['python_setup_py']
[0.284s] Level 1:colcon.colcon_core.package_identification:_identify(models) by extension 'python_setup_py'
[0.284s] Level 1:colcon.colcon_core.package_identification:_identify(models/Moon_60S_30S) by extensions ['ignore', 'ignore_ament_install']
[0.285s] Level 1:colcon.colcon_core.package_identification:_identify(models/Moon_60S_30S) by extension 'ignore'
[0.285s] Level 1:colcon.colcon_core.package_identification:_identify(models/Moon_60S_30S) by extension 'ignore_ament_install'
[0.285s] Level 1:colcon.colcon_core.package_identification:_identify(models/Moon_60S_30S) by extensions ['colcon_pkg']
[0.285s] Level 1:colcon.colcon_core.package_identification:_identify(models/Moon_60S_30S) by extension 'colcon_pkg'
[0.285s] Level 1:colcon.colcon_core.package_identification:_identify(models/Moon_60S_30S) by extensions ['colcon_meta']
[0.285s] Level 1:colcon.colcon_core.package_identification:_identify(models/Moon_60S_30S) by extension 'colcon_meta'
[0.285s] Level 1:colcon.colcon_core.package_identification:_identify(models/Moon_60S_30S) by extensions ['ros']
[0.285s] Level 1:colcon.colcon_core.package_identification:_identify(models/Moon_60S_30S) by extension 'ros'
[0.285s] Level 1:colcon.colcon_core.package_identification:_identify(models/Moon_60S_30S) by extensions ['cmake', 'python']
[0.285s] Level 1:colcon.colcon_core.package_identification:_identify(models/Moon_60S_30S) by extension 'cmake'
[0.285s] Level 1:colcon.colcon_core.package_identification:_identify(models/Moon_60S_30S) by extension 'python'
[0.285s] Level 1:colcon.colcon_core.package_identification:_identify(models/Moon_60S_30S) by extensions ['python_setup_py']
[0.285s] Level 1:colcon.colcon_core.package_identification:_identify(models/Moon_60S_30S) by extension 'python_setup_py'
[0.285s] Level 1:colcon.colcon_core.package_identification:_identify(models/Moon_60S_30S/meshes) by extensions ['ignore', 'ignore_ament_install']
[0.285s] Level 1:colcon.colcon_core.package_identification:_identify(models/Moon_60S_30S/meshes) by extension 'ignore'
[0.285s] Level 1:colcon.colcon_core.package_identification:_identify(models/Moon_60S_30S/meshes) by extension 'ignore_ament_install'
[0.285s] Level 1:colcon.colcon_core.package_identification:_identify(models/Moon_60S_30S/meshes) by extensions ['colcon_pkg']
[0.286s] Level 1:colcon.colcon_core.package_identification:_identify(models/Moon_60S_30S/meshes) by extension 'colcon_pkg'
[0.286s] Level 1:colcon.colcon_core.package_identification:_identify(models/Moon_60S_30S/meshes) by extensions ['colcon_meta']
[0.286s] Level 1:colcon.colcon_core.package_identification:_identify(models/Moon_60S_30S/meshes) by extension 'colcon_meta'
[0.286s] Level 1:colcon.colcon_core.package_identification:_identify(models/Moon_60S_30S/meshes) by extensions ['ros']
[0.286s] Level 1:colcon.colcon_core.package_identification:_identify(models/Moon_60S_30S/meshes) by extension 'ros'
[0.286s] Level 1:colcon.colcon_core.package_identification:_identify(models/Moon_60S_30S/meshes) by extensions ['cmake', 'python']
[0.286s] Level 1:colcon.colcon_core.package_identification:_identify(models/Moon_60S_30S/meshes) by extension 'cmake'
[0.286s] Level 1:colcon.colcon_core.package_identification:_identify(models/Moon_60S_30S/meshes) by extension 'python'
[0.286s] Level 1:colcon.colcon_core.package_identification:_identify(models/Moon_60S_30S/meshes) by extensions ['python_setup_py']
[0.286s] Level 1:colcon.colcon_core.package_identification:_identify(models/Moon_60S_30S/meshes) by extension 'python_setup_py'
[0.286s] Level 1:colcon.colcon_core.package_identification:_identify(models/Moon_60S_30S/thumbnails) by extensions ['ignore', 'ignore_ament_install']
[0.286s] Level 1:colcon.colcon_core.package_identification:_identify(models/Moon_60S_30S/thumbnails) by extension 'ignore'
[0.286s] Level 1:colcon.colcon_core.package_identification:_identify(models/Moon_60S_30S/thumbnails) by extension 'ignore_ament_install'
[0.286s] Level 1:colcon.colcon_core.package_identification:_identify(models/Moon_60S_30S/thumbnails) by extensions ['colcon_pkg']
[0.286s] Level 1:colcon.colcon_core.package_identification:_identify(models/Moon_60S_30S/thumbnails) by extension 'colcon_pkg'
[0.286s] Level 1:colcon.colcon_core.package_identification:_identify(models/Moon_60S_30S/thumbnails) by extensions ['colcon_meta']
[0.286s] Level 1:colcon.colcon_core.package_identification:_identify(models/Moon_60S_30S/thumbnails) by extension 'colcon_meta'
[0.286s] Level 1:colcon.colcon_core.package_identification:_identify(models/Moon_60S_30S/thumbnails) by extensions ['ros']
[0.287s] Level 1:colcon.colcon_core.package_identification:_identify(models/Moon_60S_30S/thumbnails) by extension 'ros'
[0.287s] Level 1:colcon.colcon_core.package_identification:_identify(models/Moon_60S_30S/thumbnails) by extensions ['cmake', 'python']
[0.287s] Level 1:colcon.colcon_core.package_identification:_identify(models/Moon_60S_30S/thumbnails) by extension 'cmake'
[0.287s] Level 1:colcon.colcon_core.package_identification:_identify(models/Moon_60S_30S/thumbnails) by extension 'python'
[0.287s] Level 1:colcon.colcon_core.package_identification:_identify(models/Moon_60S_30S/thumbnails) by extensions ['python_setup_py']
[0.287s] Level 1:colcon.colcon_core.package_identification:_identify(models/Moon_60S_30S/thumbnails) by extension 'python_setup_py'
[0.287s] Level 1:colcon.colcon_core.package_identification:_identify(src) by extensions ['ignore', 'ignore_ament_install']
[0.287s] Level 1:colcon.colcon_core.package_identification:_identify(src) by extension 'ignore'
[0.287s] Level 1:colcon.colcon_core.package_identification:_identify(src) by extension 'ignore_ament_install'
[0.287s] Level 1:colcon.colcon_core.package_identification:_identify(src) by extensions ['colcon_pkg']
[0.287s] Level 1:colcon.colcon_core.package_identification:_identify(src) by extension 'colcon_pkg'
[0.287s] Level 1:colcon.colcon_core.package_identification:_identify(src) by extensions ['colcon_meta']
[0.287s] Level 1:colcon.colcon_core.package_identification:_identify(src) by extension 'colcon_meta'
[0.287s] Level 1:colcon.colcon_core.package_identification:_identify(src) by extensions ['ros']
[0.287s] Level 1:colcon.colcon_core.package_identification:_identify(src) by extension 'ros'
[0.287s] Level 1:colcon.colcon_core.package_identification:_identify(src) by extensions ['cmake', 'python']
[0.287s] Level 1:colcon.colcon_core.package_identification:_identify(src) by extension 'cmake'
[0.287s] Level 1:colcon.colcon_core.package_identification:_identify(src) by extension 'python'
[0.288s] Level 1:colcon.colcon_core.package_identification:_identify(src) by extensions ['python_setup_py']
[0.288s] Level 1:colcon.colcon_core.package_identification:_identify(src) by extension 'python_setup_py'
[0.288s] Level 1:colcon.colcon_core.package_identification:_identify(src/rover_description) by extensions ['ignore', 'ignore_ament_install']
[0.288s] Level 1:colcon.colcon_core.package_identification:_identify(src/rover_description) by extension 'ignore'
[0.288s] Level 1:colcon.colcon_core.package_identification:_identify(src/rover_description) by extension 'ignore_ament_install'
[0.288s] Level 1:colcon.colcon_core.package_identification:_identify(src/rover_description) by extensions ['colcon_pkg']
[0.288s] Level 1:colcon.colcon_core.package_identification:_identify(src/rover_description) by extension 'colcon_pkg'
[0.288s] Level 1:colcon.colcon_core.package_identification:_identify(src/rover_description) by extensions ['colcon_meta']
[0.288s] Level 1:colcon.colcon_core.package_identification:_identify(src/rover_description) by extension 'colcon_meta'
[0.288s] Level 1:colcon.colcon_core.package_identification:_identify(src/rover_description) by extensions ['ros']
[0.288s] Level 1:colcon.colcon_core.package_identification:_identify(src/rover_description) by extension 'ros'
[0.291s] DEBUG:colcon.colcon_core.package_identification:Package 'src/rover_description' with type 'ros.ament_cmake' and name 'rover_description'
[0.291s] Level 1:colcon.colcon_core.package_discovery:discover_packages(recursive) using defaults
[0.291s] Level 1:colcon.colcon_core.package_discovery:discover_packages(ignore) discover
[0.291s] Level 1:colcon.colcon_core.package_discovery:discover_packages(ignore) using defaults
[0.291s] Level 1:colcon.colcon_core.package_discovery:discover_packages(path) discover
[0.291s] Level 1:colcon.colcon_core.package_discovery:discover_packages(path) using defaults
[0.309s] Level 5:colcon.colcon_core.verb:set package 'PhotometricDatasetCalibration' build argument 'cmake_args' from command line to 'None'
[0.309s] Level 5:colcon.colcon_core.verb:set package 'PhotometricDatasetCalibration' build argument 'cmake_target' from command line to 'None'
[0.309s] Level 5:colcon.colcon_core.verb:set package 'PhotometricDatasetCalibration' build argument 'cmake_target_skip_unavailable' from command line to 'False'
[0.309s] Level 5:colcon.colcon_core.verb:set package 'PhotometricDatasetCalibration' build argument 'cmake_clean_cache' from command line to 'False'
[0.309s] Level 5:colcon.colcon_core.verb:set package 'PhotometricDatasetCalibration' build argument 'cmake_clean_first' from command line to 'False'
[0.309s] Level 5:colcon.colcon_core.verb:set package 'PhotometricDatasetCalibration' build argument 'cmake_force_configure' from command line to 'False'
[0.309s] Level 5:colcon.colcon_core.verb:set package 'PhotometricDatasetCalibration' build argument 'ament_cmake_args' from command line to 'None'
[0.309s] Level 5:colcon.colcon_core.verb:set package 'PhotometricDatasetCalibration' build argument 'catkin_cmake_args' from command line to 'None'
[0.309s] Level 5:colcon.colcon_core.verb:set package 'PhotometricDatasetCalibration' build argument 'catkin_skip_building_tests' from command line to 'False'
[0.309s] DEBUG:colcon.colcon_core.verb:Building package 'PhotometricDatasetCalibration' with the following arguments: {'ament_cmake_args': None, 'build_base': '/workspace/Rover/build/PhotometricDatasetCalibration', 'catkin_cmake_args': None, 'catkin_skip_building_tests': False, 'cmake_args': None, 'cmake_clean_cache': False, 'cmake_clean_first': False, 'cmake_force_configure': False, 'cmake_target': None, 'cmake_target_skip_unavailable': False, 'install_base': '/workspace/Rover/install/PhotometricDatasetCalibration', 'merge_install': False, 'path': '/workspace/Rover/VSLAM/VSLAM-LAB/Datasets/extra-files', 'symlink_install': True, 'test_result_base': None}
[0.309s] Level 5:colcon.colcon_core.verb:set package 'rover_description' build argument 'cmake_args' from command line to 'None'
[0.309s] Level 5:colcon.colcon_core.verb:set package 'rover_description' build argument 'cmake_target' from command line to 'None'
[0.310s] Level 5:colcon.colcon_core.verb:set package 'rover_description' build argument 'cmake_target_skip_unavailable' from command line to 'False'
[0.310s] Level 5:colcon.colcon_core.verb:set package 'rover_description' build argument 'cmake_clean_cache' from command line to 'False'
[0.310s] Level 5:colcon.colcon_core.verb:set package 'rover_description' build argument 'cmake_clean_first' from command line to 'False'
[0.310s] Level 5:colcon.colcon_core.verb:set package 'rover_description' build argument 'cmake_force_configure' from command line to 'False'
[0.310s] Level 5:colcon.colcon_core.verb:set package 'rover_description' build argument 'ament_cmake_args' from command line to 'None'
[0.310s] Level 5:colcon.colcon_core.verb:set package 'rover_description' build argument 'catkin_cmake_args' from command line to 'None'
[0.310s] Level 5:colcon.colcon_core.verb:set package 'rover_description' build argument 'catkin_skip_building_tests' from command line to 'False'
[0.310s] DEBUG:colcon.colcon_core.verb:Building package 'rover_description' with the following arguments: {'ament_cmake_args': None, 'build_base': '/workspace/Rover/build/rover_description', 'catkin_cmake_args': None, 'catkin_skip_building_tests': False, 'cmake_args': None, 'cmake_clean_cache': False, 'cmake_clean_first': False, 'cmake_force_configure': False, 'cmake_target': None, 'cmake_target_skip_unavailable': False, 'install_base': '/workspace/Rover/install/rover_description', 'merge_install': False, 'path': '/workspace/Rover/src/rover_description', 'symlink_install': True, 'test_result_base': None}
[0.310s] INFO:colcon.colcon_core.executor:Executing jobs using 'parallel' executor
[0.311s] DEBUG:colcon.colcon_parallel_executor.executor.parallel:run_until_complete
[0.311s] INFO:colcon.colcon_cmake.task.cmake.build:Building CMake package in '/workspace/Rover/VSLAM/VSLAM-LAB/Datasets/extra-files'
[0.313s] INFO:colcon.colcon_core.plugin_system:Skipping extension 'colcon_core.shell.bat': Not used on non-Windows systems
[0.313s] INFO:colcon.colcon_core.shell:Skip shell extension 'powershell' for command environment: Not usable outside of PowerShell
[0.313s] DEBUG:colcon.colcon_core.shell:Skip shell extension 'dsv' for command environment
[0.317s] INFO:colcon.colcon_ros.task.ament_cmake.build:Building ROS package in '/workspace/Rover/src/rover_description' with build type 'ament_cmake'
[0.317s] INFO:colcon.colcon_cmake.task.cmake.build:Building CMake package in '/workspace/Rover/src/rover_description'
[0.318s] INFO:colcon.colcon_core.shell:Skip shell extension 'powershell' for command environment: Not usable outside of PowerShell
[0.318s] DEBUG:colcon.colcon_core.shell:Skip shell extension 'dsv' for command environment
[0.324s] DEBUG:colcon.colcon_core.event_handler.log_command:Invoking command in '/workspace/Rover/build/PhotometricDatasetCalibration': /usr/bin/cmake /workspace/Rover/VSLAM/VSLAM-LAB/Datasets/extra-files -DCMAKE_INSTALL_PREFIX=/workspace/Rover/install/PhotometricDatasetCalibration
[0.327s] DEBUG:colcon.colcon_core.event_handler.log_command:Invoking command in '/workspace/Rover/build/rover_description': CMAKE_PREFIX_PATH=/opt/ros/humble /usr/bin/cmake --build /workspace/Rover/build/rover_description -- -j12 -l12
[0.343s] DEBUG:colcon.colcon_core.event_handler.log_command:Invoked command in '/workspace/Rover/build/PhotometricDatasetCalibration' returned '1': /usr/bin/cmake /workspace/Rover/VSLAM/VSLAM-LAB/Datasets/extra-files -DCMAKE_INSTALL_PREFIX=/workspace/Rover/install/PhotometricDatasetCalibration
[0.368s] DEBUG:colcon.colcon_parallel_executor.executor.parallel:closing loop
[0.369s] DEBUG:colcon.colcon_parallel_executor.executor.parallel:loop closed
[0.369s] DEBUG:colcon.colcon_parallel_executor.executor.parallel:run_until_complete finished with '1'
[0.369s] DEBUG:colcon.colcon_core.event_reactor:joining thread
[0.374s] INFO:colcon.colcon_core.plugin_system:Skipping extension 'colcon_notification.desktop_notification.notify_send': Could not find 'notify-send'
[0.375s] INFO:colcon.colcon_core.plugin_system:Skipping extension 'colcon_notification.desktop_notification.terminal_notifier': Not used on non-Darwin systems
[0.375s] INFO:colcon.colcon_core.plugin_system:Skipping extension 'colcon_notification.desktop_notification.win32': Not used on non-Windows systems
[0.375s] INFO:colcon.colcon_notification.desktop_notification:Sending desktop notification using 'notify2'
[0.377s] DEBUG:colcon.colcon_notification.desktop_notification.notify2:Failed to initialize notify2: org.freedesktop.DBus.Error.Spawn.ExecFailed: /usr/bin/dbus-launch terminated abnormally without any error message
[0.377s] DEBUG:colcon.colcon_core.event_reactor:joined thread
[0.378s] INFO:colcon.colcon_core.shell:Creating prefix script '/workspace/Rover/install/local_setup.ps1'
[0.379s] INFO:colcon.colcon_core.shell:Creating prefix util module '/workspace/Rover/install/_local_setup_util_ps1.py'
[0.381s] INFO:colcon.colcon_core.shell:Creating prefix chain script '/workspace/Rover/install/setup.ps1'
[0.382s] INFO:colcon.colcon_core.shell:Creating prefix script '/workspace/Rover/install/local_setup.sh'
[0.382s] INFO:colcon.colcon_core.shell:Creating prefix util module '/workspace/Rover/install/_local_setup_util_sh.py'
[0.383s] INFO:colcon.colcon_core.shell:Creating prefix chain script '/workspace/Rover/install/setup.sh'
[0.384s] INFO:colcon.colcon_core.shell:Creating prefix script '/workspace/Rover/install/local_setup.bash'
[0.384s] INFO:colcon.colcon_core.shell:Creating prefix chain script '/workspace/Rover/install/setup.bash'
[0.385s] INFO:colcon.colcon_core.shell:Creating prefix script '/workspace/Rover/install/local_setup.zsh'
[0.385s] INFO:colcon.colcon_core.shell:Creating prefix chain script '/workspace/Rover/install/setup.zsh'
